Component: ARM Compiler 5.06 update 7 (build 960) Tool: armlink [4d3601]

==============================================================================

Section Cross References

    crt_chassis.o(i._ZN13Class_Chassis15Output_To_MotorEv) refers to alg_pid.o(i._ZN9Class_PID18Set_Integral_ErrorEf) for Class_PID::Set_Integral_Error(float)
    crt_chassis.o(i._ZN13Class_Chassis15Output_To_MotorEv) refers to alg_pid.o(i._ZN9Class_PID7Set_NowEf) for Class_PID::Set_Now(float)
    crt_chassis.o(i._ZN13Class_Chassis15Output_To_MotorEv) refers to crt_chassis.o(t._Z8Math_AbsIfET_S0_) for T1 Math_Abs<float>(T1)
    crt_chassis.o(i._ZN13Class_Chassis15Output_To_MotorEv) refers to dvc_motor_dji.o(i._ZN20Class_Motor_DJI_C61035TIM_Calculate_PeriodElapsedCallbackEv) for Class_Motor_DJI_C610::TIM_Calculate_PeriodElapsedCallback()
    crt_chassis.o(i._ZN13Class_Chassis15Output_To_MotorEv) refers to drv_can.o(i._Z15FDCAN_Send_DataP19FDCAN_HandleTypeDefjPh18Enum_FDCAN_ID_Typeh) for FDCAN_Send_Data(FDCAN_HandleTypeDef*, unsigned, unsigned char*, Enum_FDCAN_ID_Type, unsigned char)
    crt_chassis.o(i._ZN13Class_Chassis15Output_To_MotorEv) refers to dvc_motor_mksesc.o(i._ZN18Class_Motor_MKSESC30TIM_Send_PeriodElapsedCallbackEv) for Class_Motor_MKSESC::TIM_Send_PeriodElapsedCallback()
    crt_chassis.o(i._ZN13Class_Chassis15Output_To_MotorEv) refers to drv_can.o(.data) for FDCAN1_0x200_Tx_Data
    crt_chassis.o(i._ZN13Class_Chassis15Output_To_MotorEv) refers to fdcan.o(.bss) for hfdcan1
    crt_chassis.o(i._ZN13Class_Chassis15Self_ResolutionEv) refers to arm_cos_f32.o(.text.arm_cos_f32) for arm_cos_f32
    crt_chassis.o(i._ZN13Class_Chassis15Self_ResolutionEv) refers to arm_sin_f32.o(.text.arm_sin_f32) for arm_sin_f32
    crt_chassis.o(i._ZN13Class_Chassis15Self_ResolutionEv) refers to crt_chassis.o(i._ZN13Class_Chassis27Steer_Angle_Self_ResolutionEv) for Class_Chassis::Steer_Angle_Self_Resolution()
    crt_chassis.o(i._ZN13Class_Chassis15Self_ResolutionEv) refers to crt_chassis.o(.constdata) for .constdata
    crt_chassis.o(i._ZN13Class_Chassis18Output_To_DynamicsEv) refers to alg_pid.o(i._ZN9Class_PID10Set_TargetEf) for Class_PID::Set_Target(float)
    crt_chassis.o(i._ZN13Class_Chassis18Output_To_DynamicsEv) refers to alg_pid.o(i._ZN9Class_PID7Set_NowEf) for Class_PID::Set_Now(float)
    crt_chassis.o(i._ZN13Class_Chassis18Output_To_DynamicsEv) refers to alg_pid.o(i._ZN9Class_PID35TIM_Calculate_PeriodElapsedCallbackEv) for Class_PID::TIM_Calculate_PeriodElapsedCallback()
    crt_chassis.o(i._ZN13Class_Chassis18Output_To_DynamicsEv) refers to alg_pid.o(i._ZN9Class_PID18Set_Integral_ErrorEf) for Class_PID::Set_Integral_Error(float)
    crt_chassis.o(i._ZN13Class_Chassis27Dynamics_Inverse_ResolutionEv) refers to alg_pid.o(i._ZN9Class_PID7Get_OutEv) for Class_PID::Get_Out()
    crt_chassis.o(i._ZN13Class_Chassis27Dynamics_Inverse_ResolutionEv) refers to arm_cos_f32.o(.text.arm_cos_f32) for arm_cos_f32
    crt_chassis.o(i._ZN13Class_Chassis27Dynamics_Inverse_ResolutionEv) refers to arm_sin_f32.o(.text.arm_sin_f32) for arm_sin_f32
    crt_chassis.o(i._ZN13Class_Chassis27Dynamics_Inverse_ResolutionEv) refers to crt_chassis.o(t._Z8Math_AbsIfET_S0_) for T1 Math_Abs<float>(T1)
    crt_chassis.o(i._ZN13Class_Chassis27Dynamics_Inverse_ResolutionEv) refers to crt_chassis.o(.constdata) for .constdata
    crt_chassis.o(i._ZN13Class_Chassis27Steer_Angle_Self_ResolutionEv) refers to crt_chassis.o(i._ZSt4fmodff) for std::fmod(float, float)
    crt_chassis.o(i._ZN13Class_Chassis27Steer_Angle_Self_ResolutionEv) refers to crt_chassis.o(t._Z26Math_Modulus_NormalizationIfET_S0_S0_) for T1 Math_Modulus_Normalization<float>(T1, T1)
    crt_chassis.o(i._ZN13Class_Chassis29Kinematics_Inverse_ResolutionEv) refers to arm_sin_f32.o(.text.arm_sin_f32) for arm_sin_f32
    crt_chassis.o(i._ZN13Class_Chassis29Kinematics_Inverse_ResolutionEv) refers to arm_cos_f32.o(.text.arm_cos_f32) for arm_cos_f32
    crt_chassis.o(i._ZN13Class_Chassis29Kinematics_Inverse_ResolutionEv) refers to atan2f.o(i.__hardfp_atan2f) for __hardfp_atan2f
    crt_chassis.o(i._ZN13Class_Chassis29Kinematics_Inverse_ResolutionEv) refers to crt_chassis.o(i._ZN13Class_Chassis45_Steer_Motor_Kinematics_Nearest_TranspositionEv) for Class_Chassis::_Steer_Motor_Kinematics_Nearest_Transposition()
    crt_chassis.o(i._ZN13Class_Chassis29Kinematics_Inverse_ResolutionEv) refers to crt_chassis.o(.constdata) for .constdata
    crt_chassis.o(i._ZN13Class_Chassis37TIM_100ms_Alive_PeriodElapsedCallbackEv) refers to dvc_motor_dji.o(i._ZN20Class_Motor_DJI_C61037TIM_100ms_Alive_PeriodElapsedCallbackEv) for Class_Motor_DJI_C610::TIM_100ms_Alive_PeriodElapsedCallback()
    crt_chassis.o(i._ZN13Class_Chassis37TIM_100ms_Alive_PeriodElapsedCallbackEv) refers to dvc_motor_mksesc.o(i._ZN18Class_Motor_MKSESC37TIM_100ms_Alive_PeriodElapsedCallbackEv) for Class_Motor_MKSESC::TIM_100ms_Alive_PeriodElapsedCallback()
[...]
    HAL_TIM_PWM_Init                         0x08004bad   Thumb Code    78  stm32h7xx_hal_tim.o(i.HAL_TIM_PWM_Init)
    HAL_TIM_PWM_MspInit                      0x08004bfd   Thumb Code    54  tim.o(i.HAL_TIM_PWM_MspInit)
    HAL_TIM_PWM_PulseFinishedCallback        0x08004c41   Thumb Code     2  stm32h7xx_hal_tim.o(i.HAL_TIM_PWM_PulseFinishedCallback)
    HAL_TIM_PWM_Start                        0x08004c45   Thumb Code   266  stm32h7xx_hal_tim.o(i.HAL_TIM_PWM_Start)
    HAL_TIM_PeriodElapsedCallback            0x08004d81   Thumb Code   300  drv_tim.o(i.HAL_TIM_PeriodElapsedCallback)
    HAL_TIM_TriggerCallback                  0x08004ef1   Thumb Code     2  stm32h7xx_hal_tim.o(i.HAL_TIM_TriggerCallback)
    HAL_UARTEx_DisableFifoMode               0x08004ef3   Thumb Code    62  stm32h7xx_hal_uart_ex.o(i.HAL_UARTEx_DisableFifoMode)
    HAL_UARTEx_ReceiveToIdle_DMA             0x08004f31   Thumb Code    82  stm32h7xx_hal_uart_ex.o(i.HAL_UARTEx_ReceiveToIdle_DMA)
    HAL_UARTEx_RxEventCallback               0x08004f85   Thumb Code   388  drv_uart.o(i.HAL_UARTEx_RxEventCallback)
    HAL_UARTEx_RxFifoFullCallback            0x08005159   Thumb Code     2  stm32h7xx_hal_uart_ex.o(i.HAL_UARTEx_RxFifoFullCallback)
    HAL_UARTEx_SetRxFifoThreshold            0x0800515b   Thumb Code    76  stm32h7xx_hal_uart_ex.o(i.HAL_UARTEx_SetRxFifoThreshold)
    HAL_UARTEx_SetTxFifoThreshold            0x080051a7   Thumb Code    76  stm32h7xx_hal_uart_ex.o(i.HAL_UARTEx_SetTxFifoThreshold)
    HAL_UARTEx_TxFifoEmptyCallback           0x080051f3   Thumb Code     2  stm32h7xx_hal_uart_ex.o(i.HAL_UARTEx_TxFifoEmptyCallback)
    HAL_UARTEx_WakeupCallback                0x080051f5   Thumb Code     2  stm32h7xx_hal_uart_ex.o(i.HAL_UARTEx_WakeupCallback)
    HAL_UART_ErrorCallback                   0x080051f7   Thumb Code     2  stm32h7xx_hal_uart.o(i.HAL_UART_ErrorCallback)
    HAL_UART_IRQHandler                      0x080051f9   Thumb Code   894  stm32h7xx_hal_uart.o(i.HAL_UART_IRQHandler)
    HAL_UART_Init                            0x0800558d   Thumb Code   112  stm32h7xx_hal_uart.o(i.HAL_UART_Init)
    HAL_UART_MspInit                         0x080055fd   Thumb Code   688  usart.o(i.HAL_UART_MspInit)
    HAL_UART_RxCpltCallback                  0x080058dd   Thumb Code     2  stm32h7xx_hal_uart.o(i.HAL_UART_RxCpltCallback)
    HAL_UART_RxHalfCpltCallback              0x080058df   Thumb Code     2  stm32h7xx_hal_uart.o(i.HAL_UART_RxHalfCpltCallback)
    HAL_UART_TxCpltCallback                  0x080058e1   Thumb Code     2  stm32h7xx_hal_uart.o(i.HAL_UART_TxCpltCallback)
    HardFault_Handler                        0x080058e3   Thumb Code     2  stm32h7xx_it.o(i.HardFault_Handler)
    MX_DMA_Init                              0x080058e5   Thumb Code   120  dma.o(i.MX_DMA_Init)
    MX_FDCAN1_Init                           0x08005961   Thumb Code   100  fdcan.o(i.MX_FDCAN1_Init)
    MX_FDCAN2_Init                           0x080059cd   Thumb Code   100  fdcan.o(i.MX_FDCAN2_Init)
    MX_FDCAN3_Init                           0x08005a39   Thumb Code   100  fdcan.o(i.MX_FDCAN3_Init)
    MX_GPIO_Init                             0x08005aa5   Thumb Code   236  gpio.o(i.MX_GPIO_Init)
    MX_TIM12_Init                            0x08005b9d   Thumb Code   108  tim.o(i.MX_TIM12_Init)
    MX_TIM3_Init                             0x08005c11   Thumb Code   104  tim.o(i.MX_TIM3_Init)
    MX_TIM4_Init                             0x08005c81   Thumb Code    94  tim.o(i.MX_TIM4_Init)
    MX_TIM5_Init                             0x08005ce9   Thumb Code    96  tim.o(i.MX_TIM5_Init)
    MX_UART5_Init                            0x08005d51   Thumb Code   100  usart.o(i.MX_UART5_Init)
    MX_USART10_UART_Init                     0x08005dc1   Thumb Code    94  usart.o(i.MX_USART10_UART_Init)
    MX_USART1_UART_Init                      0x08005e29   Thumb Code    94  usart.o(i.MX_USART1_UART_Init)
    MemManage_Handler                        0x08005e91   Thumb Code     2  stm32h7xx_it.o(i.MemManage_Handler)
    NMI_Handler                              0x08005e93   Thumb Code     2  stm32h7xx_it.o(i.NMI_Handler)
    PendSV_Handler                           0x08005e95   Thumb Code     2  stm32h7xx_it.o(i.PendSV_Handler)
    SVC_Handler                              0x08005e97   Thumb Code     2  stm32h7xx_it.o(i.SVC_Handler)
    SysTick_Handler                          0x08005e99   Thumb Code     4  stm32h7xx_it.o(i.SysTick_Handler)
    SystemInit                               0x08005e9d   Thumb Code   158  system_stm32h7xx.o(i.SystemInit)
    TIM4_IRQHandler                          0x08005f5d   Thumb Code     6  stm32h7xx_it.o(i.TIM4_IRQHandler)
    TIM5_IRQHandler                          0x08005f69   Thumb Code     6  stm32h7xx_it.o(i.TIM5_IRQHandler)
    TIM_Base_SetConfig                       0x08005f75   Thumb Code   186  stm32h7xx_hal_tim.o(i.TIM_Base_SetConfig)
    TIM_CCxChannelCmd                        0x08006059   Thumb Code    26  stm32h7xx_hal_tim.o(i.TIM_CCxChannelCmd)
    TIM_ETR_SetConfig                        0x08006073   Thumb Code    20  stm32h7xx_hal_tim.o(i.TIM_ETR_SetConfig)
    TIM_OC2_SetConfig                        0x08006089   Thumb Code   124  stm32h7xx_hal_tim.o(i.TIM_OC2_SetConfig)
    Task_Init                                0x0800611d   Thumb Code   138  tsk_config_and_callback.o(i.Task_Init)
    Task_Loop                                0x080061f5   Thumb Code     2  tsk_config_and_callback.o(i.Task_Loop)
    UART5_IRQHandler                         0x080061f9   Thumb Code     6  stm32h7xx_it.o(i.UART5_IRQHandler)
    UART_AdvFeatureConfig                    0x08006205   Thumb Code   200  stm32h7xx_hal_uart.o(i.UART_AdvFeatureConfig)
    UART_CheckIdleState                      0x080062cd   Thumb Code   170  stm32h7xx_hal_uart.o(i.UART_CheckIdleState)
    UART_SetConfig                           0x08006379   Thumb Code  1326  stm32h7xx_hal_uart.o(i.UART_SetConfig)
    UART_Start_Receive_DMA                   0x080068a9   Thumb Code   152  stm32h7xx_hal_uart.o(i.UART_Start_Receive_DMA)
    UART_WaitOnFlagUntilTimeout              0x0800694d   Thumb Code   152  stm32h7xx_hal_uart.o(i.UART_WaitOnFlagUntilTimeout)
    USART10_IRQHandler                       0x080069e5   Thumb Code     6  stm32h7xx_it.o(i.USART10_IRQHandler)
    USART1_IRQHandler                        0x080069f1   Thumb Code     6  stm32h7xx_it.o(i.USART1_IRQHandler)
    UsageFault_Handler                       0x080069fd   Thumb Code     2  stm32h7xx_it.o(i.UsageFault_Handler)
    DWT_Update()                             0x08006a01   Thumb Code   104  dvc_dwt.o(i._Z10DWT_Updatev)
    FDCAN_Init(FDCAN_HandleTypeDef*, void(*)(Struct_FDCAN_Rx_Buffer*)) 0x08006a79   Thumb Code   132  drv_can.o(i._Z10FDCAN_InitP19FDCAN_HandleTypeDefPFvP22Struct_FDCAN_Rx_BufferE)
    BSP_Set_DC5(Enum_BSP_DC5_Status)         0x08006b0d   Thumb Code    12  drv_bsp.o(i._Z11BSP_Set_DC519Enum_BSP_DC5_Status)
    BSP_Set_DC24_L(Enum_BSP_DC24_Status)     0x08006b1d   Thumb Code    12  drv_bsp.o(i._Z14BSP_Set_DC24_L20Enum_BSP_DC24_Status)
    BSP_Set_DC24_R(Enum_BSP_DC24_Status)     0x08006b2d   Thumb Code    12  drv_bsp.o(i._Z14BSP_Set_DC24_R20Enum_BSP_DC24_Status)
    GPIO_EXTI_Init(unsigned short, void(*)()) 0x08006b3d   Thumb Code   236  drv_gpio_exti.o(i._Z14GPIO_EXTI_InittPFvvE)
    FDCAN_Send_Data(FDCAN_HandleTypeDef*, unsigned, unsigned char*, Enum_FDCAN_ID_Type, unsigned char) 0x08006c2d   Thumb Code   116  drv_can.o(i._Z15FDCAN_Send_DataP19FDCAN_HandleTypeDefjPh18Enum_FDCAN_ID_Typeh)
    allocate_tx_data(FDCAN_HandleTypeDef*, Enum_Motor_DJI_ID, Enum_Motor_DJI_GM6020_Driver_Version) 0x08006ca1   Thumb Code   458  dvc_motor_dji.o(i._Z16allocate_tx_dataP19FDCAN_HandleTypeDef17Enum_Motor_DJI_ID36Enum_Motor_DJI_GM6020_Driver_Version)
    Math_Int_To_Float(int, int, int, float, float) 0x08006eb5   Thumb Code    34  drv_math.o(i._Z17Math_Int_To_Floatiiiff)
    BSP_Set_PWM_Buzzer(float)                0x08006ed9   Thumb Code    24  drv_bsp.o(i._Z18BSP_Set_PWM_Buzzerf)
    SystemClock_Config()                     0x08006ef9   Thumb Code   146  main.o(i._Z18SystemClock_Configv)
    DR16_UART5_Callback(unsigned char*, unsigned short) 0x08006f91   Thumb Code    20  tsk_config_and_callback.o(i._Z19DR16_UART5_CallbackPht)
    DWT_GetCurrentTimeMs()                   0x08006fa9   Thumb Code    12  dvc_dwt.o(i._Z20DWT_GetCurrentTimeMsv)
    GPIO_EXTI10_Callback()                   0x08006fb9   Thumb Code     6  tsk_config_and_callback.o(i._Z20GPIO_EXTI10_Callbackv)
    GPIO_EXTI11_Callback()                   0x08006fc5   Thumb Code     6  tsk_config_and_callback.o(i._Z20GPIO_EXTI11_Callbackv)
    GPIO_EXTI12_Callback()                   0x08006fd1   Thumb Code     6  tsk_config_and_callback.o(i._Z20GPIO_EXTI12_Callbackv)
    GPIO_EXTI14_Callback()                   0x08006fdd   Thumb Code     6  tsk_config_and_callback.o(i._Z20GPIO_EXTI14_Callbackv)
    Task1ms_TIM5_Callback()                  0x08006fe9   Thumb Code    58  tsk_config_and_callback.o(i._Z21Task1ms_TIM5_Callbackv)
    BSP_Set_PWM_IMU_Heater(float)            0x08007031   Thumb Code    24  drv_bsp.o(i._Z22BSP_Set_PWM_IMU_Heaterf)
    Device_FDCAN1_Callback(Struct_FDCAN_Rx_Buffer*) 0x08007051   Thumb Code    48  tsk_config_and_callback.o(i._Z22Device_FDCAN1_CallbackP22Struct_FDCAN_Rx_Buffer)
    Device_FDCAN2_Callback(Struct_FDCAN_Rx_Buffer*) 0x08007091   Thumb Code   152  tsk_config_and_callback.o(i._Z22Device_FDCAN2_CallbackP22Struct_FDCAN_Rx_Buffer)
    Math_Endian_Reverse_16(void*, void*)     0x08007131   Thumb Code    22  drv_math.o(i._Z22Math_Endian_Reverse_16PvS_)
    Math_Endian_Reverse_32(void*, void*)     0x08007147   Thumb Code    44  drv_math.o(i._Z22Math_Endian_Reverse_32PvS_)
    Task100us_TIM4_Callback()                0x08007175   Thumb Code    56  tsk_config_and_callback.o(i._Z23Task100us_TIM4_Callbackv)
    FDCAN_Filter_Mask_Config(FDCAN_HandleTypeDef*, unsigned char, unsigned, unsigned) 0x080071b9   Thumb Code   124  drv_can.o(i._Z24FDCAN_Filter_Mask_ConfigP19FDCAN_HandleTypeDefhjj)
    BSP_Init(unsigned, float, float)         0x08007235   Thumb Code    80  drv_bsp.o(i._Z8BSP_Initjff)
    DWT_Init()                               0x0800728d   Thumb Code    38  dvc_dwt.o(i._Z8DWT_Initv)
    TIM_Init(TIM_HandleTypeDef*, void(*)())  0x080072c1   Thumb Code   256  drv_tim.o(i._Z8TIM_InitP17TIM_HandleTypeDefPFvvE)
    UART_Init(__UART_HandleTypeDef*, void(*)(unsigned char*, unsigned short), unsigned short) 0x08007401   Thumb Code   288  drv_uart.o(i._Z9UART_InitP20__UART_HandleTypeDefPFvPhtEt)
    Class_DR16::Judge_Switch(Enum_DR16_Switch_Status*, unsigned char, unsigned char) 0x08007571   Thumb Code   100  dvc_dr16.o(i._ZN10Class_DR1612Judge_SwitchEP23Enum_DR16_Switch_Statushh)
    Class_DR16::Judge_Updata(Struct_DR16_UART_Data, Struct_DR16_UART_Data) 0x080075d5   Thumb Code   100  dvc_dr16.o(i._ZN10Class_DR1612Judge_UpdataE21Struct_DR16_UART_DataS0_)
    Class_DR16::DR16_Data_Process()          0x08007639   Thumb Code   430  dvc_dr16.o(i._ZN10Class_DR1617DR16_Data_ProcessEv)
    Class_DR16::DR16_UART_RxCpltCallback(unsigned char*) 0x080077ed   Thumb Code    36  dvc_dr16.o(i._ZN10Class_DR1624DR16_UART_RxCpltCallbackEPh)
    Class_DR16::TIM1msMod50_Alive_PeriodElapsedCallback() 0x08007811   Thumb Code    74  dvc_dr16.o(i._ZN10Class_DR1639TIM1msMod50_Alive_PeriodElapsedCallbackEv)
    Class_DR16::Init(__UART_HandleTypeDef*)  0x0800785d   Thumb Code    74  dvc_dr16.o(i._ZN10Class_DR164InitEP20__UART_HandleTypeDef)
    Class_DR16::Judge_Key(Enum_DR16_Key_Status*, unsigned char, unsigned char) 0x080078d9   Thumb Code    44  dvc_dr16.o(i._ZN10Class_DR169Judge_KeyEP20Enum_DR16_Key_Statushh)
    Class_Chariot::_Chassis_Control()        0x08007905   Thumb Code   292  ita_robot.o(i._ZN13Class_Chariot16_Chassis_ControlEv)
    Class_Chariot::TIM_Control_Callback()    0x08007a31   Thumb Code    20  ita_robot.o(i._ZN13Class_Chariot20TIM_Control_CallbackEv)
    Class_Chariot::Judge_Active_Controller() 0x08007a45   Thumb Code    34  ita_robot.o(i._ZN13Class_Chariot23Judge_Active_ControllerEv)
    Class_Chariot::Judge_DR16_Control_Type() 0x08007a67   Thumb Code   168  ita_robot.o(i._ZN13Class_Chariot23Judge_DR16_Control_TypeEv)
    Class_Chariot::TIM_100ms_Alive_PeriodElapsedCallback() 0x08007b0f   Thumb Code    22  ita_robot.o(i._ZN13Class_Chariot37TIM_100ms_Alive_PeriodElapsedCallbackEv)
    Class_Chariot::TIM_2ms_Calculate_PeriodElapsedCallback() 0x08007b25   Thumb Code     6  ita_robot.o(i._ZN13Class_Chariot39TIM_2ms_Calculate_PeriodElapsedCallbackEv)
    Class_Chariot::Init(float)               0x08007b2d   Thumb Code    54  ita_robot.o(i._ZN13Class_Chariot4InitEf)
    Class_Chassis::Output_To_Motor()         0x08007b69   Thumb Code   384  crt_chassis.o(i._ZN13Class_Chassis15Output_To_MotorEv)
    Class_Chassis::Self_Resolution()         0x08007cf5   Thumb Code   200  crt_chassis.o(i._ZN13Class_Chassis15Self_ResolutionEv)
    Class_Chassis::Steer_Angle_Set(unsigned char) 0x08007dcd   Thumb Code   100  crt_chassis.o(i._ZN13Class_Chassis15Steer_Angle_SetEh)
    Class_Chassis::Output_To_Dynamics()      0x08007e31   Thumb Code   174  crt_chassis.o(i._ZN13Class_Chassis18Output_To_DynamicsEv)
    Class_Chassis::Dynamics_Inverse_Resolution() 0x08007ee5   Thumb Code   392  crt_chassis.o(i._ZN13Class_Chassis27Dynamics_Inverse_ResolutionEv)
    Class_Chassis::Steer_Angle_Self_Resolution() 0x08008079   Thumb Code   102  crt_chassis.o(i._ZN13Class_Chassis27Steer_Angle_Self_ResolutionEv)
    Class_Chassis::Kinematics_Inverse_Resolution() 0x080080ed   Thumb Code   200  crt_chassis.o(i._ZN13Class_Chassis29Kinematics_Inverse_ResolutionEv)
    Class_Chassis::TIM_100ms_Alive_PeriodElapsedCallback() 0x080081c1   Thumb Code    46  crt_chassis.o(i._ZN13Class_Chassis37TIM_100ms_Alive_PeriodElapsedCallbackEv)
    Class_Chassis::TIM_2ms_Control_PeriodElapsedCallback() 0x080081ef   Thumb Code    38  crt_chassis.o(i._ZN13Class_Chassis37TIM_2ms_Control_PeriodElapsedCallbackEv)
    Class_Chassis::_Steer_Motor_Kinematics_Nearest_Transposition() 0x08008215   Thumb Code   132  crt_chassis.o(i._ZN13Class_Chassis45_Steer_Motor_Kinematics_Nearest_TranspositionEv)
    Class_Chassis::Init(float, float, float) 0x080082a9   Thumb Code   958  crt_chassis.o(i._ZN13Class_Chassis4InitEfff)
    Class_Chassis::Class_Chassis()           0x080086a1   Thumb Code   238  tsk_config_and_callback.o(i._ZN13Class_ChassisC1Ev)
    Class_Chassis::Class_Chassis__sub_object() 0x080086a1   Thumb Code     0  tsk_config_and_callback.o(i._ZN13Class_ChassisC1Ev)
    Class_PMT45_Steer::Init_Steer(GPIO_TypeDef*, unsigned short, unsigned char) 0x080087ad   Thumb Code     6  crt_chassis.o(i._ZN17Class_PMT45_Steer10Init_SteerEP12GPIO_TypeDefth)
    Class_PMT45_Steer::PMT45_EXTI_Callback_Steer() 0x080087b3   Thumb Code    78  crt_chassis.o(i._ZN17Class_PMT45_Steer25PMT45_EXTI_Callback_SteerEv)
    Class_PMT45_Steer::Class_PMT45_Steer()   0x08008801   Thumb Code    24  tsk_config_and_callback.o(i._ZN17Class_PMT45_SteerC1Ev)
    Class_PMT45_Steer::Class_PMT45_Steer__sub_object() 0x08008801   Thumb Code     0  tsk_config_and_callback.o(i._ZN17Class_PMT45_SteerC1Ev)
    Class_Weapon_Grab::Is_Init_Finished()    0x08008819   Thumb Code     4  crt_weapons.o(i._ZN17Class_Weapon_Grab16Is_Init_FinishedEv)
    Class_Weapon_Grab::Weapon_Grab_Init()    0x0800881d   Thumb Code    26  crt_weapons.o(i._ZN17Class_Weapon_Grab16Weapon_Grab_InitEv)
    Class_Weapon_Grab::TIM_Alive_PeriodElapsedCallback() 0x08008837   Thumb Code    30  crt_weapons.o(i._ZN17Class_Weapon_Grab31TIM_Alive_PeriodElapsedCallbackEv)
    Class_Weapon_Grab::TIM_Weapon_Grab_PeriodElapsedCallback() 0x08008855   Thumb Code     8  crt_weapons.o(i._ZN17Class_Weapon_Grab37TIM_Weapon_Grab_PeriodElapsedCallbackEv)
    Class_Weapon_Grab::Init()                0x0800885d   Thumb Code   172  crt_weapons.o(i._ZN17Class_Weapon_Grab4InitEv)
    Class_Motor_MKSESC::Data_Process()       0x0800891d   Thumb Code   184  dvc_motor_mksesc.o(i._ZN18Class_Motor_MKSESC12Data_ProcessEv)
    Class_Motor_MKSESC::FDCAN_RxCpltCallback(unsigned char*) 0x080089e5   Thumb Code    10  dvc_motor_mksesc.o(i._ZN18Class_Motor_MKSESC20FDCAN_RxCpltCallbackEPh)
    Class_Motor_MKSESC::TIM_Send_PeriodElapsedCallback() 0x080089ef   Thumb Code    88  dvc_motor_mksesc.o(i._ZN18Class_Motor_MKSESC30TIM_Send_PeriodElapsedCallbackEv)
    Class_Motor_MKSESC::TIM_100ms_Alive_PeriodElapsedCallback() 0x08008a47   Thumb Code    26  dvc_motor_mksesc.o(i._ZN18Class_Motor_MKSESC37TIM_100ms_Alive_PeriodElapsedCallbackEv)
    Class_Motor_MKSESC::Init(FDCAN_HandleTypeDef*, unsigned, unsigned char, float, float, float, float, Enum_Motor_MKSESC_Control_Method) 0x08008a61   Thumb Code    66  dvc_motor_mksesc.o(i._ZN18Class_Motor_MKSESC4InitEP19FDCAN_HandleTypeDefjhffff32Enum_Motor_MKSESC_Control_Method)
    Class_Motor_MKSESC::Output()             0x08008abd   Thumb Code   296  dvc_motor_mksesc.o(i._ZN18Class_Motor_MKSESC6OutputEv)
    Class_Motor_MKSESC::Class_Motor_MKSESC() 0x08008bf5   Thumb Code    40  tsk_config_and_callback.o(i._ZN18Class_Motor_MKSESCC1Ev)
    Class_Motor_MKSESC::Class_Motor_MKSESC__sub_object() 0x08008bf5   Thumb Code     0  tsk_config_and_callback.o(i._ZN18Class_Motor_MKSESCC1Ev)
    Class_Motor_RS_MIT::Data_Process()       0x08008c21   Thumb Code   162  dvc_motor_rs.o(i._ZN18Class_Motor_RS_MIT12Data_ProcessEv)
    Class_Motor_RS_MIT::CAN_Send_Enter()     0x08008cc9   Thumb Code    22  dvc_motor_rs.o(i._ZN18Class_Motor_RS_MIT14CAN_Send_EnterEv)
    Class_Motor_RS_MIT::CAN_RxCpltCallback(unsigned char*) 0x08008ce5   Thumb Code    10  dvc_motor_rs.o(i._ZN18Class_Motor_RS_MIT18CAN_RxCpltCallbackEPh)
    Class_Motor_RS_MIT::TIM_Alive_PeriodElapsedCallback() 0x08008cef   Thumb Code    38  dvc_motor_rs.o(i._ZN18Class_Motor_RS_MIT31TIM_Alive_PeriodElapsedCallbackEv)
    Class_Motor_RS_MIT::Init(FDCAN_HandleTypeDef*, unsigned char, unsigned char, Enum_Motor_RS_Control_Method, float, float, float, float) 0x08008d15   Thumb Code    94  dvc_motor_rs.o(i._ZN18Class_Motor_RS_MIT4InitEP19FDCAN_HandleTypeDefhh28Enum_Motor_RS_Control_Methodffff)
    Class_Motor_RS_MIT::Class_Motor_RS_MIT() 0x08008d8d   Thumb Code    44  tsk_config_and_callback.o(i._ZN18Class_Motor_RS_MITC1Ev)
    Class_Motor_RS_MIT::Class_Motor_RS_MIT__sub_object() 0x08008d8d   Thumb Code     0  tsk_config_and_callback.o(i._ZN18Class_Motor_RS_MITC1Ev)
    Class_Motor_DJI_C610::Data_Process()     0x08008dbd   Thumb Code   226  dvc_motor_dji.o(i._ZN20Class_Motor_DJI_C61012Data_ProcessEv)
    Class_Motor_DJI_C610::PID_Calculate()    0x08008ead   Thumb Code   148  dvc_motor_dji.o(i._ZN20Class_Motor_DJI_C61013PID_CalculateEv)
    Class_Motor_DJI_C610::FDCAN_RxCpltCallback(unsigned char*) 0x08008f45   Thumb Code    14  dvc_motor_dji.o(i._ZN20Class_Motor_DJI_C61020FDCAN_RxCpltCallbackEPh)
    Class_Motor_DJI_C610::TIM_Calculate_PeriodElapsedCallback() 0x08008f55   Thumb Code    76  dvc_motor_dji.o(i._ZN20Class_Motor_DJI_C61035TIM_Calculate_PeriodElapsedCallbackEv)
    Class_Motor_DJI_C610::TIM_100ms_Alive_PeriodElapsedCallback() 0x08008fa5   Thumb Code    68  dvc_motor_dji.o(i._ZN20Class_Motor_DJI_C61037TIM_100ms_Alive_PeriodElapsedCallbackEv)
    Class_Motor_DJI_C610::Init(FDCAN_HandleTypeDef*, Enum_Motor_DJI_ID, Enum_Motor_DJI_Control_Method, float, float) 0x08008fed   Thumb Code    78  dvc_motor_dji.o(i._ZN20Class_Motor_DJI_C6104InitEP19FDCAN_HandleTypeDef17Enum_Motor_DJI_ID29Enum_Motor_DJI_Control_Methodff)
    Class_Motor_DJI_C610::Output()           0x08009055   Thumb Code    38  dvc_motor_dji.o(i._ZN20Class_Motor_DJI_C6106OutputEv)
    Class_Motor_DJI_C610::Class_Motor_DJI_C610() 0x0800907d   Thumb Code    84  tsk_config_and_callback.o(i._ZN20Class_Motor_DJI_C610C1Ev)
    Class_Motor_DJI_C610::Class_Motor_DJI_C610__sub_object() 0x0800907d   Thumb Code     0  tsk_config_and_callback.o(i._ZN20Class_Motor_DJI_C610C1Ev)
    Class_FSM_Weapon_Grab::Weapon_Grab_TIM_Status_PeriodElapsedCallback() 0x080090d9   Thumb Code    82  crt_weapons.o(i._ZN21Class_FSM_Weapon_Grab44Weapon_Grab_TIM_Status_PeriodElapsedCallbackEv)
    Class_Motor_DM_Normal::Data_Process()    0x0800912d   Thumb Code   266  dvc_motor_dm.o(i._ZN21Class_Motor_DM_Normal12Data_ProcessEv)
    Class_Motor_DM_Normal::CAN_Send_Enter()  0x08009245   Thumb Code    22  dvc_motor_dm.o(i._ZN21Class_Motor_DM_Normal14CAN_Send_EnterEv)
    Class_Motor_DM_Normal::CAN_RxCpltCallback(unsigned char*) 0x08009261   Thumb Code    10  dvc_motor_dm.o(i._ZN21Class_Motor_DM_Normal18CAN_RxCpltCallbackEPh)
    Class_Motor_DM_Normal::TIM_Alive_PeriodElapsedCallback() 0x0800926b   Thumb Code    38  dvc_motor_dm.o(i._ZN21Class_Motor_DM_Normal31TIM_Alive_PeriodElapsedCallbackEv)
    Class_Motor_DM_Normal::Init(FDCAN_HandleTypeDef*, unsigned char, unsigned char, Enum_Motor_DM_Control_Method, float, float, float, float) 0x08009291   Thumb Code   106  dvc_motor_dm.o(i._ZN21Class_Motor_DM_Normal4InitEP19FDCAN_HandleTypeDefhh28Enum_Motor_DM_Control_Methodffff)
    Class_FSM::Init(unsigned char, unsigned char) 0x0800a10d   Thumb Code    44  alg_fsm.o(i._ZN9Class_FSM4InitEhh)
    Class_PID::Set_Target(float)             0x0800a139   Thumb Code     6  alg_pid.o(i._ZN9Class_PID10Set_TargetEf)
    Class_PID::Set_Integral_Error(float)     0x0800a13f   Thumb Code     6  alg_pid.o(i._ZN9Class_PID18Set_Integral_ErrorEf)
    Class_PID::TIM_Calculate_PeriodElapsedCallback() 0x0800a145   Thumb Code   470  alg_pid.o(i._ZN9Class_PID35TIM_Calculate_PeriodElapsedCallbackEv)
    Class_PID::Init(float, float, float, float, float, float, float, float, float, float, float, Enum_PID_D_First) 0x0800a321   Thumb Code    48  alg_pid.o(i._ZN9Class_PID4InitEfffffffffff16Enum_PID_D_First)
    Class_PID::Get_Out()                     0x0800a351   Thumb Code     6  alg_pid.o(i._ZN9Class_PID7Get_OutEv)
    Class_PID::Set_Now(float)                0x0800a357   Thumb Code     6  alg_pid.o(i._ZN9Class_PID7Set_NowEf)
    Class_PID::Class_PID()                   0x0800a35d   Thumb Code    74  tsk_config_and_callback.o(i._ZN9Class_PIDC1Ev)
    Class_PID::Class_PID__sub_object()       0x0800a35d   Thumb Code     0  tsk_config_and_callback.o(i._ZN9Class_PIDC1Ev)
    std::fmod(float, float)                  0x0800a3ad   Thumb Code     4  crt_chassis.o(i._ZSt4fmodff)
    std::sqrt(float)                         0x0800a3b1   Thumb Code     4  ita_robot.o(i._ZSt4sqrtf)
    __ARM_fpclassifyf                        0x0800a3b5   Thumb Code    38  fpclassifyf.o(i.__ARM_fpclassifyf)
    __aeabi_vec_ctor_nocookie_nodtor         0x0800a3db   Thumb Code    36  aeabi_vec_ctor_nocookie_nodtor.o(i.__aeabi_vec_ctor_nocookie_nodtor)
    __hardfp_atan2f                          0x0800a401   Thumb Code   594  atan2f.o(i.__hardfp_atan2f)
    __hardfp_fmodf                           0x0800a6b5   Thumb Code   176  fmodf.o(i.__hardfp_fmodf)
    __hardfp_sqrtf                           0x0800a765   Thumb Code    58  sqrtf.o(i.__hardfp_sqrtf)
    __mathlib_flt_infnan2                    0x0800a79f   Thumb Code     6  funder.o(i.__mathlib_flt_infnan2)
    __mathlib_flt_invalid                    0x0800a7a5   Thumb Code    10  funder.o(i.__mathlib_flt_invalid)
    __mathlib_flt_underflow                  0x0800a7b5   Thumb Code    10  funder.o(i.__mathlib_flt_underflow)
    main                                     0x0800a8a1   Thumb Code    66  main.o(i.main)
    T1 Math_Constrain<float>(T1*, T1, T1)    0x0800a8e3   Thumb Code    40  dvc_motor_mksesc.o(t._Z14Math_ConstrainIfET_PS0_S0_S0_)
    T1 Math_Modulus_Normalization<float>(T1, T1) 0x0800a90b   Thumb Code    50  crt_chassis.o(t._Z26Math_Modulus_NormalizationIfET_S0_S0_)
    T1 Math_Abs<float>(T1)                   0x0800a93d   Thumb Code    18  crt_chassis.o(t._Z8Math_AbsIfET_S0_)
    __aeabi_ul2f                             0x0800a94f   Thumb Code     0  ffltll_clz.o(x$fpl$ffltll)
    _ll_uto_f                                0x0800a94f   Thumb Code     6  ffltll_clz.o(x$fpl$ffltll)
    __aeabi_l2f                              0x0800a955   Thumb Code     0  ffltll_clz.o(x$fpl$ffltll)
    _ll_sto_f                                0x0800a955   Thumb Code    90  ffltll_clz.o(x$fpl$ffltll)
    __fpl_fnaninf                            0x0800a9af   Thumb Code   140  fnaninf.o(x$fpl$fnaninf)
    _fp_init                                 0x0800aa3b   Thumb Code    10  fpinit.o(x$fpl$fpinit)
    __fplib_config_fpu_vfp                   0x0800aa43   Thumb Code     0  fpinit.o(x$fpl$fpinit)
    __fplib_config_pureend_doubles           0x0800aa43   Thumb Code     0  fpinit.o(x$fpl$fpinit)
    _frem                                    0x0800aa45   Thumb Code   240  frem_clz.o(x$fpl$frem)
    __I$use$fp                               0x0800ab38   Number         0  usenofp.o(x$fpl$usenofp)
    D1CorePrescTable                         0x0800abb8   Data          16  system_stm32h7xx.o(.constdata)
    UARTPrescTable                           0x0800ac2c   Data          24  stm32h7xx_hal_uart.o(.constdata)
    sinTable_f32                             0x0800ac54   Data        2052  arm_common_tables.o(.rodata.sinTable_f32)
    Region$$Table$$Base                      0x0800b458   Number         0  anon$$obj.o(Region$$Table)
    Region$$Table$$Limit                     0x0800b478   Number         0  anon$$obj.o(Region$$Table)
    SHT$$INIT_ARRAY$$Base                    0x0800b478   Number         0  tsk_config_and_callback.o(.init_array)
    SHT$$INIT_ARRAY$$Limit                   0x0800b47c   Number         0  init_aeabi.o(.init_array)
    init_finished                            0x24000000   Data           1  tsk_config_and_callback.o(.data)
    mod100                                   0x24000001   Data           1  tsk_config_and_callback.o(.data)
    PC10                                     0x24000003   Data           1  tsk_config_and_callback.o(.data)
    PC11                                     0x24000004   Data           1  tsk_config_and_callback.o(.data)
    PC12                                     0x24000005   Data           1  tsk_config_and_callback.o(.data)
    PE14                                     0x24000006   Data           1  tsk_config_and_callback.o(.data)
    flag                                     0x24000008   Data           4  tsk_config_and_callback.o(.data)
    DM_Motor_CAN_Message_Clear_Error         0x24000028   Data           8  dvc_motor_dm.o(.data)
    DM_Motor_CAN_Message_Enter               0x24000030   Data           8  dvc_motor_dm.o(.data)
    DM_Motor_CAN_Message_Exit                0x24000038   Data           8  dvc_motor_dm.o(.data)
    DM_Motor_CAN_Message_Save_Zero           0x24000040   Data           8  dvc_motor_dm.o(.data)
    RS_Motor_CAN_Message_Clear_Error         0x24000048   Data           8  dvc_motor_rs.o(.data)
    RS_Motor_CAN_Message_Enter               0x24000050   Data           8  dvc_motor_rs.o(.data)
    RS_Motor_CAN_Message_Exit                0x24000058   Data           8  dvc_motor_rs.o(.data)
    RS_Motor_CAN_Message_Save_Zero           0x24000060   Data           8  dvc_motor_rs.o(.data)
    RS_Motor_CAN_Message_Set_Control_Method  0x24000068   Data           8  dvc_motor_rs.o(.data)
    RS_Motor_CAN_Message_Set_CAN_ID          0x24000070   Data           8  dvc_motor_rs.o(.data)
    RS_Motor_CAN_Message_Set_Master_ID       0x24000078   Data           8  dvc_motor_rs.o(.data)
    RS_Motor_CAN_Message_Set_CAN_Protocol    0x24000080   Data           8  dvc_motor_rs.o(.data)
    TIM1_Manage_Object                       0x24000088   Data           8  drv_tim.o(.data)
    TIM2_Manage_Object                       0x24000090   Data           8  drv_tim.o(.data)
    TIM3_Manage_Object                       0x24000098   Data           8  drv_tim.o(.data)
    TIM4_Manage_Object                       0x240000a0   Data           8  drv_tim.o(.data)
    TIM5_Manage_Object                       0x240000a8   Data           8  drv_tim.o(.data)
    TIM6_Manage_Object                       0x240000b0   Data           8  drv_tim.o(.data)
    TIM7_Manage_Object                       0x240000b8   Data           8  drv_tim.o(.data)
    TIM8_Manage_Object                       0x240000c0   Data           8  drv_tim.o(.data)
    TIM12_Manage_Object                      0x240000c8   Data           8  drv_tim.o(.data)
    TIM13_Manage_Object                      0x240000d0   Data           8  drv_tim.o(.data)
    TIM14_Manage_Object                      0x240000d8   Data           8  drv_tim.o(.data)
    TIM15_Manage_Object                      0x240000e0   Data           8  drv_tim.o(.data)
    TIM16_Manage_Object                      0x240000e8   Data           8  drv_tim.o(.data)
    TIM17_Manage_Object                      0x240000f0   Data           8  drv_tim.o(.data)
    TIM23_Manage_Object                      0x240000f8   Data           8  drv_tim.o(.data)
    TIM24_Manage_Object                      0x24000100   Data           8  drv_tim.o(.data)
    FDCAN1_0x1ff_Tx_Data                     0x24000108   Data           8  drv_can.o(.data)
    FDCAN1_0x200_Tx_Data                     0x24000110   Data           8  drv_can.o(.data)
    FDCAN1_0x2ff_Tx_Data                     0x24000118   Data           8  drv_can.o(.data)
    FDCAN1_0x1fe_Tx_Data                     0x24000120   Data           8  drv_can.o(.data)
    FDCAN1_0x2fe_Tx_Data                     0x24000128   Data           8  drv_can.o(.data)
    FDCAN2_0x1ff_Tx_Data                     0x24000130   Data           8  drv_can.o(.data)
    FDCAN2_0x200_Tx_Data                     0x24000138   Data           8  drv_can.o(.data)
    FDCAN2_0x2ff_Tx_Data                     0x24000140   Data           8  drv_can.o(.data)
    FDCAN2_0x1fe_Tx_Data                     0x24000148   Data           8  drv_can.o(.data)
    FDCAN2_0x2fe_Tx_Data                     0x24000150   Data           8  drv_can.o(.data)
    FDCAN3_0x1ff_Tx_Data                     0x24000158   Data           8  drv_can.o(.data)
    FDCAN3_0x200_Tx_Data                     0x24000160   Data           8  drv_can.o(.data)
    FDCAN3_0x2ff_Tx_Data                     0x24000168   Data           8  drv_can.o(.data)
    FDCAN3_0x1fe_Tx_Data                     0x24000170   Data           8  drv_can.o(.data)
    FDCAN3_0x2fe_Tx_Data                     0x24000178   Data           8  drv_can.o(.data)
    GPIO0_EXTI_Manage_Object                 0x24000180   Data           8  drv_gpio_exti.o(.data)
    GPIO1_EXTI_Manage_Object                 0x24000188   Data           8  drv_gpio_exti.o(.data)
    GPIO2_EXTI_Manage_Object                 0x24000190   Data           8  drv_gpio_exti.o(.data)
    GPIO3_EXTI_Manage_Object                 0x24000198   Data           8  drv_gpio_exti.o(.data)
    GPIO4_EXTI_Manage_Object                 0x240001a0   Data           8  drv_gpio_exti.o(.data)
    GPIO5_EXTI_Manage_Object                 0x240001a8   Data           8  drv_gpio_exti.o(.data)
    GPIO6_EXTI_Manage_Object                 0x240001b0   Data           8  drv_gpio_exti.o(.data)
    GPIO7_EXTI_Manage_Object                 0x240001b8   Data           8  drv_gpio_exti.o(.data)
    GPIO8_EXTI_Manage_Object                 0x240001c0   Data           8  drv_gpio_exti.o(.data)
    GPIO9_EXTI_Manage_Object                 0x240001c8   Data           8  drv_gpio_exti.o(.data)
    GPIO10_EXTI_Manage_Object                0x240001d0   Data           8  drv_gpio_exti.o(.data)
    GPIO11_EXTI_Manage_Object                0x240001d8   Data           8  drv_gpio_exti.o(.data)
    GPIO12_EXTI_Manage_Object                0x240001e0   Data           8  drv_gpio_exti.o(.data)
    GPIO13_EXTI_Manage_Object                0x240001e8   Data           8  drv_gpio_exti.o(.data)
    GPIO14_EXTI_Manage_Object                0x240001f0   Data           8  drv_gpio_exti.o(.data)
    GPIO15_EXTI_Manage_Object                0x240001f8   Data           8  drv_gpio_exti.o(.data)
    SystemCoreClock                          0x24000200   Data           4  system_stm32h7xx.o(.data)
    SystemD2Clock                            0x24000204   Data           4  system_stm32h7xx.o(.data)
    uwTickFreq                               0x24000208   Data           1  stm32h7xx_hal.o(.data)
    uwTickPrio                               0x2400020c   Data           4  stm32h7xx_hal.o(.data)
    uwTick                                   0x24000210   Data           4  stm32h7xx_hal.o(.data)
    chariot                                  0x24000218   Data        2172  tsk_config_and_callback.o(.bss)
    Weapon_Grab                              0x24000a94   Data         472  tsk_config_and_callback.o(.bss)
    SystemTime                               0x24000c6c   Data          12  dvc_dwt.o(.bss)
    FDCAN1_Manage_Object                     0x24000c78   Data          56  drv_can.o(.bss)
    FDCAN2_Manage_Object                     0x24000cb0   Data          56  drv_can.o(.bss)
    FDCAN3_Manage_Object                     0x24000ce8   Data          56  drv_can.o(.bss)
    UART1_Manage_Object                      0x24000d20   Data         524  drv_uart.o(.bss)
    UART2_Manage_Object                      0x24000f2c   Data         524  drv_uart.o(.bss)
    UART3_Manage_Object                      0x24001138   Data         524  drv_uart.o(.bss)
    UART4_Manage_Object                      0x24001344   Data         524  drv_uart.o(.bss)
    UART5_Manage_Object                      0x24001550   Data         524  drv_uart.o(.bss)
    UART6_Manage_Object                      0x2400175c   Data         524  drv_uart.o(.bss)
    UART7_Manage_Object                      0x24001968   Data         524  drv_uart.o(.bss)
    UART8_Manage_Object                      0x24001b74   Data         524  drv_uart.o(.bss)
    UART9_Manage_Object                      0x24001d80   Data         524  drv_uart.o(.bss)
    UART10_Manage_Object                     0x24001f8c   Data         524  drv_uart.o(.bss)
    hfdcan1                                  0x24002198   Data         160  fdcan.o(.bss)
    hfdcan2                                  0x24002238   Data         160  fdcan.o(.bss)
    hfdcan3                                  0x240022d8   Data         160  fdcan.o(.bss)
    htim3                                    0x24002378   Data          76  tim.o(.bss)
    htim4                                    0x240023c4   Data          76  tim.o(.bss)
    htim5                                    0x24002410   Data          76  tim.o(.bss)
    htim12                                   0x2400245c   Data          76  tim.o(.bss)
    huart5                                   0x240024a8   Data         148  usart.o(.bss)
    huart1                                   0x2400253c   Data         148  usart.o(.bss)
    huart10                                  0x240025d0   Data         148  usart.o(.bss)
    hdma_uart5_rx                            0x24002664   Data         120  usart.o(.bss)
    hdma_usart1_rx                           0x240026dc   Data         120  usart.o(.bss)
    hdma_usart1_tx                           0x24002754   Data         120  usart.o(.bss)
    hdma_usart10_rx                          0x240027cc   Data         120  usart.o(.bss)
    hdma_usart10_tx                          0x24002844   Data         120  usart.o(.bss)
    __libspace_start                         0x240028bc   Data          96  libspace.o(.bss)
    __temporary_stack_top$libspace           0x2400291c   Data           0  libspace.o(.bss)



==============================================================================

Memory Map of the image

  Image Entry point : 0x080002cd

  Load Region LR_IROM1 (Base: 0x08000000, Size: 0x0000b694, Max: 0x00100000, ABSOLUTE, COMPRESSED[0x0000b4a8])

    Execution Region ER_IROM1 (Exec base: 0x08000000, Load base: 0x08000000, Size: 0x0000b47c, Max: 0x00100000, ABSOLUTE)

    Exec Addr    Load Addr    Size         Type   Attr      Idx    E Section Name        Object

    0x08000000   0x08000000   0x000002cc   Data   RO         8348    RESET               startup_stm32h723xx.o
    0x080002cc   0x080002cc   0x00000008   Code   RO         8480  * !!!main             c_w.l(__main.o)
    0x080002d4   0x080002d4   0x00000034   Code   RO         8853    !!!scatter          c_w.l(__scatter.o)
    0x08000308   0x08000308   0x0000005a   Code   RO         8851    !!dczerorl2         c_w.l(__dczerorl2.o)
    0x08000362   0x08000362   0x00000002   PAD
    0x08000364   0x08000364   0x0000001c   Code   RO         8855    !!handler_zi        c_w.l(__scatter_zi.o)
    0x08000380   0x08000380   0x00000002   Code   RO         8654    .ARM.Collect$$libinit$$00000000  c_w.l(libinit.o)
    0x08000382   0x08000382   0x00000004   Code   RO         8536    .ARM.Collect$$libinit$$00000001  c_w.l(libinit2.o)
    0x08000386   0x08000386   0x00000000   Code   RO         8539    .ARM.Collect$$libinit$$00000004  c_w.l(libinit2.o)
    0x08000386   0x08000386   0x00000000   Code   RO         8542    .ARM.Collect$$libinit$$0000000A  c_w.l(libinit2.o)
    0x08000386   0x08000386   0x00000000   Code   RO         8544    .ARM.Collect$$libinit$$0000000C  c_w.l(libinit2.o)
    0x08000386   0x08000386   0x00000000   Code   RO         8546    .ARM.Collect$$libinit$$0000000E  c_w.l(libinit2.o)
    0x08000386   0x08000386   0x00000000   Code   RO         8549    .ARM.Collect$$libinit$$00000011  c_w.l(libinit2.o)
    0x08000386   0x08000386   0x00000000   Code   RO         8551    .ARM.Collect$$libinit$$00000013  c_w.l(libinit2.o)
    0x08000386   0x08000386   0x00000000   Code   RO         8553    .ARM.Collect$$libinit$$00000015  c_w.l(libinit2.o)
    0x08000386   0x08000386   0x00000000   Code   RO         8555    .ARM.Collect$$libinit$$00000017  c_w.l(libinit2.o)
    0x08000386   0x08000386   0x00000000   Code   RO         8557    .ARM.Collect$$libinit$$00000019  c_w.l(libinit2.o)
    0x08000386   0x08000386   0x00000000   Code   RO         8559    .ARM.Collect$$libinit$$0000001B  c_w.l(libinit2.o)
    0x08000386   0x08000386   0x00000000   Code   RO         8561    .ARM.Collect$$libinit$$0000001D  c_w.l(libinit2.o)
    0x08000386   0x08000386   0x00000000   Code   RO         8563    .ARM.Collect$$libinit$$0000001F  c_w.l(libinit2.o)
    0x08000386   0x08000386   0x00000000   Code   RO         8565    .ARM.Collect$$libinit$$00000021  c_w.l(libinit2.o)
    0x08000386   0x08000386   0x00000000   Code   RO         8567    .ARM.Collect$$libinit$$00000023  c_w.l(libinit2.o)
    0x08000386   0x08000386   0x00000000   Code   RO         8569    .ARM.Collect$$libinit$$00000025  c_w.l(libinit2.o)
    0x08000386   0x08000386   0x00000000   Code   RO         8573    .ARM.Collect$$libinit$$0000002C  c_w.l(libinit2.o)
    0x08000386   0x08000386   0x00000000   Code   RO         8575    .ARM.Collect$$libinit$$0000002E  c_w.l(libinit2.o)
    0x08000386   0x08000386   0x00000000   Code   RO         8577    .ARM.Collect$$libinit$$00000030  c_w.l(libinit2.o)
    0x08000386   0x08000386   0x00000004   Code   RO         8578    .ARM.Collect$$libinit$$00000031  c_w.l(libinit2.o)
    0x0800038a   0x0800038a   0x00000000   Code   RO         8579    .ARM.Collect$$libinit$$00000032  c_w.l(libinit2.o)
    0x0800038a   0x0800038a   0x00000002   Code   RO         8580    .ARM.Collect$$libinit$$00000033  c_w.l(libinit2.o)
    0x0800038c   0x0800038c   0x00000002   Code   RO         8812    .ARM.Collect$$libshutdown$$00000000  c_w.l(libshutdown.o)
    0x0800038e   0x0800038e   0x00000000   Code   RO         8828    .ARM.Collect$$libshutdown$$00000002  c_w.l(libshutdown2.o)
    0x0800038e   0x0800038e   0x00000000   Code   RO         8830    .ARM.Collect$$libshutdown$$00000004  c_w.l(libshutdown2.o)
    0x0800038e   0x0800038e   0x00000000   Code   RO         8832    .ARM.Collect$$libshutdown$$00000006  c_w.l(libshutdown2.o)
    0x0800038e   0x0800038e   0x00000000   Code   RO         8835    .ARM.Collect$$libshutdown$$00000009  c_w.l(libshutdown2.o)
    0x0800038e   0x0800038e   0x00000000   Code   RO         8838    .ARM.Collect$$libshutdown$$0000000C  c_w.l(libshutdown2.o)
    0x0800038e   0x0800038e   0x00000000   Code   RO         8840    .ARM.Collect$$libshutdown$$0000000E  c_w.l(libshutdown2.o)
    0x0800038e   0x0800038e   0x00000000   Code   RO         8843    .ARM.Collect$$libshutdown$$00000011  c_w.l(libshutdown2.o)
    0x0800038e   0x0800038e   0x00000002   Code   RO         8844    .ARM.Collect$$libshutdown$$00000012  c_w.l(libshutdown2.o)
    0x08000390   0x08000390   0x00000000   Code   RO         8529    .ARM.Collect$$rtentry$$00000000  c_w.l(__rtentry.o)
    0x08000390   0x08000390   0x00000000   Code   RO         8604    .ARM.Collect$$rtentry$$00000002  c_w.l(__rtentry2.o)
    0x08000390   0x08000390   0x00000006   Code   RO         8616    .ARM.Collect$$rtentry$$00000004  c_w.l(__rtentry4.o)
    0x08000396   0x08000396   0x00000000   Code   RO         8606    .ARM.Collect$$rtentry$$00000009  c_w.l(__rtentry2.o)
    0x08000396   0x08000396   0x00000004   Code   RO         8607    .ARM.Collect$$rtentry$$0000000A  c_w.l(__rtentry2.o)
    0x0800039a   0x0800039a   0x00000000   Code   RO         8609    .ARM.Collect$$rtentry$$0000000C  c_w.l(__rtentry2.o)
    0x0800039a   0x0800039a   0x00000008   Code   RO         8610    .ARM.Collect$$rtentry$$0000000D  c_w.l(__rtentry2.o)
    0x080003a2   0x080003a2   0x00000002   Code   RO         8664    .ARM.Collect$$rtexit$$00000000  c_w.l(rtexit.o)
    0x080003a4   0x080003a4   0x00000000   Code   RO         8752    .ARM.Collect$$rtexit$$00000002  c_w.l(rtexit2.o)
    0x080003a4   0x080003a4   0x00000004   Code   RO         8753    .ARM.Collect$$rtexit$$00000003  c_w.l(rtexit2.o)
    0x080003a8   0x080003a8   0x00000006   Code   RO         8754    .ARM.Collect$$rtexit$$00000004  c_w.l(rtexit2.o)
    0x080003ae   0x080003ae   0x00000002   PAD
    0x080003b0   0x080003b0   0x00000040   Code   RO         8349    .text               startup_stm32h723xx.o
    0x080003f0   0x080003f0   0x000000ee   Code   RO         8470    .text               c_w.l(lludivv7m.o)
    0x080004de   0x080004de   0x0000008a   Code   RO         8472    .text               c_w.l(rt_memcpy_v6.o)
    0x08000568   0x08000568   0x00000064   Code   RO         8474    .text               c_w.l(rt_memcpy_w.o)
    0x080005cc   0x080005cc   0x0000004e   Code   RO         8476    .text               c_w.l(rt_memclr_w.o)
    0x0800061a   0x0800061a   0x00000006   Code   RO         8478    .text               c_w.l(heapauxi.o)
    0x08000620   0x08000620   0x00000024   Code   RO         8485    .text               c_w.l(init_aeabi.o)
    0x08000644   0x08000644   0x00000016   Code   RO         8534    .text               c_w.l(_rserrno.o)
    0x0800065a   0x0800065a   0x00000002   PAD
    0x0800065c   0x0800065c   0x00000008   Code   RO         8623    .text               c_w.l(rt_errno_addr_intlibspace.o)
    0x08000664   0x08000664   0x00000008   Code   RO         8634    .text               c_w.l(libspace.o)
    0x0800066c   0x0800066c   0x0000004a   Code   RO         8637    .text               c_w.l(sys_stackheap_outer.o)
    0x080006b6   0x080006b6   0x00000012   Code   RO         8639    .text               c_w.l(exit.o)
    0x080006c8   0x080006c8   0x0000000c   Code   RO         8744    .text               c_w.l(sys_exit.o)
    0x080006d4   0x080006d4   0x00000002   Code   RO         8746    .text               c_w.l(use_no_semi.o)
    0x080006d6   0x080006d6   0x00000000   Code   RO         8750    .text               c_w.l(indicate_semi.o)
    0x080006d6   0x080006d6   0x00000002   PAD
    0x080006d8   0x080006d8   0x00000090   Code   RO         8354    .text.arm_cos_f32   arm_cortexM7lfsp_math.lib(arm_cos_f32.o)
    0x08000768   0x08000768   0x0000008c   Code   RO         8364    .text.arm_sin_f32   arm_cortexM7lfsp_math.lib(arm_sin_f32.o)
    0x080007f4   0x080007f4   0x00000002   Code   RO         8148    i.BusFault_Handler  stm32h7xx_it.o
    0x080007f6   0x080007f6   0x00000002   PAD
    0x080007f8   0x080007f8   0x0000000c   Code   RO         8149    i.DMA1_Stream1_IRQHandler  stm32h7xx_it.o
    0x08000804   0x08000804   0x0000000c   Code   RO         8150    i.DMA1_Stream2_IRQHandler  stm32h7xx_it.o
    0x08000810   0x08000810   0x0000000c   Code   RO         8151    i.DMA1_Stream3_IRQHandler  stm32h7xx_it.o
    0x0800081c   0x0800081c   0x0000000c   Code   RO         8152    i.DMA1_Stream4_IRQHandler  stm32h7xx_it.o
    0x08000828   0x08000828   0x0000000c   Code   RO         8153    i.DMA2_Stream0_IRQHandler  stm32h7xx_it.o
    0x08000834   0x08000834   0x00000002   Code   RO         8154    i.DebugMon_Handler  stm32h7xx_it.o
    0x08000836   0x08000836   0x00000026   Code   RO         8155    i.EXTI15_10_IRQHandler  stm32h7xx_it.o
    0x0800085c   0x0800085c   0x00000004   Code   RO         7811    i.Error_Handler     main.o
    0x08000860   0x08000860   0x0000000c   Code   RO         8156    i.FDCAN1_IT0_IRQHandler  stm32h7xx_it.o
    0x0800086c   0x0800086c   0x0000000c   Code   RO         8157    i.FDCAN2_IT0_IRQHandler  stm32h7xx_it.o
    0x08000878   0x08000878   0x0000037c   Code   RO         3365    i.HAL_DMA_Abort     stm32h7xx_hal_dma.o
    0x08000bf4   0x08000bf4   0x000002b0   Code   RO         3366    i.HAL_DMA_Abort_IT  stm32h7xx_hal_dma.o
    0x08000ea4   0x08000ea4   0x000007a8   Code   RO         3370    i.HAL_DMA_IRQHandler  stm32h7xx_hal_dma.o
    0x0800164c   0x0800164c   0x000003f0   Code   RO         3371    i.HAL_DMA_Init      stm32h7xx_hal_dma.o
    0x08001a3c   0x08001a3c   0x000002ec   Code   RO         3375    i.HAL_DMA_Start_IT  stm32h7xx_hal_dma.o
    0x08001d28   0x08001d28   0x00000084   Code   RO         5259    i.HAL_FDCAN_ActivateNotification  stm32h7xx_hal_fdcan.o
    0x08001dac   0x08001dac   0x0000006c   Code   RO         5261    i.HAL_FDCAN_AddMessageToTxFifoQ  stm32h7xx_hal_fdcan.o
    0x08001e18   0x08001e18   0x00000002   Code   RO         5262    i.HAL_FDCAN_ClockCalibrationCallback  stm32h7xx_hal_fdcan.o
    0x08001e1a   0x08001e1a   0x00000088   Code   RO         5266    i.HAL_FDCAN_ConfigFilter  stm32h7xx_hal_fdcan.o
    0x08001ea2   0x08001ea2   0x00000030   Code   RO         5267    i.HAL_FDCAN_ConfigGlobalFilter  stm32h7xx_hal_fdcan.o
    0x08001ed2   0x08001ed2   0x00000002   Code   RO         5288    i.HAL_FDCAN_ErrorCallback  stm32h7xx_hal_fdcan.o
    0x08001ed4   0x08001ed4   0x00000002   Code   RO         5289    i.HAL_FDCAN_ErrorStatusCallback  stm32h7xx_hal_fdcan.o
    0x08001ed6   0x08001ed6   0x00000002   PAD
    0x08001ed8   0x08001ed8   0x000001a8   Code   RO         5300    i.HAL_FDCAN_GetRxMessage  stm32h7xx_hal_fdcan.o
    0x08002080   0x08002080   0x00000002   Code   RO         5306    i.HAL_FDCAN_HighPriorityMessageCallback  stm32h7xx_hal_fdcan.o
    0x08002082   0x08002082   0x00000002   PAD
    0x08002084   0x08002084   0x000002ec   Code   RO         5307    i.HAL_FDCAN_IRQHandler  stm32h7xx_hal_fdcan.o
    0x08002370   0x08002370   0x00000268   Code   RO         5308    i.HAL_FDCAN_Init    stm32h7xx_hal_fdcan.o
    0x080025d8   0x080025d8   0x0000019c   Code   RO         7925    i.HAL_FDCAN_MspInit  fdcan.o
    0x08002774   0x08002774   0x00000002   Code   RO         5317    i.HAL_FDCAN_RxBufferNewMessageCallback  stm32h7xx_hal_fdcan.o
    0x08002776   0x08002776   0x00000002   PAD
    0x08002778   0x08002778   0x00000080   Code   RO         1739    i.HAL_FDCAN_RxFifo0Callback  drv_can.o
    0x080027f8   0x080027f8   0x00000080   Code   RO         1740    i.HAL_FDCAN_RxFifo1Callback  drv_can.o
    0x08002878   0x08002878   0x00000030   Code   RO         5320    i.HAL_FDCAN_Start   stm32h7xx_hal_fdcan.o
    0x080028a8   0x080028a8   0x00000002   Code   RO         5342    i.HAL_FDCAN_TT_GlobalTimeCallback  stm32h7xx_hal_fdcan.o
    0x080028aa   0x080028aa   0x00000002   Code   RO         5343    i.HAL_FDCAN_TT_ScheduleSyncCallback  stm32h7xx_hal_fdcan.o
    0x080028ac   0x080028ac   0x00000002   Code   RO         5348    i.HAL_FDCAN_TT_StopWatchCallback  stm32h7xx_hal_fdcan.o
    0x080028ae   0x080028ae   0x00000002   Code   RO         5349    i.HAL_FDCAN_TT_TimeMarkCallback  stm32h7xx_hal_fdcan.o
    0x080028b0   0x080028b0   0x00000002   Code   RO         5350    i.HAL_FDCAN_TimeoutOccurredCallback  stm32h7xx_hal_fdcan.o
    0x080028b2   0x080028b2   0x00000002   Code   RO         5351    i.HAL_FDCAN_TimestampWraparoundCallback  stm32h7xx_hal_fdcan.o
    0x080028b4   0x080028b4   0x00000002   Code   RO         5352    i.HAL_FDCAN_TxBufferAbortCallback  stm32h7xx_hal_fdcan.o
    0x080028b6   0x080028b6   0x00000002   Code   RO         5353    i.HAL_FDCAN_TxBufferCompleteCallback  stm32h7xx_hal_fdcan.o
    0x080028b8   0x080028b8   0x00000002   Code   RO         5354    i.HAL_FDCAN_TxEventFifoCallback  stm32h7xx_hal_fdcan.o
    0x080028ba   0x080028ba   0x00000002   Code   RO         5355    i.HAL_FDCAN_TxFifoEmptyCallback  stm32h7xx_hal_fdcan.o
    0x080028bc   0x080028bc   0x000000d4   Code   RO         2045    i.HAL_GPIO_EXTI_Callback  drv_gpio_exti.o
    0x08002990   0x08002990   0x00000018   Code   RO         3198    i.HAL_GPIO_EXTI_IRQHandler  stm32h7xx_hal_gpio.o
    0x080029a8   0x080029a8   0x00000214   Code   RO         3199    i.HAL_GPIO_Init     stm32h7xx_hal_gpio.o
    0x08002bbc   0x08002bbc   0x0000000e   Code   RO         3201    i.HAL_GPIO_ReadPin  stm32h7xx_hal_gpio.o
    0x08002bca   0x08002bca   0x0000000e   Code   RO         3203    i.HAL_GPIO_WritePin  stm32h7xx_hal_gpio.o
    0x08002bd8   0x08002bd8   0x0000000c   Code   RO         4185    i.HAL_GetTick       stm32h7xx_hal.o
    0x08002be4   0x08002be4   0x00000010   Code   RO         4191    i.HAL_IncTick       stm32h7xx_hal.o
    0x08002bf4   0x08002bf4   0x0000005c   Code   RO         4192    i.HAL_Init          stm32h7xx_hal.o
    0x08002c50   0x08002c50   0x0000004c   Code   RO         4193    i.HAL_InitTick      stm32h7xx_hal.o
    0x08002c9c   0x08002c9c   0x0000001c   Code   RO         8324    i.HAL_MspInit       stm32h7xx_hal_msp.o
    0x08002cb8   0x08002cb8   0x0000001a   Code   RO         2373    i.HAL_NVIC_EnableIRQ  stm32h7xx_hal_cortex.o
    0x08002cd2   0x08002cd2   0x00000002   PAD
    0x08002cd4   0x08002cd4   0x00000040   Code   RO         2379    i.HAL_NVIC_SetPriority  stm32h7xx_hal_cortex.o
    0x08002d14   0x08002d14   0x00000024   Code   RO         2380    i.HAL_NVIC_SetPriorityGrouping  stm32h7xx_hal_cortex.o
    0x08002d38   0x08002d38   0x00000058   Code   RO         3883    i.HAL_PWREx_ConfigSupply  stm32h7xx_hal_pwr_ex.o
    0x08002d90   0x08002d90   0x00000024   Code   RO         2670    i.HAL_RCCEx_GetD3PCLK1Freq  stm32h7xx_hal_rcc_ex.o
    0x08002db4   0x08002db4   0x000001c0   Code   RO         2672    i.HAL_RCCEx_GetPLL2ClockFreq  stm32h7xx_hal_rcc_ex.o
    0x08002f74   0x08002f74   0x000001c0   Code   RO         2673    i.HAL_RCCEx_GetPLL3ClockFreq  stm32h7xx_hal_rcc_ex.o
    0x08003134   0x08003134   0x00000990   Code   RO         2679    i.HAL_RCCEx_PeriphCLKConfig  stm32h7xx_hal_rcc_ex.o
    0x08003ac4   0x08003ac4   0x0000027c   Code   RO         2541    i.HAL_RCC_ClockConfig  stm32h7xx_hal_rcc.o
    0x08003d40   0x08003d40   0x00000044   Code   RO         2546    i.HAL_RCC_GetHCLKFreq  stm32h7xx_hal_rcc.o
    0x08003d84   0x08003d84   0x00000024   Code   RO         2548    i.HAL_RCC_GetPCLK1Freq  stm32h7xx_hal_rcc.o
    0x08003da8   0x08003da8   0x00000024   Code   RO         2549    i.HAL_RCC_GetPCLK2Freq  stm32h7xx_hal_rcc.o
    0x08003dcc   0x08003dcc   0x000001b4   Code   RO         2550    i.HAL_RCC_GetSysClockFreq  stm32h7xx_hal_rcc.o
    0x08003f80   0x08003f80   0x000005d8   Code   RO         2553    i.HAL_RCC_OscConfig  stm32h7xx_hal_rcc.o
    0x08004558   0x08004558   0x00000028   Code   RO         2384    i.HAL_SYSTICK_Config  stm32h7xx_hal_cortex.o
    0x08004580   0x08004580   0x00000002   Code   RO         6824    i.HAL_TIMEx_Break2Callback  stm32h7xx_hal_tim_ex.o
    0x08004582   0x08004582   0x00000002   Code   RO         6825    i.HAL_TIMEx_BreakCallback  stm32h7xx_hal_tim_ex.o
    0x08004584   0x08004584   0x00000002   Code   RO         6826    i.HAL_TIMEx_CommutCallback  stm32h7xx_hal_tim_ex.o
    0x08004586   0x08004586   0x00000002   PAD
    0x08004588   0x08004588   0x000000b4   Code   RO         6847    i.HAL_TIMEx_MasterConfigSynchronization  stm32h7xx_hal_tim_ex.o
    0x0800463c   0x0800463c   0x0000004e   Code   RO         5978    i.HAL_TIM_Base_Init  stm32h7xx_hal_tim.o
    0x0800468a   0x0800468a   0x00000002   PAD
    0x0800468c   0x0800468c   0x00000068   Code   RO         8003    i.HAL_TIM_Base_MspInit  tim.o
    0x080046f4   0x080046f4   0x000000a8   Code   RO         5983    i.HAL_TIM_Base_Start_IT  stm32h7xx_hal_tim.o
    0x0800479c   0x0800479c   0x00000108   Code   RO         5987    i.HAL_TIM_ConfigClockSource  stm32h7xx_hal_tim.o
    0x080048a4   0x080048a4   0x00000002   Code   RO         6012    i.HAL_TIM_IC_CaptureCallback  stm32h7xx_hal_tim.o
    0x080048a6   0x080048a6   0x00000152   Code   RO         6026    i.HAL_TIM_IRQHandler  stm32h7xx_hal_tim.o
    0x080049f8   0x080049f8   0x0000007c   Code   RO         8004    i.HAL_TIM_MspPostInit  tim.o
    0x08004a74   0x08004a74   0x00000002   Code   RO         6029    i.HAL_TIM_OC_DelayElapsedCallback  stm32h7xx_hal_tim.o
    0x08004a76   0x08004a76   0x00000136   Code   RO         6050    i.HAL_TIM_PWM_ConfigChannel  stm32h7xx_hal_tim.o
    0x08004bac   0x08004bac   0x0000004e   Code   RO         6053    i.HAL_TIM_PWM_Init  stm32h7xx_hal_tim.o
    0x08004bfa   0x08004bfa   0x00000002   PAD
    0x08004bfc   0x08004bfc   0x00000044   Code   RO         8006    i.HAL_TIM_PWM_MspInit  tim.o
    0x08004c40   0x08004c40   0x00000002   Code   RO         6056    i.HAL_TIM_PWM_PulseFinishedCallback  stm32h7xx_hal_tim.o
    0x08004c42   0x08004c42   0x00000002   PAD
    0x08004c44   0x08004c44   0x0000013c   Code   RO         6058    i.HAL_TIM_PWM_Start  stm32h7xx_hal_tim.o
    0x08004d80   0x08004d80   0x00000170   Code   RO         1700    i.HAL_TIM_PeriodElapsedCallback  drv_tim.o
    0x08004ef0   0x08004ef0   0x00000002   Code   RO         6069    i.HAL_TIM_TriggerCallback  stm32h7xx_hal_tim.o
    0x08004ef2   0x08004ef2   0x0000003e   Code   RO         7670    i.HAL_UARTEx_DisableFifoMode  stm32h7xx_hal_uart_ex.o
    0x08004f30   0x08004f30   0x00000052   Code   RO         7676    i.HAL_UARTEx_ReceiveToIdle_DMA  stm32h7xx_hal_uart_ex.o
    0x08004f82   0x08004f82   0x00000002   PAD
    0x08004f84   0x08004f84   0x000001d4   Code   RO         2083    i.HAL_UARTEx_RxEventCallback  drv_uart.o
    0x08005158   0x08005158   0x00000002   Code   RO         7678    i.HAL_UARTEx_RxFifoFullCallback  stm32h7xx_hal_uart_ex.o
    0x0800515a   0x0800515a   0x0000004c   Code   RO         7679    i.HAL_UARTEx_SetRxFifoThreshold  stm32h7xx_hal_uart_ex.o
    0x080051a6   0x080051a6   0x0000004c   Code   RO         7680    i.HAL_UARTEx_SetTxFifoThreshold  stm32h7xx_hal_uart_ex.o
    0x080051f2   0x080051f2   0x00000002   Code   RO         7682    i.HAL_UARTEx_TxFifoEmptyCallback  stm32h7xx_hal_uart_ex.o
    0x080051f4   0x080051f4   0x00000002   Code   RO         7683    i.HAL_UARTEx_WakeupCallback  stm32h7xx_hal_uart_ex.o
    0x080051f6   0x080051f6   0x00000002   Code   RO         7200    i.HAL_UART_ErrorCallback  stm32h7xx_hal_uart.o
    0x080051f8   0x080051f8   0x00000394   Code   RO         7203    i.HAL_UART_IRQHandler  stm32h7xx_hal_uart.o
    0x0800558c   0x0800558c   0x00000070   Code   RO         7204    i.HAL_UART_Init     stm32h7xx_hal_uart.o
    0x080055fc   0x080055fc   0x000002e0   Code   RO         8090    i.HAL_UART_MspInit  usart.o
    0x080058dc   0x080058dc   0x00000002   Code   RO         7211    i.HAL_UART_RxCpltCallback  stm32h7xx_hal_uart.o
    0x080058de   0x080058de   0x00000002   Code   RO         7212    i.HAL_UART_RxHalfCpltCallback  stm32h7xx_hal_uart.o
    0x080058e0   0x080058e0   0x00000002   Code   RO         7216    i.HAL_UART_TxCpltCallback  stm32h7xx_hal_uart.o
    0x080058e2   0x080058e2   0x00000002   Code   RO         8158    i.HardFault_Handler  stm32h7xx_it.o
    0x080058e4   0x080058e4   0x0000007c   Code   RO         7899    i.MX_DMA_Init       dma.o
    0x08005960   0x08005960   0x0000006c   Code   RO         7926    i.MX_FDCAN1_Init    fdcan.o
    0x080059cc   0x080059cc   0x0000006c   Code   RO         7927    i.MX_FDCAN2_Init    fdcan.o
    0x08005a38   0x08005a38   0x0000006c   Code   RO         7928    i.MX_FDCAN3_Init    fdcan.o
    0x08005aa4   0x08005aa4   0x000000f8   Code   RO         7874    i.MX_GPIO_Init      gpio.o
    0x08005b9c   0x08005b9c   0x00000074   Code   RO         8007    i.MX_TIM12_Init     tim.o
    0x08005c10   0x08005c10   0x00000070   Code   RO         8008    i.MX_TIM3_Init      tim.o
    0x08005c80   0x08005c80   0x00000068   Code   RO         8009    i.MX_TIM4_Init      tim.o
    0x08005ce8   0x08005ce8   0x00000068   Code   RO         8010    i.MX_TIM5_Init      tim.o
    0x08005d50   0x08005d50   0x00000070   Code   RO         8091    i.MX_UART5_Init     usart.o
    0x08005dc0   0x08005dc0   0x00000068   Code   RO         8092    i.MX_USART10_UART_Init  usart.o
    0x08005e28   0x08005e28   0x00000068   Code   RO         8093    i.MX_USART1_UART_Init  usart.o
    0x08005e90   0x08005e90   0x00000002   Code   RO         8159    i.MemManage_Handler  stm32h7xx_it.o
    0x08005e92   0x08005e92   0x00000002   Code   RO         8160    i.NMI_Handler       stm32h7xx_it.o
    0x08005e94   0x08005e94   0x00000002   Code   RO         8161    i.PendSV_Handler    stm32h7xx_it.o
    0x08005e96   0x08005e96   0x00000002   Code   RO         8162    i.SVC_Handler       stm32h7xx_it.o
    0x08005e98   0x08005e98   0x00000004   Code   RO         8163    i.SysTick_Handler   stm32h7xx_it.o
    0x08005e9c   0x08005e9c   0x000000c0   Code   RO         2327    i.SystemInit        system_stm32h7xx.o
    0x08005f5c   0x08005f5c   0x0000000c   Code   RO         8164    i.TIM4_IRQHandler   stm32h7xx_it.o
    0x08005f68   0x08005f68   0x0000000c   Code   RO         8165    i.TIM5_IRQHandler   stm32h7xx_it.o
    0x08005f74   0x08005f74   0x000000e4   Code   RO         6071    i.TIM_Base_SetConfig  stm32h7xx_hal_tim.o
    0x08006058   0x08006058   0x0000001a   Code   RO         6072    i.TIM_CCxChannelCmd  stm32h7xx_hal_tim.o
    0x08006072   0x08006072   0x00000014   Code   RO         6077    i.TIM_ETR_SetConfig  stm32h7xx_hal_tim.o
    0x08006086   0x08006086   0x00000002   PAD
    0x08006088   0x08006088   0x00000094   Code   RO         6078    i.TIM_OC2_SetConfig  stm32h7xx_hal_tim.o
    0x0800611c   0x0800611c   0x000000d8   Code   RO          390    i.Task_Init         tsk_config_and_callback.o
    0x080061f4   0x080061f4   0x00000002   Code   RO          391    i.Task_Loop         tsk_config_and_callback.o
    0x080061f6   0x080061f6   0x00000002   PAD
    0x080061f8   0x080061f8   0x0000000c   Code   RO         8166    i.UART5_IRQHandler  stm32h7xx_it.o
    0x08006204   0x08006204   0x000000c8   Code   RO         7218    i.UART_AdvFeatureConfig  stm32h7xx_hal_uart.o
    0x080062cc   0x080062cc   0x000000aa   Code   RO         7219    i.UART_CheckIdleState  stm32h7xx_hal_uart.o
    0x08006376   0x08006376   0x00000002   PAD
    0x08006378   0x08006378   0x0000052e   Code   RO         7220    i.UART_SetConfig    stm32h7xx_hal_uart.o
    0x080068a6   0x080068a6   0x00000002   PAD
    0x080068a8   0x080068a8   0x000000a4   Code   RO         7221    i.UART_Start_Receive_DMA  stm32h7xx_hal_uart.o
    0x0800694c   0x0800694c   0x00000098   Code   RO         7223    i.UART_WaitOnFlagUntilTimeout  stm32h7xx_hal_uart.o
    0x080069e4   0x080069e4   0x0000000c   Code   RO         8167    i.USART10_IRQHandler  stm32h7xx_it.o
    0x080069f0   0x080069f0   0x0000000c   Code   RO         8168    i.USART1_IRQHandler  stm32h7xx_it.o
    0x080069fc   0x080069fc   0x00000002   Code   RO         8169    i.UsageFault_Handler  stm32h7xx_it.o
    0x080069fe   0x080069fe   0x00000002   PAD
    0x08006a00   0x08006a00   0x00000078   Code   RO         1203    i._Z10DWT_Updatev   dvc_dwt.o
    0x08006a78   0x08006a78   0x00000094   Code   RO         1741    i._Z10FDCAN_InitP19FDCAN_HandleTypeDefPFvP22Struct_FDCAN_Rx_BufferE  drv_can.o
    0x08006b0c   0x08006b0c   0x00000010   Code   RO         1954    i._Z11BSP_Set_DC519Enum_BSP_DC5_Status  drv_bsp.o
    0x08006b1c   0x08006b1c   0x00000010   Code   RO         1957    i._Z14BSP_Set_DC24_L20Enum_BSP_DC24_Status  drv_bsp.o
    0x08006b2c   0x08006b2c   0x00000010   Code   RO         1958    i._Z14BSP_Set_DC24_R20Enum_BSP_DC24_Status  drv_bsp.o
    0x08006b3c   0x08006b3c   0x000000f0   Code   RO         2046    i._Z14GPIO_EXTI_InittPFvvE  drv_gpio_exti.o
    0x08006c2c   0x08006c2c   0x00000074   Code   RO         1742    i._Z15FDCAN_Send_DataP19FDCAN_HandleTypeDefjPh18Enum_FDCAN_ID_Typeh  drv_can.o
    0x08006ca0   0x08006ca0   0x00000214   Code   RO          805    i._Z16allocate_tx_dataP19FDCAN_HandleTypeDef17Enum_Motor_DJI_ID36Enum_Motor_DJI_GM6020_Driver_Version  dvc_motor_dji.o
    0x08006eb4   0x08006eb4   0x00000022   Code   RO         1858    i._Z17Math_Int_To_Floatiiiff  drv_math.o
    0x08006ed6   0x08006ed6   0x00000002   PAD
    0x08006ed8   0x08006ed8   0x00000020   Code   RO         1959    i._Z18BSP_Set_PWM_Buzzerf  drv_bsp.o
    0x08006ef8   0x08006ef8   0x00000098   Code   RO         7812    i._Z18SystemClock_Configv  main.o
    0x08006f90   0x08006f90   0x00000018   Code   RO          392    i._Z19DR16_UART5_CallbackPht  tsk_config_and_callback.o
    0x08006fa8   0x08006fa8   0x00000010   Code   RO         1206    i._Z20DWT_GetCurrentTimeMsv  dvc_dwt.o
    0x08006fb8   0x08006fb8   0x0000000c   Code   RO          396    i._Z20GPIO_EXTI10_Callbackv  tsk_config_and_callback.o
    0x08006fc4   0x08006fc4   0x0000000c   Code   RO          397    i._Z20GPIO_EXTI11_Callbackv  tsk_config_and_callback.o
    0x08006fd0   0x08006fd0   0x0000000c   Code   RO          398    i._Z20GPIO_EXTI12_Callbackv  tsk_config_and_callback.o
    0x08006fdc   0x08006fdc   0x0000000c   Code   RO          399    i._Z20GPIO_EXTI14_Callbackv  tsk_config_and_callback.o
    0x08006fe8   0x08006fe8   0x00000048   Code   RO          401    i._Z21Task1ms_TIM5_Callbackv  tsk_config_and_callback.o
    0x08007030   0x08007030   0x00000020   Code   RO         1960    i._Z22BSP_Set_PWM_IMU_Heaterf  drv_bsp.o
    0x08007050   0x08007050   0x00000040   Code   RO          402    i._Z22Device_FDCAN1_CallbackP22Struct_FDCAN_Rx_Buffer  tsk_config_and_callback.o
    0x08007090   0x08007090   0x000000a0   Code   RO          403    i._Z22Device_FDCAN2_CallbackP22Struct_FDCAN_Rx_Buffer  tsk_config_and_callback.o
    0x08007130   0x08007130   0x00000016   Code   RO         1860    i._Z22Math_Endian_Reverse_16PvS_  drv_math.o
    0x08007146   0x08007146   0x0000002c   Code   RO         1862    i._Z22Math_Endian_Reverse_32PvS_  drv_math.o
    0x08007172   0x08007172   0x00000002   PAD
    0x08007174   0x08007174   0x00000044   Code   RO          405    i._Z23Task100us_TIM4_Callbackv  tsk_config_and_callback.o
    0x080071b8   0x080071b8   0x0000007c   Code   RO         1743    i._Z24FDCAN_Filter_Mask_ConfigP19FDCAN_HandleTypeDefhjj  drv_can.o
    0x08007234   0x08007234   0x00000058   Code   RO         1961    i._Z8BSP_Initjff    drv_bsp.o
    0x0800728c   0x0800728c   0x00000034   Code   RO         1208    i._Z8DWT_Initv      dvc_dwt.o
    0x080072c0   0x080072c0   0x00000140   Code   RO         1701    i._Z8TIM_InitP17TIM_HandleTypeDefPFvvE  drv_tim.o
    0x08007400   0x08007400   0x00000170   Code   RO         2087    i._Z9UART_InitP20__UART_HandleTypeDefPFvPhtEt  drv_uart.o
    0x08007570   0x08007570   0x00000064   Code   RO         1022    i._ZN10Class_DR1612Judge_SwitchEP23Enum_DR16_Switch_Statushh  dvc_dr16.o
    0x080075d4   0x080075d4   0x00000064   Code   RO         1023    i._ZN10Class_DR1612Judge_UpdataE21Struct_DR16_UART_DataS0_  dvc_dr16.o
    0x08007638   0x08007638   0x000001b4   Code   RO         1024    i._ZN10Class_DR1617DR16_Data_ProcessEv  dvc_dr16.o
    0x080077ec   0x080077ec   0x00000024   Code   RO         1026    i._ZN10Class_DR1624DR16_UART_RxCpltCallbackEPh  dvc_dr16.o
    0x08007810   0x08007810   0x0000004a   Code   RO         1028    i._ZN10Class_DR1639TIM1msMod50_Alive_PeriodElapsedCallbackEv  dvc_dr16.o
    0x0800785a   0x0800785a   0x00000002   PAD
    0x0800785c   0x0800785c   0x0000007c   Code   RO         1029    i._ZN10Class_DR164InitEP20__UART_HandleTypeDef  dvc_dr16.o
    0x080078d8   0x080078d8   0x0000002c   Code   RO         1030    i._ZN10Class_DR169Judge_KeyEP20Enum_DR16_Key_Statushh  dvc_dr16.o
    0x08007904   0x08007904   0x0000012c   Code   RO          604    i._ZN13Class_Chariot16_Chassis_ControlEv  ita_robot.o
    0x08007a30   0x08007a30   0x00000014   Code   RO          605    i._ZN13Class_Chariot20TIM_Control_CallbackEv  ita_robot.o
    0x08007a44   0x08007a44   0x00000022   Code   RO          606    i._ZN13Class_Chariot23Judge_Active_ControllerEv  ita_robot.o
    0x08007a66   0x08007a66   0x000000a8   Code   RO          607    i._ZN13Class_Chariot23Judge_DR16_Control_TypeEv  ita_robot.o
    0x08007b0e   0x08007b0e   0x00000016   Code   RO          608    i._ZN13Class_Chariot37TIM_100ms_Alive_PeriodElapsedCallbackEv  ita_robot.o
    0x08007b24   0x08007b24   0x00000006   Code   RO          609    i._ZN13Class_Chariot39TIM_2ms_Calculate_PeriodElapsedCallbackEv  ita_robot.o
    0x08007b2a   0x08007b2a   0x00000002   PAD
    0x08007b2c   0x08007b2c   0x0000003c   Code   RO          611    i._ZN13Class_Chariot4InitEf  ita_robot.o
    0x08007b68   0x08007b68   0x0000018c   Code   RO            4    i._ZN13Class_Chassis15Output_To_MotorEv  crt_chassis.o
    0x08007cf4   0x08007cf4   0x000000d8   Code   RO            5    i._ZN13Class_Chassis15Self_ResolutionEv  crt_chassis.o
    0x08007dcc   0x08007dcc   0x00000064   Code   RO            6    i._ZN13Class_Chassis15Steer_Angle_SetEh  crt_chassis.o
    0x08007e30   0x08007e30   0x000000b4   Code   RO            7    i._ZN13Class_Chassis18Output_To_DynamicsEv  crt_chassis.o
    0x08007ee4   0x08007ee4   0x00000194   Code   RO            8    i._ZN13Class_Chassis27Dynamics_Inverse_ResolutionEv  crt_chassis.o
    0x08008078   0x08008078   0x00000074   Code   RO            9    i._ZN13Class_Chassis27Steer_Angle_Self_ResolutionEv  crt_chassis.o
    0x080080ec   0x080080ec   0x000000d4   Code   RO           10    i._ZN13Class_Chassis29Kinematics_Inverse_ResolutionEv  crt_chassis.o
    0x080081c0   0x080081c0   0x0000002e   Code   RO           11    i._ZN13Class_Chassis37TIM_100ms_Alive_PeriodElapsedCallbackEv  crt_chassis.o
    0x080081ee   0x080081ee   0x00000026   Code   RO           12    i._ZN13Class_Chassis37TIM_2ms_Control_PeriodElapsedCallbackEv  crt_chassis.o
    0x08008214   0x08008214   0x00000094   Code   RO           13    i._ZN13Class_Chassis45_Steer_Motor_Kinematics_Nearest_TranspositionEv  crt_chassis.o
    0x080082a8   0x080082a8   0x000003f8   Code   RO           14    i._ZN13Class_Chassis4InitEfff  crt_chassis.o
    0x080086a0   0x080086a0   0x0000010c   Code   RO          536    i._ZN13Class_ChassisC1Ev  tsk_config_and_callback.o
    0x080087ac   0x080087ac   0x00000006   Code   RO           15    i._ZN17Class_PMT45_Steer10Init_SteerEP12GPIO_TypeDefth  crt_chassis.o
    0x080087b2   0x080087b2   0x0000004e   Code   RO           16    i._ZN17Class_PMT45_Steer25PMT45_EXTI_Callback_SteerEv  crt_chassis.o
    0x08008800   0x08008800   0x00000018   Code   RO          548    i._ZN17Class_PMT45_SteerC1Ev  tsk_config_and_callback.o
    0x08008818   0x08008818   0x00000004   Code   RO          303    i._ZN17Class_Weapon_Grab16Is_Init_FinishedEv  crt_weapons.o
    0x0800881c   0x0800881c   0x0000001a   Code   RO          304    i._ZN17Class_Weapon_Grab16Weapon_Grab_InitEv  crt_weapons.o
    0x08008836   0x08008836   0x0000001e   Code   RO          305    i._ZN17Class_Weapon_Grab31TIM_Alive_PeriodElapsedCallbackEv  crt_weapons.o
    0x08008854   0x08008854   0x00000008   Code   RO          306    i._ZN17Class_Weapon_Grab37TIM_Weapon_Grab_PeriodElapsedCallbackEv  crt_weapons.o
    0x0800885c   0x0800885c   0x000000c0   Code   RO          307    i._ZN17Class_Weapon_Grab4InitEv  crt_weapons.o
    0x0800891c   0x0800891c   0x000000c8   Code   RO          737    i._ZN18Class_Motor_MKSESC12Data_ProcessEv  dvc_motor_mksesc.o
    0x080089e4   0x080089e4   0x0000000a   Code   RO          738    i._ZN18Class_Motor_MKSESC20FDCAN_RxCpltCallbackEPh  dvc_motor_mksesc.o
    0x080089ee   0x080089ee   0x00000058   Code   RO          739    i._ZN18Class_Motor_MKSESC30TIM_Send_PeriodElapsedCallbackEv  dvc_motor_mksesc.o
    0x08008a46   0x08008a46   0x0000001a   Code   RO          740    i._ZN18Class_Motor_MKSESC37TIM_100ms_Alive_PeriodElapsedCallbackEv  dvc_motor_mksesc.o
    0x08008a60   0x08008a60   0x0000005c   Code   RO          741    i._ZN18Class_Motor_MKSESC4InitEP19FDCAN_HandleTypeDefjhffff32Enum_Motor_MKSESC_Control_Method  dvc_motor_mksesc.o
    0x08008abc   0x08008abc   0x00000138   Code   RO          742    i._ZN18Class_Motor_MKSESC6OutputEv  dvc_motor_mksesc.o
    0x08008bf4   0x08008bf4   0x0000002c   Code   RO          545    i._ZN18Class_Motor_MKSESCC1Ev  tsk_config_and_callback.o
    0x08008c20   0x08008c20   0x000000a8   Code   RO         1514    i._ZN18Class_Motor_RS_MIT12Data_ProcessEv  dvc_motor_rs.o
    0x08008cc8   0x08008cc8   0x0000001c   Code   RO         1516    i._ZN18Class_Motor_RS_MIT14CAN_Send_EnterEv  dvc_motor_rs.o
    0x08008ce4   0x08008ce4   0x0000000a   Code   RO         1517    i._ZN18Class_Motor_RS_MIT18CAN_RxCpltCallbackEPh  dvc_motor_rs.o
    0x08008cee   0x08008cee   0x00000026   Code   RO         1525    i._ZN18Class_Motor_RS_MIT31TIM_Alive_PeriodElapsedCallbackEv  dvc_motor_rs.o
    0x08008d14   0x08008d14   0x00000078   Code   RO         1526    i._ZN18Class_Motor_RS_MIT4InitEP19FDCAN_HandleTypeDefhh28Enum_Motor_RS_Control_Methodffff  dvc_motor_rs.o
    0x08008d8c   0x08008d8c   0x00000030   Code   RO          539    i._ZN18Class_Motor_RS_MITC1Ev  tsk_config_and_callback.o
    0x08008dbc   0x08008dbc   0x000000f0   Code   RO          806    i._ZN20Class_Motor_DJI_C61012Data_ProcessEv  dvc_motor_dji.o
    0x08008eac   0x08008eac   0x00000098   Code   RO          807    i._ZN20Class_Motor_DJI_C61013PID_CalculateEv  dvc_motor_dji.o
    0x08008f44   0x08008f44   0x0000000e   Code   RO          808    i._ZN20Class_Motor_DJI_C61020FDCAN_RxCpltCallbackEPh  dvc_motor_dji.o
    0x08008f52   0x08008f52   0x00000002   PAD
    0x08008f54   0x08008f54   0x00000050   Code   RO          809    i._ZN20Class_Motor_DJI_C61035TIM_Calculate_PeriodElapsedCallbackEv  dvc_motor_dji.o
    0x08008fa4   0x08008fa4   0x00000048   Code   RO          810    i._ZN20Class_Motor_DJI_C61037TIM_100ms_Alive_PeriodElapsedCallbackEv  dvc_motor_dji.o
    0x08008fec   0x08008fec   0x00000068   Code   RO          811    i._ZN20Class_Motor_DJI_C6104InitEP19FDCAN_HandleTypeDef17Enum_Motor_DJI_ID29Enum_Motor_DJI_Control_Methodff  dvc_motor_dji.o
    0x08009054   0x08009054   0x00000026   Code   RO          812    i._ZN20Class_Motor_DJI_C6106OutputEv  dvc_motor_dji.o
    0x0800907a   0x0800907a   0x00000002   PAD
    0x0800907c   0x0800907c   0x0000005c   Code   RO          542    i._ZN20Class_Motor_DJI_C610C1Ev  tsk_config_and_callback.o
    0x080090d8   0x080090d8   0x00000052   Code   RO          308    i._ZN21Class_FSM_Weapon_Grab44Weapon_Grab_TIM_Status_PeriodElapsedCallbackEv  crt_weapons.o
    0x0800912a   0x0800912a   0x00000002   PAD
    0x0800912c   0x0800912c   0x00000118   Code   RO         1278    i._ZN21Class_Motor_DM_Normal12Data_ProcessEv  dvc_motor_dm.o
    0x08009244   0x08009244   0x0000001c   Code   RO         1280    i._ZN21Class_Motor_DM_Normal14CAN_Send_EnterEv  dvc_motor_dm.o
    0x08009260   0x08009260   0x0000000a   Code   RO         1281    i._ZN21Class_Motor_DM_Normal18CAN_RxCpltCallbackEPh  dvc_motor_dm.o
    0x0800926a   0x0800926a   0x00000026   Code   RO         1285    i._ZN21Class_Motor_DM_Normal31TIM_Alive_PeriodElapsedCallbackEv  dvc_motor_dm.o
    0x08009290   0x08009290   0x00000084   Code   RO         1286    i._ZN21Class_Motor_DM_Normal4InitEP19FDCAN_HandleTypeDefhh28Enum_Motor_DM_Control_Methodffff  dvc_motor_dm.o
    0x08009314   0x08009314   0x0000023c   Code   RO         3377    i._ZN41_INTERNAL_19_stm32h7xx_hal_dma_c_c25f65ec13DMA_SetConfigEP19__DMA_HandleTypeDefjjj  stm32h7xx_hal_dma.o
    0x08009550   0x08009550   0x00000078   Code   RO         3378    i._ZN41_INTERNAL_19_stm32h7xx_hal_dma_c_c25f65ec18DMA_CheckFifoParamEP19__DMA_HandleTypeDef  stm32h7xx_hal_dma.o
    0x080095c8   0x080095c8   0x000000c0   Code   RO         3379    i._ZN41_INTERNAL_19_stm32h7xx_hal_dma_c_c25f65ec23DMA_CalcBaseAndBitshiftEP19__DMA_HandleTypeDef  stm32h7xx_hal_dma.o
    0x08009688   0x08009688   0x000000a0   Code   RO         3380    i._ZN41_INTERNAL_19_stm32h7xx_hal_dma_c_c25f65ec32DMA_CalcDMAMUXChannelBaseAndMaskEP19__DMA_HandleTypeDef  stm32h7xx_hal_dma.o
    0x08009728   0x08009728   0x0000007c   Code   RO         3381    i._ZN41_INTERNAL_19_stm32h7xx_hal_dma_c_c25f65ec35DMA_CalcDMAMUXRequestGenBaseAndMaskEP19__DMA_HandleTypeDef  stm32h7xx_hal_dma.o
    0x080097a4   0x080097a4   0x000000a0   Code   RO         6080    i._ZN41_INTERNAL_19_stm32h7xx_hal_tim_c_a9d95b5217TIM_OC1_SetConfigEP11TIM_TypeDefPK18TIM_OC_InitTypeDef  stm32h7xx_hal_tim.o
    0x08009844   0x08009844   0x00000094   Code   RO         6081    i._ZN41_INTERNAL_19_stm32h7xx_hal_tim_c_a9d95b5217TIM_OC3_SetConfigEP11TIM_TypeDefPK18TIM_OC_InitTypeDef  stm32h7xx_hal_tim.o
    0x080098d8   0x080098d8   0x00000074   Code   RO         6082    i._ZN41_INTERNAL_19_stm32h7xx_hal_tim_c_a9d95b5217TIM_OC4_SetConfigEP11TIM_TypeDefPK18TIM_OC_InitTypeDef  stm32h7xx_hal_tim.o
    0x0800994c   0x0800994c   0x00000070   Code   RO         6083    i._ZN41_INTERNAL_19_stm32h7xx_hal_tim_c_a9d95b5217TIM_OC5_SetConfigEP11TIM_TypeDefPK18TIM_OC_InitTypeDef  stm32h7xx_hal_tim.o
    0x080099bc   0x080099bc   0x00000070   Code   RO         6084    i._ZN41_INTERNAL_19_stm32h7xx_hal_tim_c_a9d95b5217TIM_OC6_SetConfigEP11TIM_TypeDefPK18TIM_OC_InitTypeDef  stm32h7xx_hal_tim.o
    0x08009a2c   0x08009a2c   0x00000014   Code   RO         6089    i._ZN41_INTERNAL_19_stm32h7xx_hal_tim_c_a9d95b5218TIM_ITRx_SetConfigEP11TIM_TypeDefj  stm32h7xx_hal_tim.o
    0x08009a40   0x08009a40   0x00000022   Code   RO         6094    i._ZN41_INTERNAL_19_stm32h7xx_hal_tim_c_a9d95b5224TIM_TI1_ConfigInputStageEP11TIM_TypeDefjj  stm32h7xx_hal_tim.o
    0x08009a62   0x08009a62   0x00000024   Code   RO         6095    i._ZN41_INTERNAL_19_stm32h7xx_hal_tim_c_a9d95b5224TIM_TI2_ConfigInputStageEP11TIM_TypeDefjj  stm32h7xx_hal_tim.o
    0x08009a86   0x08009a86   0x00000050   Code   RO         7224    i._ZN42_INTERNAL_20_stm32h7xx_hal_uart_c_574fddf513UART_DMAErrorEP19__DMA_HandleTypeDef  stm32h7xx_hal_uart.o
    0x08009ad6   0x08009ad6   0x00000020   Code   RO         7229    i._ZN42_INTERNAL_20_stm32h7xx_hal_uart_c_574fddf518UART_DMARxHalfCpltEP19__DMA_HandleTypeDef  stm32h7xx_hal_uart.o
    0x08009af6   0x08009af6   0x00000002   PAD
    0x08009af8   0x08009af8   0x00000054   Code   RO         7231    i._ZN42_INTERNAL_20_stm32h7xx_hal_uart_c_574fddf518UART_EndRxTransferEP20__UART_HandleTypeDef  stm32h7xx_hal_uart.o
    0x08009b4c   0x08009b4c   0x0000002e   Code   RO         7232    i._ZN42_INTERNAL_20_stm32h7xx_hal_uart_c_574fddf518UART_EndTxTransferEP20__UART_HandleTypeDef  stm32h7xx_hal_uart.o
    0x08009b7a   0x08009b7a   0x00000084   Code   RO         7233    i._ZN42_INTERNAL_20_stm32h7xx_hal_uart_c_574fddf519UART_DMAReceiveCpltEP19__DMA_HandleTypeDef  stm32h7xx_hal_uart.o
    0x08009bfe   0x08009bfe   0x00000024   Code   RO         7234    i._ZN42_INTERNAL_20_stm32h7xx_hal_uart_c_574fddf519UART_EndTransmit_ITEP20__UART_HandleTypeDef  stm32h7xx_hal_uart.o
    0x08009c22   0x08009c22   0x00000014   Code   RO         7235    i._ZN42_INTERNAL_20_stm32h7xx_hal_uart_c_574fddf520UART_DMAAbortOnErrorEP19__DMA_HandleTypeDef  stm32h7xx_hal_uart.o
    0x08009c36   0x08009c36   0x00000002   PAD
    0x08009c38   0x08009c38   0x00000074   Code   RO         5356    i._ZN43_INTERNAL_21_stm32h7xx_hal_fdcan_c_80c832c222FDCAN_CopyMessageToRAMEPK19FDCAN_HandleTypeDefPK21FDCAN_TxHeaderTypeDefPKhj  stm32h7xx_hal_fdcan.o
    0x08009cac   0x08009cac   0x000001b0   Code   RO         5357    i._ZN43_INTERNAL_21_stm32h7xx_hal_fdcan_c_80c832c233FDCAN_CalcultateRamBlockAddressesEP19FDCAN_HandleTypeDef  stm32h7xx_hal_fdcan.o
    0x08009e5c   0x08009e5c   0x00000020   Code   RO         2386    i._ZN44_INTERNAL_22_stm32h7xx_hal_cortex_c_2992dbc018__NVIC_SetPriorityE9IRQn_Typej  stm32h7xx_hal_cortex.o
    0x08009e7c   0x08009e7c   0x00000124   Code   RO         2682    i._ZN44_INTERNAL_22_stm32h7xx_hal_rcc_ex_c_bed13b4417RCCEx_PLL2_ConfigEP19RCC_PLL2InitTypeDefj  stm32h7xx_hal_rcc_ex.o
    0x08009fa0   0x08009fa0   0x00000124   Code   RO         2683    i._ZN44_INTERNAL_22_stm32h7xx_hal_rcc_ex_c_bed13b4417RCCEx_PLL3_ConfigEP19RCC_PLL3InitTypeDefj  stm32h7xx_hal_rcc_ex.o
    0x0800a0c4   0x0800a0c4   0x00000048   Code   RO         7684    i._ZN45_INTERNAL_23_stm32h7xx_hal_uart_ex_c_83a37df425UARTEx_SetNbDataToProcessEP20__UART_HandleTypeDef  stm32h7xx_hal_uart_ex.o
    0x0800a10c   0x0800a10c   0x0000002c   Code   RO         2294    i._ZN9Class_FSM4InitEhh  alg_fsm.o
    0x0800a138   0x0800a138   0x00000006   Code   RO         2143    i._ZN9Class_PID10Set_TargetEf  alg_pid.o
    0x0800a13e   0x0800a13e   0x00000006   Code   RO         2147    i._ZN9Class_PID18Set_Integral_ErrorEf  alg_pid.o
    0x0800a144   0x0800a144   0x000001dc   Code   RO         2151    i._ZN9Class_PID35TIM_Calculate_PeriodElapsedCallbackEv  alg_pid.o
    0x0800a320   0x0800a320   0x00000030   Code   RO         2152    i._ZN9Class_PID4InitEfffffffffff16Enum_PID_D_First  alg_pid.o
    0x0800a350   0x0800a350   0x00000006   Code   RO         2153    i._ZN9Class_PID7Get_OutEv  alg_pid.o
    0x0800a356   0x0800a356   0x00000006   Code   RO         2158    i._ZN9Class_PID7Set_NowEf  alg_pid.o
    0x0800a35c   0x0800a35c   0x00000050   Code   RO          533    i._ZN9Class_PIDC1Ev  tsk_config_and_callback.o
    0x0800a3ac   0x0800a3ac   0x00000004   Code   RO          113    i._ZSt4fmodff       crt_chassis.o
    0x0800a3b0   0x0800a3b0   0x00000004   Code   RO          665    i._ZSt4sqrtf        ita_robot.o
    0x0800a3b4   0x0800a3b4   0x00000026   Code   RO         8587    i.__ARM_fpclassifyf  m_wv.l(fpclassifyf.o)
    0x0800a3da   0x0800a3da   0x00000024   Code   RO         8488    i.__aeabi_vec_ctor_nocookie_nodtor  cpprt_w.l(aeabi_vec_ctor_nocookie_nodtor.o)
    0x0800a3fe   0x0800a3fe   0x00000002   PAD
    0x0800a400   0x0800a400   0x000002b4   Code   RO         8493    i.__hardfp_atan2f   m_wv.l(atan2f.o)
    0x0800a6b4   0x0800a6b4   0x000000b0   Code   RO         8505    i.__hardfp_fmodf    m_wv.l(fmodf.o)
    0x0800a764   0x0800a764   0x0000003a   Code   RO         8517    i.__hardfp_sqrtf    m_wv.l(sqrtf.o)
    0x0800a79e   0x0800a79e   0x00000006   Code   RO         8591    i.__mathlib_flt_infnan2  m_wv.l(funder.o)
    0x0800a7a4   0x0800a7a4   0x00000010   Code   RO         8592    i.__mathlib_flt_invalid  m_wv.l(funder.o)
    0x0800a7b4   0x0800a7b4   0x00000010   Code   RO         8595    i.__mathlib_flt_underflow  m_wv.l(funder.o)
    0x0800a7c4   0x0800a7c4   0x000000dc   Code   RO          407    i.__sti___27_tsk_config_and_callback_cpp_chariot  tsk_config_and_callback.o
    0x0800a8a0   0x0800a8a0   0x00000042   Code   RO         7813    i.main              main.o
    0x0800a8e2   0x0800a8e2   0x00000028   Code   RO          785    t._Z14Math_ConstrainIfET_PS0_S0_S0_  dvc_motor_mksesc.o
    0x0800a90a   0x0800a90a   0x00000032   Code   RO           99    t._Z26Math_Modulus_NormalizationIfET_S0_S0_  crt_chassis.o
    0x0800a93c   0x0800a93c   0x00000012   Code   RO          106    t._Z8Math_AbsIfET_S0_  crt_chassis.o
    0x0800a94e   0x0800a94e   0x00000060   Code   RO         8491    x$fpl$ffltll        fz_wv.l(ffltll_clz.o)
    0x0800a9ae   0x0800a9ae   0x0000008c   Code   RO         8630    x$fpl$fnaninf       fz_wv.l(fnaninf.o)
    0x0800aa3a   0x0800aa3a   0x0000000a   Code   RO         8632    x$fpl$fpinit        fz_wv.l(fpinit.o)
    0x0800aa44   0x0800aa44   0x000000f4   Code   RO         8584    x$fpl$frem          fz_wv.l(frem_clz.o)
    0x0800ab38   0x0800ab38   0x00000000   Code   RO         8586    x$fpl$usenofp       fz_wv.l(usenofp.o)
    0x0800ab38   0x0800ab38   0x00000010   Data   RO           30    .constdata          crt_chassis.o
    0x0800ab48   0x0800ab48   0x00000070   Data   RO          427    .constdata          tsk_config_and_callback.o
    0x0800abb8   0x0800abb8   0x00000010   Data   RO         2330    .constdata          system_stm32h7xx.o
    0x0800abc8   0x0800abc8   0x00000008   Data   RO         3399    .constdata          stm32h7xx_hal_dma.o
    0x0800abd0   0x0800abd0   0x0000005c   Data   RO         5458    .constdata          stm32h7xx_hal_fdcan.o
    0x0800ac2c   0x0800ac2c   0x00000018   Data   RO         7315    .constdata          stm32h7xx_hal_uart.o
    0x0800ac44   0x0800ac44   0x00000010   Data   RO         7704    .constdata          stm32h7xx_hal_uart_ex.o
    0x0800ac54   0x0800ac54   0x00000804   Data   RO         8460    .rodata.sinTable_f32  arm_cortexM7lfsp_math.lib(arm_common_tables.o)
    0x0800b458   0x0800b458   0x00000020   Data   RO         8849    Region$$Table       anon$$obj.o
    0x0800b478   0x0800b478   0x00000004   Data   RO          432    .init_array         tsk_config_and_callback.o
    0x0800b47c   0x0800b478   0x00000000   Data   RO         8483    .init_array         c_w.l(init_aeabi.o)


    Execution Region RW_IRAM1 (Exec base: 0x20000000, Load base: 0x0800b47c, Size: 0x00000000, Max: 0x00020000, ABSOLUTE)

    **** No section assigned to this execution region ****


    Execution Region RW_IRAM2 (Exec base: 0x24000000, Load base: 0x0800b47c, Size: 0x00002f20, Max: 0x00060000, ABSOLUTE, COMPRESSED[0x0000002c])

    Exec Addr    Load Addr    Size         Type   Attr      Idx    E Section Name        Object

    0x24000000   COMPRESSED   0x0000000c   Data   RW          428    .data               tsk_config_and_callback.o
    0x2400000c   COMPRESSED   0x00000008   Data   RW          620    .data               ita_robot.o
    0x24000014   COMPRESSED   0x00000004   PAD
    0x24000018   COMPRESSED   0x00000010   Data   RW         1216    .data               dvc_dwt.o
    0x24000028   COMPRESSED   0x00000020   Data   RW         1306    .data               dvc_motor_dm.o
    0x24000048   COMPRESSED   0x00000040   Data   RW         1568    .data               dvc_motor_rs.o
    0x24000088   COMPRESSED   0x00000080   Data   RW         1704    .data               drv_tim.o
    0x24000108   COMPRESSED   0x00000008   Data   RW         1752    .data               drv_can.o
    0x24000110   COMPRESSED   0x00000008   Data   RW         1753    .data               drv_can.o
    0x24000118   COMPRESSED   0x00000008   Data   RW         1754    .data               drv_can.o
    0x24000120   COMPRESSED   0x00000008   Data   RW         1755    .data               drv_can.o
    0x24000128   COMPRESSED   0x00000008   Data   RW         1756    .data               drv_can.o
    0x24000130   COMPRESSED   0x00000008   Data   RW         1760    .data               drv_can.o
    0x24000138   COMPRESSED   0x00000008   Data   RW         1761    .data               drv_can.o
    0x24000140   COMPRESSED   0x00000008   Data   RW         1762    .data               drv_can.o
    0x24000148   COMPRESSED   0x00000008   Data   RW         1763    .data               drv_can.o
    0x24000150   COMPRESSED   0x00000008   Data   RW         1764    .data               drv_can.o
    0x24000158   COMPRESSED   0x00000008   Data   RW         1767    .data               drv_can.o
    0x24000160   COMPRESSED   0x00000008   Data   RW         1768    .data               drv_can.o
    0x24000168   COMPRESSED   0x00000008   Data   RW         1769    .data               drv_can.o
    0x24000170   COMPRESSED   0x00000008   Data   RW         1770    .data               drv_can.o
    0x24000178   COMPRESSED   0x00000008   Data   RW         1771    .data               drv_can.o
    0x24000180   COMPRESSED   0x00000080   Data   RW         2049    .data               drv_gpio_exti.o
    0x24000200   COMPRESSED   0x00000008   Data   RW         2331    .data               system_stm32h7xx.o
    0x24000208   COMPRESSED   0x0000000c   Data   RW         4270    .data               stm32h7xx_hal.o
    0x24000214   COMPRESSED   0x00000004   Data   RW         7935    .data               fdcan.o
    0x24000218        -       0x00000a54   Zero   RW          426    .bss                tsk_config_and_callback.o
    0x24000c6c        -       0x0000000c   Zero   RW         1215    .bss                dvc_dwt.o
    0x24000c78        -       0x000000a8   Zero   RW         1751    .bss                drv_can.o
    0x24000d20        -       0x00001478   Zero   RW         2093    .bss                drv_uart.o
    0x24002198        -       0x000001e0   Zero   RW         7934    .bss                fdcan.o
    0x24002378        -       0x00000130   Zero   RW         8020    .bss                tim.o
    0x240024a8        -       0x00000414   Zero   RW         8099    .bss                usart.o
    0x240028bc        -       0x00000060   Zero   RW         8635    .bss                c_w.l(libspace.o)
    0x2400291c   COMPRESSED   0x00000004   PAD
    0x24002920        -       0x00000200   Zero   RW         8347    HEAP                startup_stm32h723xx.o
    0x24002b20        -       0x00000400   Zero   RW         8346    STACK               startup_stm32h723xx.o


==============================================================================

Image component sizes


      Code (inc. data)   RO Data    RW Data    ZI Data      Debug   Object Name

        44          0          0          0          0       1492   alg_fsm.o
       548          6          0          0          0       5404   alg_pid.o
      3028        146         16          0          0    1253909   crt_chassis.o
       342         20          0          0          0      33647   crt_weapons.o
       124          4          0          0          0        998   dma.o
       200         36          0          0          0       4048   drv_bsp.o
       644         58          0        120        168     134140   drv_can.o
       452          8          0        128          0       3290   drv_gpio_exti.o
       100          0          0          0          0       2654   drv_math.o
       688        132          0        128          0       3622   drv_tim.o
       836        160          0          0       5240       4525   drv_uart.o
       914         56          0          0          0     940307   dvc_dr16.o
       188         34          0         16         12       2368   dvc_dwt.o
      1232        162          0          0          0      16859   dvc_motor_dji.o
       488         46          0         32          0      11451   dvc_motor_dm.o
       768         64          0          0          0       9089   dvc_motor_mksesc.o
       364         38          0         64          0      11748   dvc_motor_rs.o
       736         54          0          4        480       3589   fdcan.o
       248         12          0          0          0       1243   gpio.o
       614         14          0          8          0      22851   ita_robot.o
       222          6          0          0          0       2236   main.o
        64         26        716          0       1536        808   startup_stm32h723xx.o
       196         38          0         12          0      23105   stm32h7xx_hal.o
       198         14          0          0          0      39647   stm32h7xx_hal_cortex.o
      6464        140          8          0          0      14566   stm32h7xx_hal_dma.o
      2838         50         92          0          0      23260   stm32h7xx_hal_fdcan.o
       584         44          0          0          0       3798   stm32h7xx_hal_gpio.o
        28          6          0          0          0        970   stm32h7xx_hal_msp.o
        88          6          0          0          0        829   stm32h7xx_hal_pwr_ex.o
      2708        118          0          0          0       8096   stm32h7xx_hal_rcc.o
      3964        120          0          0          0       8381   stm32h7xx_hal_rcc_ex.o
      2720        296          0          0          0      18526   stm32h7xx_hal_tim.o
       186         36          0          0          0       3404   stm32h7xx_hal_tim_ex.o
      3478        150         24          0          0      35532   stm32h7xx_hal_uart.o
       374          6         16          0          0       6513   stm32h7xx_hal_uart_ex.o
       202         72          0          0          0      10275   stm32h7xx_it.o
       192         34         16          8          0       1486   system_stm32h7xx.o
       732         76          0          0        304       5279   tim.o
      1430        242        116         12       2644      51676   tsk_config_and_callback.o
      1056         80          0          0       1044       4048   usart.o

    ----------------------------------------------------------------------
     40330       2610       1036        536      11428    2729669   Object Totals
         0          0         32          0          0          0   (incl. Generated)
        48          0          0          4          0          0   (incl. Padding)

    ----------------------------------------------------------------------

      Code (inc. data)   RO Data    RW Data    ZI Data      Debug   Library Member Name

         0          0       2052          0          0       4961   arm_common_tables.o
       144         12          0          0          0       1111   arm_cos_f32.o
       140         12          0          0          0       1098   arm_sin_f32.o
        90          0          0          0          0          0   __dczerorl2.o
         8          0          0          0          0         68   __main.o
         0          0          0          0          0          0   __rtentry.o
        12          0          0          0          0          0   __rtentry2.o
         6          0          0          0          0          0   __rtentry4.o
        52          8          0          0          0          0   __scatter.o
        28          0          0          0          0          0   __scatter_zi.o
        22          0          0          0          0        100   _rserrno.o
        18          0          0          0          0         80   exit.o
         6          0          0          0          0        152   heapauxi.o
         0          0          0          0          0          0   indicate_semi.o
        36         10          0          0          0         80   init_aeabi.o
         2          0          0          0          0          0   libinit.o
        10          0          0          0          0          0   libinit2.o
         2          0          0          0          0          0   libshutdown.o
         2          0          0          0          0          0   libshutdown2.o
         8          4          0          0         96         68   libspace.o
       238          0          0          0          0        100   lludivv7m.o
         8          4          0          0          0         68   rt_errno_addr_intlibspace.o
        78          0          0          0          0         80   rt_memclr_w.o
       138          0          0          0          0         68   rt_memcpy_v6.o
       100          0          0          0          0         80   rt_memcpy_w.o
         2          0          0          0          0          0   rtexit.o
        10          0          0          0          0          0   rtexit2.o
        12          4          0          0          0         68   sys_exit.o
        74          0          0          0          0         80   sys_stackheap_outer.o
         2          0          0          0          0         68   use_no_semi.o
        36          0          0          0          0         84   aeabi_vec_ctor_nocookie_nodtor.o
        96          0          0          0          0        132   ffltll_clz.o
       140          4          0          0          0        132   fnaninf.o
        10          0          0          0          0        116   fpinit.o
       244          8          0          0          0        132   frem_clz.o
         0          0          0          0          0          0   usenofp.o
       692         98          0          0          0        208   atan2f.o
       176          0          0          0          0        168   fmodf.o
        38          0          0          0          0        116   fpclassifyf.o
        38         12          0          0          0        348   funder.o
        58          0          0          0          0        136   sqrtf.o

    ----------------------------------------------------------------------
      2786        176       2052          0        100       9902   Library Totals
        10          0          0          0          4          0   (incl. Padding)

    ----------------------------------------------------------------------

      Code (inc. data)   RO Data    RW Data    ZI Data      Debug   Library Name

       284         24       2052          0          0       7170   arm_cortexM7lfsp_math.lib
       964         30          0          0         96       1160   c_w.l
        36          0          0          0          0         84   cpprt_w.l
       490         12          0          0          0        512   fz_wv.l
      1002        110          0          0          0        976   m_wv.l

    ----------------------------------------------------------------------
      2786        176       2052          0        100       9902   Library Totals

    ----------------------------------------------------------------------

==============================================================================


      Code (inc. data)   RO Data    RW Data    ZI Data      Debug   

     43116       2786       3088        536      11528    2712683   Grand Totals
     43116       2786       3088         44      11528    2712683   ELF Image Totals (compressed)
     43116       2786       3088         44          0          0   ROM Totals

==============================================================================

    Total RO  Size (Code + RO Data)                46204 (  45.12kB)
    Total RW  Size (RW Data + ZI Data)             12064 (  11.78kB)
    Total ROM Size (Code + RO Data + RW Data)      46248 (  45.16kB)

==============================================================================

