<html>
<body>
<pre>
<h1>µVision Build Log</h1>
<h2>Tool Versions:</h2>
IDE-Version: ¦ÌVision V5.43.1.0
Copyright (C) 2025 ARM Ltd and ARM Germany GmbH. All rights reserved.
License Information: c clover, c, LIC=65ISZ-JY4SI-BS8YX-HE94K-CNL0E-Y9AHT
 
Tool Versions:
Toolchain:       MDK-ARM Plus  Version: 5.43.0.0
Toolchain Path:  D:\clover\Work\Embedded\keil 5\ARM\ARMCC\Bin
C Compiler:      Armcc.exe V5.06 update 7 (build 960)
Assembler:       Armasm.exe V5.06 update 7 (build 960)
Linker/Locator:  ArmLink.exe V5.06 update 7 (build 960)
Library Manager: ArmAr.exe V5.06 update 7 (build 960)
Hex Converter:   FromElf.exe V5.06 update 7 (build 960)
CPU DLL:         SARMCM3.DLL V5.43.0.0
Dialog DLL:      DCM.DLL V1.17.5.0
Target DLL:      Segger\JL2CM3.dll V2.99.45.0
Dialog DLL:      TCM.DLL V1.56.6.0
 
<h2>Project:</h2>
C:\Users\clover\Desktop\2026_2_3_temp\H723VGT6_Demo\H723VGT6_Demo\MDK-ARM\H723VGT6_Demo.uvprojx
Project File Date:  03/01/2026

<h2>Output:</h2>
*** Using Compiler 'V5.06 update 7 (build 960)', folder: 'D:\clover\Work\Embedded\keil 5\ARM\ARMCC\Bin'
Rebuild target 'H723VGT6_Demo'
assembling startup_stm32h723xx.s...
compiling stm32h7xx_hal_msp.c...
compiling memorymap.c...
compiling dma.c...
compiling stm32h7xx_hal_hsem.c...
compiling stm32h7xx_hal_cortex.c...
compiling stm32h7xx_hal_gpio.c...
compiling stm32h7xx_hal_pwr.c...
compiling fdcan.c...
compiling stm32h7xx_hal_mdma.c...
compiling gpio.c...
compiling tim.c...
compiling stm32h7xx_hal_flash.c...
compiling usart.c...
compiling stm32h7xx_hal_flash_ex.c...
compiling main.c...
compiling stm32h7xx_it.c...
compiling stm32h7xx_hal.c...
compiling stm32h7xx_hal_pwr_ex.c...
compiling stm32h7xx_hal_dma_ex.c...
compiling stm32h7xx_hal_rcc.c...
compiling stm32h7xx_hal_i2c.c...
compiling stm32h7xx_hal_rcc_ex.c...
compiling stm32h7xx_hal_dma.c...
compiling stm32h7xx_hal_exti.c...
compiling stm32h7xx_hal_i2c_ex.c...
compiling stm32h7xx_hal_uart_ex.c...
compiling system_stm32h7xx.c...
compiling drv_can.c...
compiling drv_gpio_exti.cpp...
compiling dvc_pmt45.cpp...
compiling dvc_dwt.cpp...
..\User_dvc\dvc_dwt.cpp(81): warning:  #1-D: last line of file ends without a newline
  }
..\User_dvc\dvc_dwt.cpp: 1 warning, 0 errors
compiling alg_pid.cpp...
compiling alg_slope.cpp...
compiling dvc_motor_mksesc.cpp...
compiling drv_bsp.c...
compiling stm32h7xx_hal_tim_ex.c...
compiling drv_math.cpp...
compiling drv_uart.c...
compiling drv_tim.cpp...
compiling dvc_dr16.cpp...
compiling stm32h7xx_hal_fdcan.c...
compiling dvc_motor_dji.cpp...
compiling ita_robot.cpp...
compiling stm32h7xx_hal_uart.c...
compiling stm32h7xx_hal_tim.c...
compiling tsk_config_and_callback.cpp...
compiling crt_chassis.cpp...
linking...
Program Size: Code=51332 RO-data=3076 RW-data=444 ZI-data=11052  
FromELF: creating hex file...
"H723VGT6_Demo\H723VGT6_Demo.axf" - 0 Error(s), 1 Warning(s).

<h2>Software Packages used:</h2>

Package Vendor: ARM
                https://www.keil.com/pack/ARM.CMSIS.6.3.0.pack
                ARM::CMSIS@6.3.0
                CMSIS (Common Microcontroller Software Interface Standard)
   * Component: CORE Version: 6.2.0

Package Vendor: Keil
                https://www.keil.com/pack/Keil.STM32H7xx_DFP.4.1.3.pack
                Keil::STM32H7xx_DFP@4.1.3
                STMicroelectronics STM32H7 Series Device Support

<h2>Collection of Component include folders:</h2>
  ./RTE/_H723VGT6_Demo
  D:/clover/Work/Embedded/keil 5/Packs/ARM/CMSIS/6.3.0/CMSIS/Core/Include

<h2>Collection of Component Files used:</h2>

   * Component: ARM::CMSIS:CORE@6.2.0
      Include file:  CMSIS/Core/Include/tz_context.h
Build Time Elapsed:  00:00:32
</pre>
</body>
</html>
