Component: ARM Compiler 5.06 update 7 (build 960) Tool: armlink [4d3601]

==============================================================================

Section Cross References

    startup_stm32h723xx.o(STACK) refers (Special) to heapauxi.o(.text) for __use_two_region_memory
    startup_stm32h723xx.o(HEAP) refers (Special) to heapauxi.o(.text) for __use_two_region_memory
    startup_stm32h723xx.o(RESET) refers (Special) to heapauxi.o(.text) for __use_two_region_memory
    startup_stm32h723xx.o(RESET) refers to startup_stm32h723xx.o(STACK) for __initial_sp
    startup_stm32h723xx.o(RESET) refers to startup_stm32h723xx.o(.text) for Reset_Handler
    startup_stm32h723xx.o(RESET) refers to stm32h7xx_it.o(i.NMI_Handler) for NMI_Handler
    startup_stm32h723xx.o(RESET) refers to stm32h7xx_it.o(i.HardFault_Handler) for HardFault_Handler
    startup_stm32h723xx.o(RESET) refers to stm32h7xx_it.o(i.MemManage_Handler) for MemManage_Handler
    startup_stm32h723xx.o(RESET) refers to stm32h7xx_it.o(i.BusFault_Handler) for BusFault_Handler
    startup_stm32h723xx.o(RESET) refers to stm32h7xx_it.o(i.UsageFault_Handler) for UsageFault_Handler
    startup_stm32h723xx.o(RESET) refers to stm32h7xx_it.o(i.SVC_Handler) for SVC_Handler
    startup_stm32h723xx.o(RESET) refers to stm32h7xx_it.o(i.DebugMon_Handler) for DebugMon_Handler
    startup_stm32h723xx.o(RESET) refers to stm32h7xx_it.o(i.PendSV_Handler) for PendSV_Handler
    startup_stm32h723xx.o(RESET) refers to stm32h7xx_it.o(i.SysTick_Handler) for SysTick_Handler
    startup_stm32h723xx.o(RESET) refers to stm32h7xx_it.o(i.DMA1_Stream1_IRQHandler) for DMA1_Stream1_IRQHandler
    startup_stm32h723xx.o(RESET) refers to stm32h7xx_it.o(i.DMA1_Stream2_IRQHandler) for DMA1_Stream2_IRQHandler
    startup_stm32h723xx.o(RESET) refers to stm32h7xx_it.o(i.DMA1_Stream3_IRQHandler) for DMA1_Stream3_IRQHandler
    startup_stm32h723xx.o(RESET) refers to stm32h7xx_it.o(i.DMA1_Stream4_IRQHandler) for DMA1_Stream4_IRQHandler
    startup_stm32h723xx.o(RESET) refers to stm32h7xx_it.o(i.FDCAN1_IT0_IRQHandler) for FDCAN1_IT0_IRQHandler
    startup_stm32h723xx.o(RESET) refers to stm32h7xx_it.o(i.FDCAN2_IT0_IRQHandler) for FDCAN2_IT0_IRQHandler
    startup_stm32h723xx.o(RESET) refers to stm32h7xx_it.o(i.TIM4_IRQHandler) for TIM4_IRQHandler
    startup_stm32h723xx.o(RESET) refers to stm32h7xx_it.o(i.USART1_IRQHandler) for USART1_IRQHandler
    startup_stm32h723xx.o(RESET) refers to stm32h7xx_it.o(i.EXTI15_10_IRQHandler) for EXTI15_10_IRQHandler
    startup_stm32h723xx.o(RESET) refers to stm32h7xx_it.o(i.TIM5_IRQHandler) for TIM5_IRQHandler
    startup_stm32h723xx.o(RESET) refers to stm32h7xx_it.o(i.UART5_IRQHandler) for UART5_IRQHandler
    startup_stm32h723xx.o(RESET) refers to stm32h7xx_it.o(i.DMA2_Stream0_IRQHandler) for DMA2_Stream0_IRQHandler
    startup_stm32h723xx.o(RESET) refers to stm32h7xx_it.o(i.USART10_IRQHandler) for USART10_IRQHandler
    startup_stm32h723xx.o(.text) refers (Special) to heapauxi.o(.text) for __use_two_region_memory
    startup_stm32h723xx.o(.text) refers to system_stm32h7xx.o(i.SystemInit) for SystemInit
    startup_stm32h723xx.o(.text) refers to __main.o(!!!main) for __main
    startup_stm32h723xx.o(.text) refers to startup_stm32h723xx.o(HEAP) for Heap_Mem
    startup_stm32h723xx.o(.text) refers to startup_stm32h723xx.o(STACK) for Stack_Mem
    main.o(i._Z18SystemClock_Configv) refers to rt_memclr_w.o(.text) for __aeabi_memclr4
    main.o(i._Z18SystemClock_Configv) refers to stm32h7xx_hal_pwr_ex.o(i.HAL_PWREx_ConfigSupply) for HAL_PWREx_ConfigSupply
    main.o(i._Z18SystemClock_Configv) refers to stm32h7xx_hal_rcc.o(i.HAL_RCC_OscConfig) for HAL_RCC_OscConfig
    main.o(i._Z18SystemClock_Configv) refers to main.o(i.Error_Handler) for Error_Handler
    main.o(i._Z18SystemClock_Configv) refers to stm32h7xx_hal_rcc.o(i.HAL_RCC_ClockConfig) for HAL_RCC_ClockConfig
    main.o(i.main) refers to stm32h7xx_hal.o(i.HAL_Init) for HAL_Init
    main.o(i.main) refers to main.o(i._Z18SystemClock_Configv) for SystemClock_Config()
    main.o(i.main) refers to gpio.o(i.MX_GPIO_Init) for MX_GPIO_Init
    main.o(i.main) refers to dma.o(i.MX_DMA_Init) for MX_DMA_Init
    main.o(i.main) refers to tim.o(i.MX_TIM5_Init) for MX_TIM5_Init
    main.o(i.main) refers to fdcan.o(i.MX_FDCAN1_Init) for MX_FDCAN1_Init
    main.o(i.main) refers to tim.o(i.MX_TIM3_Init) for MX_TIM3_Init
    main.o(i.main) refers to tim.o(i.MX_TIM12_Init) for MX_TIM12_Init
    main.o(i.main) refers to fdcan.o(i.MX_FDCAN2_Init) for MX_FDCAN2_Init
    main.o(i.main) refers to fdcan.o(i.MX_FDCAN3_Init) for MX_FDCAN3_Init
    main.o(i.main) refers to usart.o(i.MX_UART5_Init) for MX_UART5_Init
    main.o(i.main) refers to usart.o(i.MX_USART1_UART_Init) for MX_USART1_UART_Init
    main.o(i.main) refers to usart.o(i.MX_USART10_UART_Init) for MX_USART10_UART_Init
    main.o(i.main) refers to tim.o(i.MX_TIM4_Init) for MX_TIM4_Init
    main.o(i.main) refers to tsk_config_and_callback.o(i.Task_Init) for Task_Init
[...]
    HAL_FDCAN_TxBufferAbortCallback          0x0800333d   Thumb Code     2  stm32h7xx_hal_fdcan.o(i.HAL_FDCAN_TxBufferAbortCallback)
    HAL_FDCAN_TxBufferCompleteCallback       0x0800333f   Thumb Code     2  stm32h7xx_hal_fdcan.o(i.HAL_FDCAN_TxBufferCompleteCallback)
    HAL_FDCAN_TxEventFifoCallback            0x08003341   Thumb Code     2  stm32h7xx_hal_fdcan.o(i.HAL_FDCAN_TxEventFifoCallback)
    HAL_FDCAN_TxFifoEmptyCallback            0x08003343   Thumb Code     2  stm32h7xx_hal_fdcan.o(i.HAL_FDCAN_TxFifoEmptyCallback)
    HAL_GPIO_EXTI_Callback                   0x08003345   Thumb Code   212  drv_gpio_exti.o(i.HAL_GPIO_EXTI_Callback)
    HAL_GPIO_EXTI_IRQHandler                 0x08003459   Thumb Code    24  stm32h7xx_hal_gpio.o(i.HAL_GPIO_EXTI_IRQHandler)
    HAL_GPIO_Init                            0x08003475   Thumb Code   446  stm32h7xx_hal_gpio.o(i.HAL_GPIO_Init)
    HAL_GPIO_ReadPin                         0x08003665   Thumb Code    16  stm32h7xx_hal_gpio.o(i.HAL_GPIO_ReadPin)
    HAL_GPIO_WritePin                        0x08003675   Thumb Code    12  stm32h7xx_hal_gpio.o(i.HAL_GPIO_WritePin)
    HAL_GetTick                              0x08003681   Thumb Code     6  stm32h7xx_hal.o(i.HAL_GetTick)
    HAL_IncTick                              0x0800368d   Thumb Code    16  stm32h7xx_hal.o(i.HAL_IncTick)
    HAL_Init                                 0x080036a5   Thumb Code    80  stm32h7xx_hal.o(i.HAL_Init)
    HAL_InitTick                             0x08003705   Thumb Code    74  stm32h7xx_hal.o(i.HAL_InitTick)
    HAL_MspInit                              0x0800375d   Thumb Code    32  stm32h7xx_hal_msp.o(i.HAL_MspInit)
    HAL_NVIC_EnableIRQ                       0x08003781   Thumb Code    40  stm32h7xx_hal_cortex.o(i.HAL_NVIC_EnableIRQ)
    HAL_NVIC_SetPriority                     0x080037a9   Thumb Code   122  stm32h7xx_hal_cortex.o(i.HAL_NVIC_SetPriority)
    HAL_NVIC_SetPriorityGrouping             0x08003825   Thumb Code    32  stm32h7xx_hal_cortex.o(i.HAL_NVIC_SetPriorityGrouping)
    HAL_PWREx_ConfigSupply                   0x0800384d   Thumb Code    90  stm32h7xx_hal_pwr_ex.o(i.HAL_PWREx_ConfigSupply)
    HAL_RCCEx_GetD3PCLK1Freq                 0x080038ad   Thumb Code    26  stm32h7xx_hal_rcc_ex.o(i.HAL_RCCEx_GetD3PCLK1Freq)
    HAL_RCCEx_GetPLL2ClockFreq               0x080038d1   Thumb Code   536  stm32h7xx_hal_rcc_ex.o(i.HAL_RCCEx_GetPLL2ClockFreq)
    HAL_RCCEx_GetPLL3ClockFreq               0x08003b01   Thumb Code   536  stm32h7xx_hal_rcc_ex.o(i.HAL_RCCEx_GetPLL3ClockFreq)
    HAL_RCCEx_PeriphCLKConfig                0x08003d31   Thumb Code  3272  stm32h7xx_hal_rcc_ex.o(i.HAL_RCCEx_PeriphCLKConfig)
    HAL_RCC_ClockConfig                      0x080049f9   Thumb Code   774  stm32h7xx_hal_rcc.o(i.HAL_RCC_ClockConfig)
    HAL_RCC_GetHCLKFreq                      0x08004d19   Thumb Code    60  stm32h7xx_hal_rcc.o(i.HAL_RCC_GetHCLKFreq)
    HAL_RCC_GetPCLK1Freq                     0x08004d65   Thumb Code    26  stm32h7xx_hal_rcc.o(i.HAL_RCC_GetPCLK1Freq)
    HAL_RCC_GetPCLK2Freq                     0x08004d89   Thumb Code    26  stm32h7xx_hal_rcc.o(i.HAL_RCC_GetPCLK2Freq)
    HAL_RCC_GetSysClockFreq                  0x08004dad   Thumb Code   524  stm32h7xx_hal_rcc.o(i.HAL_RCC_GetSysClockFreq)
    HAL_RCC_OscConfig                        0x08004fd9   Thumb Code  1874  stm32h7xx_hal_rcc.o(i.HAL_RCC_OscConfig)
    HAL_SYSTICK_Config                       0x08005735   Thumb Code    52  stm32h7xx_hal_cortex.o(i.HAL_SYSTICK_Config)
    HAL_TIMEx_Break2Callback                 0x08005769   Thumb Code     2  stm32h7xx_hal_tim_ex.o(i.HAL_TIMEx_Break2Callback)
    HAL_TIMEx_BreakCallback                  0x0800576b   Thumb Code     2  stm32h7xx_hal_tim_ex.o(i.HAL_TIMEx_BreakCallback)
    HAL_TIMEx_CommutCallback                 0x0800576d   Thumb Code     2  stm32h7xx_hal_tim_ex.o(i.HAL_TIMEx_CommutCallback)
    HAL_TIMEx_MasterConfigSynchronization    0x08005771   Thumb Code   190  stm32h7xx_hal_tim_ex.o(i.HAL_TIMEx_MasterConfigSynchronization)
    HAL_TIM_Base_Init                        0x08005855   Thumb Code   110  stm32h7xx_hal_tim.o(i.HAL_TIM_Base_Init)
    HAL_TIM_Base_MspInit                     0x080058c5   Thumb Code   112  tim.o(i.HAL_TIM_Base_MspInit)
    HAL_TIM_Base_Start_IT                    0x08005941   Thumb Code   162  stm32h7xx_hal_tim.o(i.HAL_TIM_Base_Start_IT)
    HAL_TIM_ConfigClockSource                0x08005a0d   Thumb Code   304  stm32h7xx_hal_tim.o(i.HAL_TIM_ConfigClockSource)
    HAL_TIM_IC_CaptureCallback               0x08005b41   Thumb Code     2  stm32h7xx_hal_tim.o(i.HAL_TIM_IC_CaptureCallback)
    HAL_TIM_IRQHandler                       0x08005b43   Thumb Code   408  stm32h7xx_hal_tim.o(i.HAL_TIM_IRQHandler)
    HAL_TIM_MspPostInit                      0x08005cdd   Thumb Code   144  tim.o(i.HAL_TIM_MspPostInit)
    HAL_TIM_OC_DelayElapsedCallback          0x08005d7d   Thumb Code     2  stm32h7xx_hal_tim.o(i.HAL_TIM_OC_DelayElapsedCallback)
    HAL_TIM_PWM_ConfigChannel                0x08005d7f   Thumb Code   368  stm32h7xx_hal_tim.o(i.HAL_TIM_PWM_ConfigChannel)
    HAL_TIM_PWM_Init                         0x08005eef   Thumb Code   110  stm32h7xx_hal_tim.o(i.HAL_TIM_PWM_Init)
    HAL_TIM_PWM_MspInit                      0x08005f5d   Thumb Code    76  tim.o(i.HAL_TIM_PWM_MspInit)
    HAL_TIM_PWM_PulseFinishedCallback        0x08005fb5   Thumb Code     2  stm32h7xx_hal_tim.o(i.HAL_TIM_PWM_PulseFinishedCallback)
    HAL_TIM_PWM_Start                        0x08005fb9   Thumb Code   330  stm32h7xx_hal_tim.o(i.HAL_TIM_PWM_Start)
    HAL_TIM_PeriodElapsedCallback            0x08006135   Thumb Code   384  drv_tim.o(i.HAL_TIM_PeriodElapsedCallback)
    HAL_TIM_TriggerCallback                  0x08006335   Thumb Code     2  stm32h7xx_hal_tim.o(i.HAL_TIM_TriggerCallback)
    HAL_UARTEx_DisableFifoMode               0x08006337   Thumb Code    78  stm32h7xx_hal_uart_ex.o(i.HAL_UARTEx_DisableFifoMode)
    HAL_UARTEx_ReceiveToIdle_DMA             0x08006385   Thumb Code    98  stm32h7xx_hal_uart_ex.o(i.HAL_UARTEx_ReceiveToIdle_DMA)
    HAL_UARTEx_RxEventCallback               0x080063e9   Thumb Code   486  drv_uart.o(i.HAL_UARTEx_RxEventCallback)
    HAL_UARTEx_RxFifoFullCallback            0x08006621   Thumb Code     2  stm32h7xx_hal_uart_ex.o(i.HAL_UARTEx_RxFifoFullCallback)
    HAL_UARTEx_SetRxFifoThreshold            0x08006623   Thumb Code    94  stm32h7xx_hal_uart_ex.o(i.HAL_UARTEx_SetRxFifoThreshold)
    HAL_UARTEx_SetTxFifoThreshold            0x08006681   Thumb Code    94  stm32h7xx_hal_uart_ex.o(i.HAL_UARTEx_SetTxFifoThreshold)
    HAL_UARTEx_TxFifoEmptyCallback           0x080066df   Thumb Code     2  stm32h7xx_hal_uart_ex.o(i.HAL_UARTEx_TxFifoEmptyCallback)
    HAL_UARTEx_WakeupCallback                0x080066e1   Thumb Code     2  stm32h7xx_hal_uart_ex.o(i.HAL_UARTEx_WakeupCallback)
    HAL_UART_ErrorCallback                   0x080066e3   Thumb Code     2  stm32h7xx_hal_uart.o(i.HAL_UART_ErrorCallback)
    HAL_UART_IRQHandler                      0x080066e5   Thumb Code  1172  stm32h7xx_hal_uart.o(i.HAL_UART_IRQHandler)
    HAL_UART_Init                            0x08006b79   Thumb Code   120  stm32h7xx_hal_uart.o(i.HAL_UART_Init)
    HAL_UART_MspInit                         0x08006bf1   Thumb Code   826  usart.o(i.HAL_UART_MspInit)
    HAL_UART_RxCpltCallback                  0x08006f69   Thumb Code     2  stm32h7xx_hal_uart.o(i.HAL_UART_RxCpltCallback)
    HAL_UART_RxHalfCpltCallback              0x08006f6b   Thumb Code     2  stm32h7xx_hal_uart.o(i.HAL_UART_RxHalfCpltCallback)
    HAL_UART_TxCpltCallback                  0x08006f6d   Thumb Code     2  stm32h7xx_hal_uart.o(i.HAL_UART_TxCpltCallback)
    HardFault_Handler                        0x08006f6f   Thumb Code     4  stm32h7xx_it.o(i.HardFault_Handler)
    MX_DMA_Init                              0x08006f75   Thumb Code   138  dma.o(i.MX_DMA_Init)
    MX_FDCAN1_Init                           0x08007005   Thumb Code   130  fdcan.o(i.MX_FDCAN1_Init)
    MX_FDCAN2_Init                           0x08007091   Thumb Code   130  fdcan.o(i.MX_FDCAN2_Init)
    MX_FDCAN3_Init                           0x0800711d   Thumb Code   130  fdcan.o(i.MX_FDCAN3_Init)
    MX_GPIO_Init                             0x080071a9   Thumb Code   310  gpio.o(i.MX_GPIO_Init)
    MX_TIM12_Init                            0x080072ed   Thumb Code   118  tim.o(i.MX_TIM12_Init)
    MX_TIM3_Init                             0x0800736d   Thumb Code   116  tim.o(i.MX_TIM3_Init)
    MX_TIM4_Init                             0x080073e9   Thumb Code   100  tim.o(i.MX_TIM4_Init)
    MX_TIM5_Init                             0x08007455   Thumb Code   102  tim.o(i.MX_TIM5_Init)
    MX_UART5_Init                            0x080074c5   Thumb Code   102  usart.o(i.MX_UART5_Init)
    MX_USART10_UART_Init                     0x08007539   Thumb Code    98  usart.o(i.MX_USART10_UART_Init)
    MX_USART1_UART_Init                      0x080075a5   Thumb Code    98  usart.o(i.MX_USART1_UART_Init)
    MemManage_Handler                        0x08007611   Thumb Code     4  stm32h7xx_it.o(i.MemManage_Handler)
    NMI_Handler                              0x08007615   Thumb Code     4  stm32h7xx_it.o(i.NMI_Handler)
    PendSV_Handler                           0x08007619   Thumb Code     2  stm32h7xx_it.o(i.PendSV_Handler)
    SVC_Handler                              0x0800761b   Thumb Code     2  stm32h7xx_it.o(i.SVC_Handler)
    SysTick_Handler                          0x0800761d   Thumb Code     8  stm32h7xx_it.o(i.SysTick_Handler)
    SystemInit                               0x08007625   Thumb Code   192  system_stm32h7xx.o(i.SystemInit)
    TIM4_IRQHandler                          0x08007705   Thumb Code    10  stm32h7xx_it.o(i.TIM4_IRQHandler)
    TIM5_IRQHandler                          0x08007715   Thumb Code    10  stm32h7xx_it.o(i.TIM5_IRQHandler)
    TIM_Base_SetConfig                       0x08007725   Thumb Code   198  stm32h7xx_hal_tim.o(i.TIM_Base_SetConfig)
    TIM_CCxChannelCmd                        0x08007815   Thumb Code    34  stm32h7xx_hal_tim.o(i.TIM_CCxChannelCmd)
    TIM_ETR_SetConfig                        0x08007837   Thumb Code    22  stm32h7xx_hal_tim.o(i.TIM_ETR_SetConfig)
    TIM_OC2_SetConfig                        0x0800784d   Thumb Code   156  stm32h7xx_hal_tim.o(i.TIM_OC2_SetConfig)
    Task_Init                                0x08007901   Thumb Code   140  tsk_config_and_callback.o(i.Task_Init)
    Task_Loop                                0x080079d5   Thumb Code     2  tsk_config_and_callback.o(i.Task_Loop)
    UART5_IRQHandler                         0x080079d9   Thumb Code    10  stm32h7xx_it.o(i.UART5_IRQHandler)
    UART_AdvFeatureConfig                    0x080079e9   Thumb Code   248  stm32h7xx_hal_uart.o(i.UART_AdvFeatureConfig)
    UART_CheckIdleState                      0x08007ae1   Thumb Code   234  stm32h7xx_hal_uart.o(i.UART_CheckIdleState)
    UART_SetConfig                           0x08007bcd   Thumb Code  1558  stm32h7xx_hal_uart.o(i.UART_SetConfig)
    UART_Start_Receive_DMA                   0x080081f5   Thumb Code   186  stm32h7xx_hal_uart.o(i.UART_Start_Receive_DMA)
    UART_WaitOnFlagUntilTimeout              0x080082bd   Thumb Code   172  stm32h7xx_hal_uart.o(i.UART_WaitOnFlagUntilTimeout)
    USART10_IRQHandler                       0x08008369   Thumb Code    10  stm32h7xx_it.o(i.USART10_IRQHandler)
    USART1_IRQHandler                        0x08008379   Thumb Code    10  stm32h7xx_it.o(i.USART1_IRQHandler)
    UsageFault_Handler                       0x08008389   Thumb Code     4  stm32h7xx_it.o(i.UsageFault_Handler)
    DWT_Update()                             0x0800838d   Thumb Code   112  dvc_dwt.o(i._Z10DWT_Updatev)
    FDCAN_Init(FDCAN_HandleTypeDef*, void(*)(Struct_FDCAN_Rx_Buffer*)) 0x08008411   Thumb Code   132  drv_can.o(i._Z10FDCAN_InitP19FDCAN_HandleTypeDefPFvP22Struct_FDCAN_Rx_BufferE)
    BSP_Set_DC5(Enum_BSP_DC5_Status)         0x080084ad   Thumb Code    18  drv_bsp.o(i._Z11BSP_Set_DC519Enum_BSP_DC5_Status)
    BSP_Set_DC24_L(Enum_BSP_DC24_Status)     0x080084c5   Thumb Code    18  drv_bsp.o(i._Z14BSP_Set_DC24_L20Enum_BSP_DC24_Status)
    BSP_Set_DC24_R(Enum_BSP_DC24_Status)     0x080084dd   Thumb Code    18  drv_bsp.o(i._Z14BSP_Set_DC24_R20Enum_BSP_DC24_Status)
    GPIO_EXTI_Init(unsigned short, void(*)()) 0x080084f5   Thumb Code   206  drv_gpio_exti.o(i._Z14GPIO_EXTI_InittPFvvE)
    FDCAN_Send_Data(FDCAN_HandleTypeDef*, unsigned, unsigned char*, Enum_FDCAN_ID_Type, unsigned char) 0x08008605   Thumb Code   134  drv_can.o(i._Z15FDCAN_Send_DataP19FDCAN_HandleTypeDefjPh18Enum_FDCAN_ID_Typeh)
    allocate_tx_data(FDCAN_HandleTypeDef*, Enum_Motor_DJI_ID, Enum_Motor_DJI_GM6020_Driver_Version) 0x0800868d   Thumb Code   510  dvc_motor_dji.o(i._Z16allocate_tx_dataP19FDCAN_HandleTypeDef17Enum_Motor_DJI_ID36Enum_Motor_DJI_GM6020_Driver_Version)
    BSP_Set_PWM_Buzzer(float)                0x080088d5   Thumb Code    24  drv_bsp.o(i._Z18BSP_Set_PWM_Buzzerf)
    SystemClock_Config()                     0x080088f5   Thumb Code   178  main.o(i._Z18SystemClock_Configv)
    DR16_UART5_Callback(unsigned char*, unsigned short) 0x080089ad   Thumb Code    22  tsk_config_and_callback.o(i._Z19DR16_UART5_CallbackPht)
    DWT_GetCurrentTimeMs()                   0x080089c9   Thumb Code    12  dvc_dwt.o(i._Z20DWT_GetCurrentTimeMsv)
    GPIO_EXTI10_Callback()                   0x080089d9   Thumb Code    10  tsk_config_and_callback.o(i._Z20GPIO_EXTI10_Callbackv)
    GPIO_EXTI11_Callback()                   0x080089e9   Thumb Code    10  tsk_config_and_callback.o(i._Z20GPIO_EXTI11_Callbackv)
    GPIO_EXTI12_Callback()                   0x080089f9   Thumb Code    10  tsk_config_and_callback.o(i._Z20GPIO_EXTI12_Callbackv)
    GPIO_EXTI14_Callback()                   0x08008a09   Thumb Code    10  tsk_config_and_callback.o(i._Z20GPIO_EXTI14_Callbackv)
    Task1ms_TIM5_Callback()                  0x08008a19   Thumb Code    54  tsk_config_and_callback.o(i._Z21Task1ms_TIM5_Callbackv)
    BSP_Set_PWM_IMU_Heater(float)            0x08008a5d   Thumb Code    24  drv_bsp.o(i._Z22BSP_Set_PWM_IMU_Heaterf)
    Device_FDCAN1_Callback(Struct_FDCAN_Rx_Buffer*) 0x08008a7d   Thumb Code    80  tsk_config_and_callback.o(i._Z22Device_FDCAN1_CallbackP22Struct_FDCAN_Rx_Buffer)
    Device_FDCAN2_Callback(Struct_FDCAN_Rx_Buffer*) 0x08008add   Thumb Code   118  tsk_config_and_callback.o(i._Z22Device_FDCAN2_CallbackP22Struct_FDCAN_Rx_Buffer)
    Math_Endian_Reverse_16(void*, void*)     0x08008b59   Thumb Code    34  drv_math.o(i._Z22Math_Endian_Reverse_16PvS_)
    Math_Endian_Reverse_32(void*, void*)     0x08008b7b   Thumb Code    56  drv_math.o(i._Z22Math_Endian_Reverse_32PvS_)
    Task100us_TIM4_Callback()                0x08008bb5   Thumb Code    60  tsk_config_and_callback.o(i._Z23Task100us_TIM4_Callbackv)
    FDCAN_Filter_Mask_Config(FDCAN_HandleTypeDef*, unsigned char, unsigned, unsigned) 0x08008c09   Thumb Code   162  drv_can.o(i._Z24FDCAN_Filter_Mask_ConfigP19FDCAN_HandleTypeDefhjj)
    BSP_Init(unsigned, float, float)         0x08008cad   Thumb Code    78  drv_bsp.o(i._Z8BSP_Initjff)
    DWT_Init()                               0x08008d05   Thumb Code    46  dvc_dwt.o(i._Z8DWT_Initv)
    TIM_Init(TIM_HandleTypeDef*, void(*)())  0x08008d45   Thumb Code   256  drv_tim.o(i._Z8TIM_InitP17TIM_HandleTypeDefPFvvE)
    UART_Init(__UART_HandleTypeDef*, void(*)(unsigned char*, unsigned short), unsigned short) 0x08008ec1   Thumb Code   368  drv_uart.o(i._Z9UART_InitP20__UART_HandleTypeDefPFvPhtEt)
    Class_DR16::Get_Left_X()                 0x08009081   Thumb Code     6  ita_robot.o(i._ZN10Class_DR1610Get_Left_XEv)
    Class_DR16::Get_Left_Y()                 0x08009087   Thumb Code     6  ita_robot.o(i._ZN10Class_DR1610Get_Left_YEv)
    Class_DR16::Judge_Switch(Enum_DR16_Switch_Status*, unsigned char, unsigned char) 0x0800908d   Thumb Code   128  dvc_dr16.o(i._ZN10Class_DR1612Judge_SwitchEP23Enum_DR16_Switch_Statushh)
    Class_DR16::Judge_Updata(Struct_DR16_UART_Data, Struct_DR16_UART_Data) 0x0800910d   Thumb Code   104  dvc_dr16.o(i._ZN10Class_DR1612Judge_UpdataE21Struct_DR16_UART_DataS0_)
    Class_DR16::Get_Right_Switch()           0x08009175   Thumb Code     8  ita_robot.o(i._ZN10Class_DR1616Get_Right_SwitchEv)
    Class_DR16::DR16_Data_Process()          0x0800917d   Thumb Code   496  dvc_dr16.o(i._ZN10Class_DR1617DR16_Data_ProcessEv)
    Class_DR16::DR16_UART_RxCpltCallback(unsigned char*) 0x08009371   Thumb Code    36  dvc_dr16.o(i._ZN10Class_DR1624DR16_UART_RxCpltCallbackEPh)
    Class_DR16::TIM1msMod50_Alive_PeriodElapsedCallback() 0x08009395   Thumb Code    92  dvc_dr16.o(i._ZN10Class_DR1639TIM1msMod50_Alive_PeriodElapsedCallbackEv)
    Class_DR16::Init(__UART_HandleTypeDef*)  0x080093f1   Thumb Code    84  dvc_dr16.o(i._ZN10Class_DR164InitEP20__UART_HandleTypeDef)
    Class_DR16::Get_Yaw()                    0x08009475   Thumb Code     6  ita_robot.o(i._ZN10Class_DR167Get_YawEv)
    Class_DR16::Judge_Key(Enum_DR16_Key_Status*, unsigned char, unsigned char) 0x0800947b   Thumb Code    62  dvc_dr16.o(i._ZN10Class_DR169Judge_KeyEP20Enum_DR16_Key_Statushh)
    Class_Chariot::_Chassis_Control()        0x080094b9   Thumb Code   486  ita_robot.o(i._ZN13Class_Chariot16_Chassis_ControlEv)
    Class_Chariot::TIM_Control_Callback()    0x080096ad   Thumb Code    18  ita_robot.o(i._ZN13Class_Chariot20TIM_Control_CallbackEv)
    Class_Chariot::Judge_Active_Controller() 0x080096bf   Thumb Code    34  ita_robot.o(i._ZN13Class_Chariot23Judge_Active_ControllerEv)
    Class_Chariot::Judge_DR16_Control_Type() 0x080096e1   Thumb Code   196  ita_robot.o(i._ZN13Class_Chariot23Judge_DR16_Control_TypeEv)
    Class_Chariot::TIM_100ms_Alive_PeriodElapsedCallback() 0x080097a5   Thumb Code    20  ita_robot.o(i._ZN13Class_Chariot37TIM_100ms_Alive_PeriodElapsedCallbackEv)
    Class_Chariot::TIM_2ms_Calculate_PeriodElapsedCallback() 0x080097b9   Thumb Code    14  ita_robot.o(i._ZN13Class_Chariot39TIM_2ms_Calculate_PeriodElapsedCallbackEv)
    Class_Chariot::Init(float)               0x080097c9   Thumb Code    54  ita_robot.o(i._ZN13Class_Chariot4InitEf)
    Class_Chassis::Output_To_Motor()         0x08009805   Thumb Code   522  crt_chassis.o(i._ZN13Class_Chassis15Output_To_MotorEv)
    Class_Chassis::Self_Resolution()         0x08009a1d   Thumb Code   316  crt_chassis.o(i._ZN13Class_Chassis15Self_ResolutionEv)
    Class_Chassis::Steer_Angle_Set(unsigned char) 0x08009b69   Thumb Code   116  crt_chassis.o(i._ZN13Class_Chassis15Steer_Angle_SetEh)
    Class_Chassis::Set_Target_Omega(float)   0x08009bdd   Thumb Code    10  ita_robot.o(i._ZN13Class_Chassis16Set_Target_OmegaEf)
    Class_Chassis::Output_To_Dynamics()      0x08009be9   Thumb Code   212  crt_chassis.o(i._ZN13Class_Chassis18Output_To_DynamicsEv)
    Class_Chassis::Set_Target_Velocity_X(float) 0x08009cc1   Thumb Code    10  ita_robot.o(i._ZN13Class_Chassis21Set_Target_Velocity_XEf)
    Class_Chassis::Set_Target_Velocity_Y(float) 0x08009ccb   Thumb Code    10  ita_robot.o(i._ZN13Class_Chassis21Set_Target_Velocity_YEf)
    Class_Chassis::Set_Chassis_Control_Type(Enum_Chassis_Control_Type) 0x08009cd5   Thumb Code     6  ita_robot.o(i._ZN13Class_Chassis24Set_Chassis_Control_TypeE25Enum_Chassis_Control_Type)
    Class_Chassis::Dynamics_Inverse_Resolution() 0x08009cdd   Thumb Code   696  crt_chassis.o(i._ZN13Class_Chassis27Dynamics_Inverse_ResolutionEv)
    Class_Chassis::Steer_Angle_Self_Resolution() 0x08009fa1   Thumb Code   152  crt_chassis.o(i._ZN13Class_Chassis27Steer_Angle_Self_ResolutionEv)
    Class_Chassis::Kinematics_Inverse_Resolution() 0x0800a045   Thumb Code   280  crt_chassis.o(i._ZN13Class_Chassis29Kinematics_Inverse_ResolutionEv)
    Class_Chassis::TIM_100ms_Alive_PeriodElapsedCallback() 0x0800a169   Thumb Code    48  crt_chassis.o(i._ZN13Class_Chassis37TIM_100ms_Alive_PeriodElapsedCallbackEv)
    Class_Chassis::TIM_2ms_Control_PeriodElapsedCallback() 0x0800a199   Thumb Code    36  crt_chassis.o(i._ZN13Class_Chassis37TIM_2ms_Control_PeriodElapsedCallbackEv)
    Class_Chassis::_Steer_Motor_Kinematics_Nearest_Transposition() 0x0800a1bd   Thumb Code   206  crt_chassis.o(i._ZN13Class_Chassis45_Steer_Motor_Kinematics_Nearest_TranspositionEv)
    Class_Chassis::Init(float, float, float) 0x0800a29d   Thumb Code   942  crt_chassis.o(i._ZN13Class_Chassis4InitEfff)
    Class_Chassis::Class_Chassis()           0x0800a685   Thumb Code   308  tsk_config_and_callback.o(i._ZN13Class_ChassisC1Ev)
    Class_Chassis::Class_Chassis__sub_object() 0x0800a685   Thumb Code     0  tsk_config_and_callback.o(i._ZN13Class_ChassisC1Ev)
    Class_PMT45_Steer::Init_Steer(GPIO_TypeDef*, unsigned short, unsigned char) 0x0800a7ed   Thumb Code     6  crt_chassis.o(i._ZN17Class_PMT45_Steer10Init_SteerEP12GPIO_TypeDefth)
    Class_PMT45_Steer::PMT45_EXTI_Callback_Steer() 0x0800a7f3   Thumb Code    86  crt_chassis.o(i._ZN17Class_PMT45_Steer25PMT45_EXTI_Callback_SteerEv)
    Class_PMT45_Steer::Class_PMT45_Steer()   0x0800a849   Thumb Code    26  tsk_config_and_callback.o(i._ZN17Class_PMT45_SteerC1Ev)
    Class_PMT45_Steer::Class_PMT45_Steer__sub_object() 0x0800a849   Thumb Code     0  tsk_config_and_callback.o(i._ZN17Class_PMT45_SteerC1Ev)
    Class_Motor_MKSESC::Data_Process()       0x0800a865   Thumb Code   202  dvc_motor_mksesc.o(i._ZN18Class_Motor_MKSESC12Data_ProcessEv)
    Class_Motor_MKSESC::Get_Now_Omega()      0x0800a941   Thumb Code     6  crt_chassis.o(i._ZN18Class_Motor_MKSESC13Get_Now_OmegaEv)
    Class_Motor_MKSESC::Set_Control_Method(Enum_Motor_MKSESC_Control_Method) 0x0800a947   Thumb Code     6  crt_chassis.o(i._ZN18Class_Motor_MKSESC18Set_Control_MethodE32Enum_Motor_MKSESC_Control_Method)
    Class_Motor_MKSESC::Set_Control_Current(float) 0x0800a94d   Thumb Code     6  crt_chassis.o(i._ZN18Class_Motor_MKSESC19Set_Control_CurrentEf)
    Class_Motor_MKSESC::FDCAN_RxCpltCallback(unsigned char*) 0x0800a953   Thumb Code    20  dvc_motor_mksesc.o(i._ZN18Class_Motor_MKSESC20FDCAN_RxCpltCallbackEPh)
    Class_Motor_MKSESC::TIM_Send_PeriodElapsedCallback() 0x0800a967   Thumb Code   144  dvc_motor_mksesc.o(i._ZN18Class_Motor_MKSESC30TIM_Send_PeriodElapsedCallbackEv)
    Class_Motor_MKSESC::TIM_100ms_Alive_PeriodElapsedCallback() 0x0800a9f7   Thumb Code    28  dvc_motor_mksesc.o(i._ZN18Class_Motor_MKSESC37TIM_100ms_Alive_PeriodElapsedCallbackEv)
    Class_Motor_MKSESC::Init(FDCAN_HandleTypeDef*, unsigned, unsigned char, float, float, float, float, Enum_Motor_MKSESC_Control_Method) 0x0800aa15   Thumb Code    70  dvc_motor_mksesc.o(i._ZN18Class_Motor_MKSESC4InitEP19FDCAN_HandleTypeDefjhffff32Enum_Motor_MKSESC_Control_Method)
    Class_Motor_MKSESC::Output()             0x0800aa75   Thumb Code   326  dvc_motor_mksesc.o(i._ZN18Class_Motor_MKSESC6OutputEv)
    Class_Motor_MKSESC::Class_Motor_MKSESC() 0x0800abcd   Thumb Code    52  tsk_config_and_callback.o(i._ZN18Class_Motor_MKSESCC1Ev)
    Class_Motor_MKSESC::Class_Motor_MKSESC__sub_object() 0x0800abcd   Thumb Code     0  tsk_config_and_callback.o(i._ZN18Class_Motor_MKSESCC1Ev)
    Class_Motor_DJI_C610::Data_Process()     0x0800ac05   Thumb Code   260  dvc_motor_dji.o(i._ZN20Class_Motor_DJI_C61012Data_ProcessEv)
    Class_Motor_DJI_C610::PID_Calculate()    0x0800ad15   Thumb Code   192  dvc_motor_dji.o(i._ZN20Class_Motor_DJI_C61013PID_CalculateEv)
    Class_Motor_DJI_C610::Set_Target_Omega(float) 0x0800add9   Thumb Code     6  crt_chassis.o(i._ZN20Class_Motor_DJI_C61016Set_Target_OmegaEf)
    Class_Motor_DJI_C610::Set_Control_Method(Enum_Motor_DJI_Control_Method) 0x0800addf   Thumb Code     6  crt_chassis.o(i._ZN20Class_Motor_DJI_C61018Set_Control_MethodE29Enum_Motor_DJI_Control_Method)
    Class_Motor_DJI_C610::FDCAN_RxCpltCallback(unsigned char*) 0x0800ade5   Thumb Code    24  dvc_motor_dji.o(i._ZN20Class_Motor_DJI_C61020FDCAN_RxCpltCallbackEPh)
    Class_Motor_DJI_C610::TIM_Calculate_PeriodElapsedCallback() 0x0800adfd   Thumb Code    92  dvc_motor_dji.o(i._ZN20Class_Motor_DJI_C61035TIM_Calculate_PeriodElapsedCallbackEv)
    Class_Motor_DJI_C610::TIM_100ms_Alive_PeriodElapsedCallback() 0x0800ae5d   Thumb Code    58  dvc_motor_dji.o(i._ZN20Class_Motor_DJI_C61037TIM_100ms_Alive_PeriodElapsedCallbackEv)
    Class_Motor_DJI_C610::Init(FDCAN_HandleTypeDef*, Enum_Motor_DJI_ID, Enum_Motor_DJI_Control_Method, float, float) 0x0800ae9d   Thumb Code    88  dvc_motor_dji.o(i._ZN20Class_Motor_DJI_C6104InitEP19FDCAN_HandleTypeDef17Enum_Motor_DJI_ID29Enum_Motor_DJI_Control_Methodff)
    Class_Motor_DJI_C610::Output()           0x0800af0d   Thumb Code    40  dvc_motor_dji.o(i._ZN20Class_Motor_DJI_C6106OutputEv)
    Class_Motor_DJI_C610::Class_Motor_DJI_C610() 0x0800af35   Thumb Code   114  tsk_config_and_callback.o(i._ZN20Class_Motor_DJI_C610C1Ev)
    Class_Motor_DJI_C610::Class_Motor_DJI_C610__sub_object() 0x0800af35   Thumb Code     0  tsk_config_and_callback.o(i._ZN20Class_Motor_DJI_C610C1Ev)
    Class_PID::Set_Target(float)             0x0800c0a9   Thumb Code     6  alg_pid.o(i._ZN9Class_PID10Set_TargetEf)
    Class_PID::Set_Integral_Error(float)     0x0800c0af   Thumb Code     6  alg_pid.o(i._ZN9Class_PID18Set_Integral_ErrorEf)
    Class_PID::TIM_Calculate_PeriodElapsedCallback() 0x0800c0b5   Thumb Code   620  alg_pid.o(i._ZN9Class_PID35TIM_Calculate_PeriodElapsedCallbackEv)
    Class_PID::Init(float, float, float, float, float, float, float, float, float, float, float, Enum_PID_D_First) 0x0800c325   Thumb Code    48  alg_pid.o(i._ZN9Class_PID4InitEfffffffffff16Enum_PID_D_First)
    Class_PID::Get_Out()                     0x0800c355   Thumb Code     6  alg_pid.o(i._ZN9Class_PID7Get_OutEv)
    Class_PID::Set_Now(float)                0x0800c35b   Thumb Code     6  alg_pid.o(i._ZN9Class_PID7Set_NowEf)
    Class_PID::Class_PID()                   0x0800c361   Thumb Code   138  tsk_config_and_callback.o(i._ZN9Class_PIDC1Ev)
    Class_PID::Class_PID__sub_object()       0x0800c361   Thumb Code     0  tsk_config_and_callback.o(i._ZN9Class_PIDC1Ev)
    std::fmod(float, float)                  0x0800c3f1   Thumb Code    28  crt_chassis.o(i._ZSt4fmodff)
    std::sqrt(float)                         0x0800c40d   Thumb Code    24  ita_robot.o(i._ZSt4sqrtf)
    __ARM_fpclassifyf                        0x0800c425   Thumb Code    38  fpclassifyf.o(i.__ARM_fpclassifyf)
    __aeabi_vec_ctor_nocookie_nodtor         0x0800c44b   Thumb Code    36  aeabi_vec_ctor_nocookie_nodtor.o(i.__aeabi_vec_ctor_nocookie_nodtor)
    __hardfp_atan2f                          0x0800c471   Thumb Code   594  atan2f.o(i.__hardfp_atan2f)
    __hardfp_fmodf                           0x0800c725   Thumb Code   176  fmodf.o(i.__hardfp_fmodf)
    __hardfp_sqrtf                           0x0800c7d5   Thumb Code    58  sqrtf.o(i.__hardfp_sqrtf)
    __mathlib_flt_infnan2                    0x0800c80f   Thumb Code     6  funder.o(i.__mathlib_flt_infnan2)
    __mathlib_flt_invalid                    0x0800c815   Thumb Code    10  funder.o(i.__mathlib_flt_invalid)
    __mathlib_flt_underflow                  0x0800c825   Thumb Code    10  funder.o(i.__mathlib_flt_underflow)
    main                                     0x0800c88d   Thumb Code    68  main.o(i.main)
    T1 Math_Constrain<float>(T1*, T1, T1)    0x0800c8d1   Thumb Code    48  alg_pid.o(t._Z14Math_ConstrainIfET_PS0_S0_S0_)
    T1 Math_Modulus_Normalization<float>(T1, T1) 0x0800c901   Thumb Code    78  crt_chassis.o(t._Z26Math_Modulus_NormalizationIfET_S0_S0_)
    T1 Math_Abs<float>(T1)                   0x0800c94f   Thumb Code    24  alg_pid.o(t._Z8Math_AbsIfET_S0_)
    __aeabi_ul2f                             0x0800c967   Thumb Code     0  ffltll_clz.o(x$fpl$ffltll)
    _ll_uto_f                                0x0800c967   Thumb Code     6  ffltll_clz.o(x$fpl$ffltll)
    __aeabi_l2f                              0x0800c96d   Thumb Code     0  ffltll_clz.o(x$fpl$ffltll)
    _ll_sto_f                                0x0800c96d   Thumb Code    90  ffltll_clz.o(x$fpl$ffltll)
    __fpl_fnaninf                            0x0800c9c7   Thumb Code   140  fnaninf.o(x$fpl$fnaninf)
    _fp_init                                 0x0800ca53   Thumb Code    10  fpinit.o(x$fpl$fpinit)
    __fplib_config_fpu_vfp                   0x0800ca5b   Thumb Code     0  fpinit.o(x$fpl$fpinit)
    __fplib_config_pureend_doubles           0x0800ca5b   Thumb Code     0  fpinit.o(x$fpl$fpinit)
    _frem                                    0x0800ca5d   Thumb Code   240  frem_clz.o(x$fpl$frem)
    __I$use$fp                               0x0800cb50   Number         0  usenofp.o(x$fpl$usenofp)
    UARTPrescTable                           0x0800cbb4   Data          24  stm32h7xx_hal_uart.o(.constdata)
    D1CorePrescTable                         0x0800cbdc   Data          16  system_stm32h7xx.o(.constdata)
    sinTable_f32                             0x0800cc60   Data        2052  arm_common_tables.o(.rodata.sinTable_f32)
    Region$$Table$$Base                      0x0800d464   Number         0  anon$$obj.o(Region$$Table)
    Region$$Table$$Limit                     0x0800d484   Number         0  anon$$obj.o(Region$$Table)
    SHT$$INIT_ARRAY$$Base                    0x0800d484   Number         0  tsk_config_and_callback.o(.init_array)
    SHT$$INIT_ARRAY$$Limit                   0x0800d488   Number         0  init_aeabi.o(.init_array)
    uwTick                                   0x24000004   Data           4  stm32h7xx_hal.o(.data)
    uwTickPrio                               0x24000008   Data           4  stm32h7xx_hal.o(.data)
    uwTickFreq                               0x2400000c   Data           1  stm32h7xx_hal.o(.data)
    SystemCoreClock                          0x24000010   Data           4  system_stm32h7xx.o(.data)
    SystemD2Clock                            0x24000014   Data           4  system_stm32h7xx.o(.data)
    TIM1_Manage_Object                       0x24000018   Data           8  drv_tim.o(.data)
    TIM2_Manage_Object                       0x24000020   Data           8  drv_tim.o(.data)
    TIM3_Manage_Object                       0x24000028   Data           8  drv_tim.o(.data)
    TIM4_Manage_Object                       0x24000030   Data           8  drv_tim.o(.data)
    TIM5_Manage_Object                       0x24000038   Data           8  drv_tim.o(.data)
    TIM6_Manage_Object                       0x24000040   Data           8  drv_tim.o(.data)
    TIM7_Manage_Object                       0x24000048   Data           8  drv_tim.o(.data)
    TIM8_Manage_Object                       0x24000050   Data           8  drv_tim.o(.data)
    TIM12_Manage_Object                      0x24000058   Data           8  drv_tim.o(.data)
    TIM13_Manage_Object                      0x24000060   Data           8  drv_tim.o(.data)
    TIM14_Manage_Object                      0x24000068   Data           8  drv_tim.o(.data)
    TIM15_Manage_Object                      0x24000070   Data           8  drv_tim.o(.data)
    TIM16_Manage_Object                      0x24000078   Data           8  drv_tim.o(.data)
    TIM17_Manage_Object                      0x24000080   Data           8  drv_tim.o(.data)
    TIM23_Manage_Object                      0x24000088   Data           8  drv_tim.o(.data)
    TIM24_Manage_Object                      0x24000090   Data           8  drv_tim.o(.data)
    FDCAN1_0x1ff_Tx_Data                     0x24000098   Data           8  drv_can.o(.data)
    FDCAN1_0x200_Tx_Data                     0x240000a0   Data           8  drv_can.o(.data)
    FDCAN1_0x2ff_Tx_Data                     0x240000a8   Data           8  drv_can.o(.data)
    FDCAN1_0x1fe_Tx_Data                     0x240000b0   Data           8  drv_can.o(.data)
    FDCAN1_0x2fe_Tx_Data                     0x240000b8   Data           8  drv_can.o(.data)
    FDCAN1_0x500_Tx_Data                     0x240000c0   Data           8  drv_can.o(.data)
    FDCAN2_0x1ff_Tx_Data                     0x240000c8   Data           8  drv_can.o(.data)
    FDCAN2_0x200_Tx_Data                     0x240000d0   Data           8  drv_can.o(.data)
    FDCAN2_0x2ff_Tx_Data                     0x240000d8   Data           8  drv_can.o(.data)
    FDCAN2_0x1fe_Tx_Data                     0x240000e0   Data           8  drv_can.o(.data)
    FDCAN2_0x2fe_Tx_Data                     0x240000e8   Data           8  drv_can.o(.data)
    FDCAN3_0x1ff_Tx_Data                     0x240000f0   Data           8  drv_can.o(.data)
    FDCAN3_0x200_Tx_Data                     0x240000f8   Data           8  drv_can.o(.data)
    FDCAN3_0x2ff_Tx_Data                     0x24000100   Data           8  drv_can.o(.data)
    FDCAN3_0x1fe_Tx_Data                     0x24000108   Data           8  drv_can.o(.data)
    FDCAN3_0x2fe_Tx_Data                     0x24000110   Data           8  drv_can.o(.data)
    GPIO0_EXTI_Manage_Object                 0x24000118   Data           8  drv_gpio_exti.o(.data)
    GPIO1_EXTI_Manage_Object                 0x24000120   Data           8  drv_gpio_exti.o(.data)
    GPIO2_EXTI_Manage_Object                 0x24000128   Data           8  drv_gpio_exti.o(.data)
    GPIO3_EXTI_Manage_Object                 0x24000130   Data           8  drv_gpio_exti.o(.data)
    GPIO4_EXTI_Manage_Object                 0x24000138   Data           8  drv_gpio_exti.o(.data)
    GPIO5_EXTI_Manage_Object                 0x24000140   Data           8  drv_gpio_exti.o(.data)
    GPIO6_EXTI_Manage_Object                 0x24000148   Data           8  drv_gpio_exti.o(.data)
    GPIO7_EXTI_Manage_Object                 0x24000150   Data           8  drv_gpio_exti.o(.data)
    GPIO8_EXTI_Manage_Object                 0x24000158   Data           8  drv_gpio_exti.o(.data)
    GPIO9_EXTI_Manage_Object                 0x24000160   Data           8  drv_gpio_exti.o(.data)
    GPIO10_EXTI_Manage_Object                0x24000168   Data           8  drv_gpio_exti.o(.data)
    GPIO11_EXTI_Manage_Object                0x24000170   Data           8  drv_gpio_exti.o(.data)
    GPIO12_EXTI_Manage_Object                0x24000178   Data           8  drv_gpio_exti.o(.data)
    GPIO13_EXTI_Manage_Object                0x24000180   Data           8  drv_gpio_exti.o(.data)
    GPIO14_EXTI_Manage_Object                0x24000188   Data           8  drv_gpio_exti.o(.data)
    GPIO15_EXTI_Manage_Object                0x24000190   Data           8  drv_gpio_exti.o(.data)
    init_finished                            0x240001ac   Data           1  tsk_config_and_callback.o(.data)
    flag                                     0x240001b0   Data           4  tsk_config_and_callback.o(.data)
    PC10                                     0x240001b4   Data           1  tsk_config_and_callback.o(.data)
    PC11                                     0x240001b5   Data           1  tsk_config_and_callback.o(.data)
    PC12                                     0x240001b6   Data           1  tsk_config_and_callback.o(.data)
    PE14                                     0x240001b7   Data           1  tsk_config_and_callback.o(.data)
    mod100                                   0x240001b8   Data           1  tsk_config_and_callback.o(.data)
    hfdcan1                                  0x240001bc   Data         160  fdcan.o(.bss)
    hfdcan2                                  0x2400025c   Data         160  fdcan.o(.bss)
    hfdcan3                                  0x240002fc   Data         160  fdcan.o(.bss)
    htim3                                    0x2400039c   Data          76  tim.o(.bss)
    htim4                                    0x240003e8   Data          76  tim.o(.bss)
    htim5                                    0x24000434   Data          76  tim.o(.bss)
    htim12                                   0x24000480   Data          76  tim.o(.bss)
    huart5                                   0x240004cc   Data         148  usart.o(.bss)
    huart1                                   0x24000560   Data         148  usart.o(.bss)
    huart10                                  0x240005f4   Data         148  usart.o(.bss)
    hdma_uart5_rx                            0x24000688   Data         120  usart.o(.bss)
    hdma_usart1_rx                           0x24000700   Data         120  usart.o(.bss)
    hdma_usart1_tx                           0x24000778   Data         120  usart.o(.bss)
    hdma_usart10_rx                          0x240007f0   Data         120  usart.o(.bss)
    hdma_usart10_tx                          0x24000868   Data         120  usart.o(.bss)
    FDCAN1_Manage_Object                     0x240008e0   Data          56  drv_can.o(.bss)
    FDCAN2_Manage_Object                     0x24000918   Data          56  drv_can.o(.bss)
    FDCAN3_Manage_Object                     0x24000950   Data          56  drv_can.o(.bss)
    UART1_Manage_Object                      0x24000988   Data         524  drv_uart.o(.bss)
    UART2_Manage_Object                      0x24000b94   Data         524  drv_uart.o(.bss)
    UART3_Manage_Object                      0x24000da0   Data         524  drv_uart.o(.bss)
    UART4_Manage_Object                      0x24000fac   Data         524  drv_uart.o(.bss)
    UART5_Manage_Object                      0x240011b8   Data         524  drv_uart.o(.bss)
    UART6_Manage_Object                      0x240013c4   Data         524  drv_uart.o(.bss)
    UART7_Manage_Object                      0x240015d0   Data         524  drv_uart.o(.bss)
    UART8_Manage_Object                      0x240017dc   Data         524  drv_uart.o(.bss)
    UART9_Manage_Object                      0x240019e8   Data         524  drv_uart.o(.bss)
    UART10_Manage_Object                     0x24001bf4   Data         524  drv_uart.o(.bss)
    SystemTime                               0x24001e00   Data          12  dvc_dwt.o(.bss)
    chariot                                  0x24001e0c   Data        2172  tsk_config_and_callback.o(.bss)
    __libspace_start                         0x24002688   Data          96  libspace.o(.bss)
    __temporary_stack_top$libspace           0x240026e8   Data           0  libspace.o(.bss)



==============================================================================

Memory Map of the image

  Image Entry point : 0x080002cd

  Load Region LR_IROM1 (Base: 0x08000000, Size: 0x0000d644, Max: 0x00100000, ABSOLUTE, COMPRESSED[0x0000d498])

    Execution Region ER_IROM1 (Exec base: 0x08000000, Load base: 0x08000000, Size: 0x0000d488, Max: 0x00100000, ABSOLUTE)

    Exec Addr    Load Addr    Size         Type   Attr      Idx    E Section Name        Object

    0x08000000   0x08000000   0x000002cc   Data   RO            3    RESET               startup_stm32h723xx.o
    0x080002cc   0x080002cc   0x00000008   Code   RO         7980  * !!!main             c_w.l(__main.o)
    0x080002d4   0x080002d4   0x00000034   Code   RO         8353    !!!scatter          c_w.l(__scatter.o)
    0x08000308   0x08000308   0x0000003a   Code   RO         8351    !!dczerorl          c_w.l(__dczerorl.o)
    0x08000342   0x08000342   0x00000002   PAD
    0x08000344   0x08000344   0x0000001c   Code   RO         8355    !!handler_zi        c_w.l(__scatter_zi.o)
    0x08000360   0x08000360   0x00000002   Code   RO         8154    .ARM.Collect$$libinit$$00000000  c_w.l(libinit.o)
    0x08000362   0x08000362   0x00000004   Code   RO         8036    .ARM.Collect$$libinit$$00000001  c_w.l(libinit2.o)
    0x08000366   0x08000366   0x00000000   Code   RO         8039    .ARM.Collect$$libinit$$00000004  c_w.l(libinit2.o)
    0x08000366   0x08000366   0x00000000   Code   RO         8042    .ARM.Collect$$libinit$$0000000A  c_w.l(libinit2.o)
    0x08000366   0x08000366   0x00000000   Code   RO         8044    .ARM.Collect$$libinit$$0000000C  c_w.l(libinit2.o)
    0x08000366   0x08000366   0x00000000   Code   RO         8046    .ARM.Collect$$libinit$$0000000E  c_w.l(libinit2.o)
    0x08000366   0x08000366   0x00000000   Code   RO         8049    .ARM.Collect$$libinit$$00000011  c_w.l(libinit2.o)
    0x08000366   0x08000366   0x00000000   Code   RO         8051    .ARM.Collect$$libinit$$00000013  c_w.l(libinit2.o)
    0x08000366   0x08000366   0x00000000   Code   RO         8053    .ARM.Collect$$libinit$$00000015  c_w.l(libinit2.o)
    0x08000366   0x08000366   0x00000000   Code   RO         8055    .ARM.Collect$$libinit$$00000017  c_w.l(libinit2.o)
    0x08000366   0x08000366   0x00000000   Code   RO         8057    .ARM.Collect$$libinit$$00000019  c_w.l(libinit2.o)
    0x08000366   0x08000366   0x00000000   Code   RO         8059    .ARM.Collect$$libinit$$0000001B  c_w.l(libinit2.o)
    0x08000366   0x08000366   0x00000000   Code   RO         8061    .ARM.Collect$$libinit$$0000001D  c_w.l(libinit2.o)
    0x08000366   0x08000366   0x00000000   Code   RO         8063    .ARM.Collect$$libinit$$0000001F  c_w.l(libinit2.o)
    0x08000366   0x08000366   0x00000000   Code   RO         8065    .ARM.Collect$$libinit$$00000021  c_w.l(libinit2.o)
    0x08000366   0x08000366   0x00000000   Code   RO         8067    .ARM.Collect$$libinit$$00000023  c_w.l(libinit2.o)
    0x08000366   0x08000366   0x00000000   Code   RO         8069    .ARM.Collect$$libinit$$00000025  c_w.l(libinit2.o)
    0x08000366   0x08000366   0x00000000   Code   RO         8073    .ARM.Collect$$libinit$$0000002C  c_w.l(libinit2.o)
    0x08000366   0x08000366   0x00000000   Code   RO         8075    .ARM.Collect$$libinit$$0000002E  c_w.l(libinit2.o)
    0x08000366   0x08000366   0x00000000   Code   RO         8077    .ARM.Collect$$libinit$$00000030  c_w.l(libinit2.o)
    0x08000366   0x08000366   0x00000004   Code   RO         8078    .ARM.Collect$$libinit$$00000031  c_w.l(libinit2.o)
    0x0800036a   0x0800036a   0x00000000   Code   RO         8079    .ARM.Collect$$libinit$$00000032  c_w.l(libinit2.o)
    0x0800036a   0x0800036a   0x00000002   Code   RO         8080    .ARM.Collect$$libinit$$00000033  c_w.l(libinit2.o)
    0x0800036c   0x0800036c   0x00000002   Code   RO         8312    .ARM.Collect$$libshutdown$$00000000  c_w.l(libshutdown.o)
    0x0800036e   0x0800036e   0x00000000   Code   RO         8328    .ARM.Collect$$libshutdown$$00000002  c_w.l(libshutdown2.o)
    0x0800036e   0x0800036e   0x00000000   Code   RO         8330    .ARM.Collect$$libshutdown$$00000004  c_w.l(libshutdown2.o)
    0x0800036e   0x0800036e   0x00000000   Code   RO         8332    .ARM.Collect$$libshutdown$$00000006  c_w.l(libshutdown2.o)
    0x0800036e   0x0800036e   0x00000000   Code   RO         8335    .ARM.Collect$$libshutdown$$00000009  c_w.l(libshutdown2.o)
    0x0800036e   0x0800036e   0x00000000   Code   RO         8338    .ARM.Collect$$libshutdown$$0000000C  c_w.l(libshutdown2.o)
    0x0800036e   0x0800036e   0x00000000   Code   RO         8340    .ARM.Collect$$libshutdown$$0000000E  c_w.l(libshutdown2.o)
    0x0800036e   0x0800036e   0x00000000   Code   RO         8343    .ARM.Collect$$libshutdown$$00000011  c_w.l(libshutdown2.o)
    0x0800036e   0x0800036e   0x00000002   Code   RO         8344    .ARM.Collect$$libshutdown$$00000012  c_w.l(libshutdown2.o)
    0x08000370   0x08000370   0x00000000   Code   RO         8029    .ARM.Collect$$rtentry$$00000000  c_w.l(__rtentry.o)
    0x08000370   0x08000370   0x00000000   Code   RO         8104    .ARM.Collect$$rtentry$$00000002  c_w.l(__rtentry2.o)
    0x08000370   0x08000370   0x00000006   Code   RO         8116    .ARM.Collect$$rtentry$$00000004  c_w.l(__rtentry4.o)
    0x08000376   0x08000376   0x00000000   Code   RO         8106    .ARM.Collect$$rtentry$$00000009  c_w.l(__rtentry2.o)
    0x08000376   0x08000376   0x00000004   Code   RO         8107    .ARM.Collect$$rtentry$$0000000A  c_w.l(__rtentry2.o)
    0x0800037a   0x0800037a   0x00000000   Code   RO         8109    .ARM.Collect$$rtentry$$0000000C  c_w.l(__rtentry2.o)
    0x0800037a   0x0800037a   0x00000008   Code   RO         8110    .ARM.Collect$$rtentry$$0000000D  c_w.l(__rtentry2.o)
    0x08000382   0x08000382   0x00000002   Code   RO         8164    .ARM.Collect$$rtexit$$00000000  c_w.l(rtexit.o)
    0x08000384   0x08000384   0x00000000   Code   RO         8252    .ARM.Collect$$rtexit$$00000002  c_w.l(rtexit2.o)
    0x08000384   0x08000384   0x00000004   Code   RO         8253    .ARM.Collect$$rtexit$$00000003  c_w.l(rtexit2.o)
    0x08000388   0x08000388   0x00000006   Code   RO         8254    .ARM.Collect$$rtexit$$00000004  c_w.l(rtexit2.o)
    0x0800038e   0x0800038e   0x00000002   PAD
    0x08000390   0x08000390   0x00000040   Code   RO            4    .text               startup_stm32h723xx.o
    0x080003d0   0x080003d0   0x000000ee   Code   RO         7970    .text               c_w.l(lludivv7m.o)
    0x080004be   0x080004be   0x0000008a   Code   RO         7972    .text               c_w.l(rt_memcpy_v6.o)
    0x08000548   0x08000548   0x00000064   Code   RO         7974    .text               c_w.l(rt_memcpy_w.o)
    0x080005ac   0x080005ac   0x0000004e   Code   RO         7976    .text               c_w.l(rt_memclr_w.o)
    0x080005fa   0x080005fa   0x00000006   Code   RO         7978    .text               c_w.l(heapauxi.o)
    0x08000600   0x08000600   0x00000024   Code   RO         7985    .text               c_w.l(init_aeabi.o)
    0x08000624   0x08000624   0x00000016   Code   RO         8034    .text               c_w.l(_rserrno.o)
    0x0800063a   0x0800063a   0x00000002   PAD
    0x0800063c   0x0800063c   0x00000008   Code   RO         8123    .text               c_w.l(rt_errno_addr_intlibspace.o)
    0x08000644   0x08000644   0x00000008   Code   RO         8134    .text               c_w.l(libspace.o)
    0x0800064c   0x0800064c   0x0000004a   Code   RO         8137    .text               c_w.l(sys_stackheap_outer.o)
    0x08000696   0x08000696   0x00000012   Code   RO         8139    .text               c_w.l(exit.o)
    0x080006a8   0x080006a8   0x0000000c   Code   RO         8244    .text               c_w.l(sys_exit.o)
    0x080006b4   0x080006b4   0x00000002   Code   RO         8246    .text               c_w.l(use_no_semi.o)
    0x080006b6   0x080006b6   0x00000000   Code   RO         8250    .text               c_w.l(indicate_semi.o)
    0x080006b6   0x080006b6   0x00000002   PAD
    0x080006b8   0x080006b8   0x00000090   Code   RO         7854    .text.arm_cos_f32   arm_cortexM7lfsp_math.lib(arm_cos_f32.o)
    0x08000748   0x08000748   0x0000008c   Code   RO         7864    .text.arm_sin_f32   arm_cortexM7lfsp_math.lib(arm_sin_f32.o)
    0x080007d4   0x080007d4   0x00000004   Code   RO          468    i.BusFault_Handler  stm32h7xx_it.o
    0x080007d8   0x080007d8   0x00000010   Code   RO          469    i.DMA1_Stream1_IRQHandler  stm32h7xx_it.o
    0x080007e8   0x080007e8   0x00000010   Code   RO          470    i.DMA1_Stream2_IRQHandler  stm32h7xx_it.o
    0x080007f8   0x080007f8   0x00000010   Code   RO          471    i.DMA1_Stream3_IRQHandler  stm32h7xx_it.o
    0x08000808   0x08000808   0x00000010   Code   RO          472    i.DMA1_Stream4_IRQHandler  stm32h7xx_it.o
    0x08000818   0x08000818   0x00000010   Code   RO          473    i.DMA2_Stream0_IRQHandler  stm32h7xx_it.o
    0x08000828   0x08000828   0x00000002   Code   RO          474    i.DebugMon_Handler  stm32h7xx_it.o
    0x0800082a   0x0800082a   0x00000024   Code   RO          475    i.EXTI15_10_IRQHandler  stm32h7xx_it.o
    0x0800084e   0x0800084e   0x00000006   Code   RO           13    i.Error_Handler     main.o
    0x08000854   0x08000854   0x00000010   Code   RO          476    i.FDCAN1_IT0_IRQHandler  stm32h7xx_it.o
    0x08000864   0x08000864   0x00000010   Code   RO          477    i.FDCAN2_IT0_IRQHandler  stm32h7xx_it.o
    0x08000874   0x08000874   0x000004dc   Code   RO         1675    i.HAL_DMA_Abort     stm32h7xx_hal_dma.o
    0x08000d50   0x08000d50   0x00000398   Code   RO         1676    i.HAL_DMA_Abort_IT  stm32h7xx_hal_dma.o
    0x080010e8   0x080010e8   0x00000af8   Code   RO         1680    i.HAL_DMA_IRQHandler  stm32h7xx_hal_dma.o
    0x08001be0   0x08001be0   0x00000514   Code   RO         1681    i.HAL_DMA_Init      stm32h7xx_hal_dma.o
    0x080020f4   0x080020f4   0x000003e0   Code   RO         1685    i.HAL_DMA_Start_IT  stm32h7xx_hal_dma.o
    0x080024d4   0x080024d4   0x00000028   Code   RO         2479    i.HAL_Delay         stm32h7xx_hal.o
    0x080024fc   0x080024fc   0x000000a8   Code   RO         3569    i.HAL_FDCAN_ActivateNotification  stm32h7xx_hal_fdcan.o
    0x080025a4   0x080025a4   0x00000090   Code   RO         3571    i.HAL_FDCAN_AddMessageToTxFifoQ  stm32h7xx_hal_fdcan.o
    0x08002634   0x08002634   0x00000002   Code   RO         3572    i.HAL_FDCAN_ClockCalibrationCallback  stm32h7xx_hal_fdcan.o
    0x08002636   0x08002636   0x000000a8   Code   RO         3576    i.HAL_FDCAN_ConfigFilter  stm32h7xx_hal_fdcan.o
    0x080026de   0x080026de   0x00000034   Code   RO         3577    i.HAL_FDCAN_ConfigGlobalFilter  stm32h7xx_hal_fdcan.o
    0x08002712   0x08002712   0x00000002   Code   RO         3598    i.HAL_FDCAN_ErrorCallback  stm32h7xx_hal_fdcan.o
    0x08002714   0x08002714   0x00000002   Code   RO         3599    i.HAL_FDCAN_ErrorStatusCallback  stm32h7xx_hal_fdcan.o
    0x08002716   0x08002716   0x00000002   PAD
    0x08002718   0x08002718   0x000001f4   Code   RO         3610    i.HAL_FDCAN_GetRxMessage  stm32h7xx_hal_fdcan.o
    0x0800290c   0x0800290c   0x00000002   Code   RO         3616    i.HAL_FDCAN_HighPriorityMessageCallback  stm32h7xx_hal_fdcan.o
    0x0800290e   0x0800290e   0x00000002   PAD
    0x08002910   0x08002910   0x000003d4   Code   RO         3617    i.HAL_FDCAN_IRQHandler  stm32h7xx_hal_fdcan.o
    0x08002ce4   0x08002ce4   0x000002e0   Code   RO         3618    i.HAL_FDCAN_Init    stm32h7xx_hal_fdcan.o
    0x08002fc4   0x08002fc4   0x000001fc   Code   RO          245    i.HAL_FDCAN_MspInit  fdcan.o
    0x080031c0   0x080031c0   0x00000002   Code   RO         3627    i.HAL_FDCAN_RxBufferNewMessageCallback  stm32h7xx_hal_fdcan.o
    0x080031c2   0x080031c2   0x00000002   PAD
    0x080031c4   0x080031c4   0x0000009c   Code   RO         6407    i.HAL_FDCAN_RxFifo0Callback  drv_can.o
    0x08003260   0x08003260   0x0000009c   Code   RO         6408    i.HAL_FDCAN_RxFifo1Callback  drv_can.o
    0x080032fc   0x080032fc   0x00000034   Code   RO         3630    i.HAL_FDCAN_Start   stm32h7xx_hal_fdcan.o
    0x08003330   0x08003330   0x00000002   Code   RO         3652    i.HAL_FDCAN_TT_GlobalTimeCallback  stm32h7xx_hal_fdcan.o
    0x08003332   0x08003332   0x00000002   Code   RO         3653    i.HAL_FDCAN_TT_ScheduleSyncCallback  stm32h7xx_hal_fdcan.o
    0x08003334   0x08003334   0x00000002   Code   RO         3658    i.HAL_FDCAN_TT_StopWatchCallback  stm32h7xx_hal_fdcan.o
    0x08003336   0x08003336   0x00000002   Code   RO         3659    i.HAL_FDCAN_TT_TimeMarkCallback  stm32h7xx_hal_fdcan.o
    0x08003338   0x08003338   0x00000002   Code   RO         3660    i.HAL_FDCAN_TimeoutOccurredCallback  stm32h7xx_hal_fdcan.o
    0x0800333a   0x0800333a   0x00000002   Code   RO         3661    i.HAL_FDCAN_TimestampWraparoundCallback  stm32h7xx_hal_fdcan.o
    0x0800333c   0x0800333c   0x00000002   Code   RO         3662    i.HAL_FDCAN_TxBufferAbortCallback  stm32h7xx_hal_fdcan.o
    0x0800333e   0x0800333e   0x00000002   Code   RO         3663    i.HAL_FDCAN_TxBufferCompleteCallback  stm32h7xx_hal_fdcan.o
    0x08003340   0x08003340   0x00000002   Code   RO         3664    i.HAL_FDCAN_TxEventFifoCallback  stm32h7xx_hal_fdcan.o
    0x08003342   0x08003342   0x00000002   Code   RO         3665    i.HAL_FDCAN_TxFifoEmptyCallback  stm32h7xx_hal_fdcan.o
    0x08003344   0x08003344   0x00000114   Code   RO         6666    i.HAL_GPIO_EXTI_Callback  drv_gpio_exti.o
    0x08003458   0x08003458   0x0000001c   Code   RO         1508    i.HAL_GPIO_EXTI_IRQHandler  stm32h7xx_hal_gpio.o
    0x08003474   0x08003474   0x000001f0   Code   RO         1509    i.HAL_GPIO_Init     stm32h7xx_hal_gpio.o
    0x08003664   0x08003664   0x00000010   Code   RO         1511    i.HAL_GPIO_ReadPin  stm32h7xx_hal_gpio.o
    0x08003674   0x08003674   0x0000000c   Code   RO         1513    i.HAL_GPIO_WritePin  stm32h7xx_hal_gpio.o
    0x08003680   0x08003680   0x0000000c   Code   RO         2495    i.HAL_GetTick       stm32h7xx_hal.o
    0x0800368c   0x0800368c   0x00000018   Code   RO         2501    i.HAL_IncTick       stm32h7xx_hal.o
    0x080036a4   0x080036a4   0x00000060   Code   RO         2502    i.HAL_Init          stm32h7xx_hal.o
    0x08003704   0x08003704   0x00000058   Code   RO         2503    i.HAL_InitTick      stm32h7xx_hal.o
    0x0800375c   0x0800375c   0x00000024   Code   RO          644    i.HAL_MspInit       stm32h7xx_hal_msp.o
    0x08003780   0x08003780   0x00000028   Code   RO          677    i.HAL_NVIC_EnableIRQ  stm32h7xx_hal_cortex.o
    0x080037a8   0x080037a8   0x0000007a   Code   RO          683    i.HAL_NVIC_SetPriority  stm32h7xx_hal_cortex.o
    0x08003822   0x08003822   0x00000002   PAD
    0x08003824   0x08003824   0x00000028   Code   RO          684    i.HAL_NVIC_SetPriorityGrouping  stm32h7xx_hal_cortex.o
    0x0800384c   0x0800384c   0x00000060   Code   RO         2193    i.HAL_PWREx_ConfigSupply  stm32h7xx_hal_pwr_ex.o
    0x080038ac   0x080038ac   0x00000024   Code   RO          980    i.HAL_RCCEx_GetD3PCLK1Freq  stm32h7xx_hal_rcc_ex.o
    0x080038d0   0x080038d0   0x00000230   Code   RO          982    i.HAL_RCCEx_GetPLL2ClockFreq  stm32h7xx_hal_rcc_ex.o
    0x08003b00   0x08003b00   0x00000230   Code   RO          983    i.HAL_RCCEx_GetPLL3ClockFreq  stm32h7xx_hal_rcc_ex.o
    0x08003d30   0x08003d30   0x00000cc8   Code   RO          989    i.HAL_RCCEx_PeriphCLKConfig  stm32h7xx_hal_rcc_ex.o
    0x080049f8   0x080049f8   0x00000320   Code   RO          851    i.HAL_RCC_ClockConfig  stm32h7xx_hal_rcc.o
    0x08004d18   0x08004d18   0x0000004c   Code   RO          856    i.HAL_RCC_GetHCLKFreq  stm32h7xx_hal_rcc.o
    0x08004d64   0x08004d64   0x00000024   Code   RO          858    i.HAL_RCC_GetPCLK1Freq  stm32h7xx_hal_rcc.o
    0x08004d88   0x08004d88   0x00000024   Code   RO          859    i.HAL_RCC_GetPCLK2Freq  stm32h7xx_hal_rcc.o
    0x08004dac   0x08004dac   0x0000022c   Code   RO          860    i.HAL_RCC_GetSysClockFreq  stm32h7xx_hal_rcc.o
    0x08004fd8   0x08004fd8   0x0000075c   Code   RO          863    i.HAL_RCC_OscConfig  stm32h7xx_hal_rcc.o
    0x08005734   0x08005734   0x00000034   Code   RO          688    i.HAL_SYSTICK_Config  stm32h7xx_hal_cortex.o
    0x08005768   0x08005768   0x00000002   Code   RO         5134    i.HAL_TIMEx_Break2Callback  stm32h7xx_hal_tim_ex.o
    0x0800576a   0x0800576a   0x00000002   Code   RO         5135    i.HAL_TIMEx_BreakCallback  stm32h7xx_hal_tim_ex.o
    0x0800576c   0x0800576c   0x00000002   Code   RO         5136    i.HAL_TIMEx_CommutCallback  stm32h7xx_hal_tim_ex.o
    0x0800576e   0x0800576e   0x00000002   PAD
    0x08005770   0x08005770   0x000000e4   Code   RO         5157    i.HAL_TIMEx_MasterConfigSynchronization  stm32h7xx_hal_tim_ex.o
    0x08005854   0x08005854   0x0000006e   Code   RO         4288    i.HAL_TIM_Base_Init  stm32h7xx_hal_tim.o
    0x080058c2   0x080058c2   0x00000002   PAD
    0x080058c4   0x080058c4   0x0000007c   Code   RO          323    i.HAL_TIM_Base_MspInit  tim.o
    0x08005940   0x08005940   0x000000cc   Code   RO         4293    i.HAL_TIM_Base_Start_IT  stm32h7xx_hal_tim.o
    0x08005a0c   0x08005a0c   0x00000134   Code   RO         4297    i.HAL_TIM_ConfigClockSource  stm32h7xx_hal_tim.o
    0x08005b40   0x08005b40   0x00000002   Code   RO         4322    i.HAL_TIM_IC_CaptureCallback  stm32h7xx_hal_tim.o
    0x08005b42   0x08005b42   0x00000198   Code   RO         4336    i.HAL_TIM_IRQHandler  stm32h7xx_hal_tim.o
    0x08005cda   0x08005cda   0x00000002   PAD
    0x08005cdc   0x08005cdc   0x000000a0   Code   RO          324    i.HAL_TIM_MspPostInit  tim.o
    0x08005d7c   0x08005d7c   0x00000002   Code   RO         4339    i.HAL_TIM_OC_DelayElapsedCallback  stm32h7xx_hal_tim.o
    0x08005d7e   0x08005d7e   0x00000170   Code   RO         4360    i.HAL_TIM_PWM_ConfigChannel  stm32h7xx_hal_tim.o
    0x08005eee   0x08005eee   0x0000006e   Code   RO         4363    i.HAL_TIM_PWM_Init  stm32h7xx_hal_tim.o
    0x08005f5c   0x08005f5c   0x00000058   Code   RO          326    i.HAL_TIM_PWM_MspInit  tim.o
    0x08005fb4   0x08005fb4   0x00000002   Code   RO         4366    i.HAL_TIM_PWM_PulseFinishedCallback  stm32h7xx_hal_tim.o
    0x08005fb6   0x08005fb6   0x00000002   PAD
    0x08005fb8   0x08005fb8   0x0000017c   Code   RO         4368    i.HAL_TIM_PWM_Start  stm32h7xx_hal_tim.o
    0x08006134   0x08006134   0x00000200   Code   RO         6368    i.HAL_TIM_PeriodElapsedCallback  drv_tim.o
    0x08006334   0x08006334   0x00000002   Code   RO         4379    i.HAL_TIM_TriggerCallback  stm32h7xx_hal_tim.o
    0x08006336   0x08006336   0x0000004e   Code   RO         5980    i.HAL_UARTEx_DisableFifoMode  stm32h7xx_hal_uart_ex.o
    0x08006384   0x08006384   0x00000062   Code   RO         5986    i.HAL_UARTEx_ReceiveToIdle_DMA  stm32h7xx_hal_uart_ex.o
    0x080063e6   0x080063e6   0x00000002   PAD
    0x080063e8   0x080063e8   0x00000238   Code   RO         6704    i.HAL_UARTEx_RxEventCallback  drv_uart.o
    0x08006620   0x08006620   0x00000002   Code   RO         5988    i.HAL_UARTEx_RxFifoFullCallback  stm32h7xx_hal_uart_ex.o
    0x08006622   0x08006622   0x0000005e   Code   RO         5989    i.HAL_UARTEx_SetRxFifoThreshold  stm32h7xx_hal_uart_ex.o
    0x08006680   0x08006680   0x0000005e   Code   RO         5990    i.HAL_UARTEx_SetTxFifoThreshold  stm32h7xx_hal_uart_ex.o
    0x080066de   0x080066de   0x00000002   Code   RO         5992    i.HAL_UARTEx_TxFifoEmptyCallback  stm32h7xx_hal_uart_ex.o
    0x080066e0   0x080066e0   0x00000002   Code   RO         5993    i.HAL_UARTEx_WakeupCallback  stm32h7xx_hal_uart_ex.o
    0x080066e2   0x080066e2   0x00000002   Code   RO         5510    i.HAL_UART_ErrorCallback  stm32h7xx_hal_uart.o
    0x080066e4   0x080066e4   0x00000494   Code   RO         5513    i.HAL_UART_IRQHandler  stm32h7xx_hal_uart.o
    0x08006b78   0x08006b78   0x00000078   Code   RO         5514    i.HAL_UART_Init     stm32h7xx_hal_uart.o
    0x08006bf0   0x08006bf0   0x00000378   Code   RO          410    i.HAL_UART_MspInit  usart.o
    0x08006f68   0x08006f68   0x00000002   Code   RO         5521    i.HAL_UART_RxCpltCallback  stm32h7xx_hal_uart.o
    0x08006f6a   0x08006f6a   0x00000002   Code   RO         5522    i.HAL_UART_RxHalfCpltCallback  stm32h7xx_hal_uart.o
    0x08006f6c   0x08006f6c   0x00000002   Code   RO         5526    i.HAL_UART_TxCpltCallback  stm32h7xx_hal_uart.o
    0x08006f6e   0x08006f6e   0x00000004   Code   RO          478    i.HardFault_Handler  stm32h7xx_it.o
    0x08006f72   0x08006f72   0x00000002   PAD
    0x08006f74   0x08006f74   0x00000090   Code   RO          219    i.MX_DMA_Init       dma.o
    0x08007004   0x08007004   0x0000008c   Code   RO          246    i.MX_FDCAN1_Init    fdcan.o
    0x08007090   0x08007090   0x0000008c   Code   RO          247    i.MX_FDCAN2_Init    fdcan.o
    0x0800711c   0x0800711c   0x0000008c   Code   RO          248    i.MX_FDCAN3_Init    fdcan.o
    0x080071a8   0x080071a8   0x00000144   Code   RO          194    i.MX_GPIO_Init      gpio.o
    0x080072ec   0x080072ec   0x00000080   Code   RO          327    i.MX_TIM12_Init     tim.o
    0x0800736c   0x0800736c   0x0000007c   Code   RO          328    i.MX_TIM3_Init      tim.o
    0x080073e8   0x080073e8   0x0000006c   Code   RO          329    i.MX_TIM4_Init      tim.o
    0x08007454   0x08007454   0x00000070   Code   RO          330    i.MX_TIM5_Init      tim.o
    0x080074c4   0x080074c4   0x00000074   Code   RO          411    i.MX_UART5_Init     usart.o
    0x08007538   0x08007538   0x0000006c   Code   RO          412    i.MX_USART10_UART_Init  usart.o
    0x080075a4   0x080075a4   0x0000006c   Code   RO          413    i.MX_USART1_UART_Init  usart.o
    0x08007610   0x08007610   0x00000004   Code   RO          479    i.MemManage_Handler  stm32h7xx_it.o
    0x08007614   0x08007614   0x00000004   Code   RO          480    i.NMI_Handler       stm32h7xx_it.o
    0x08007618   0x08007618   0x00000002   Code   RO          481    i.PendSV_Handler    stm32h7xx_it.o
    0x0800761a   0x0800761a   0x00000002   Code   RO          482    i.SVC_Handler       stm32h7xx_it.o
    0x0800761c   0x0800761c   0x00000008   Code   RO          483    i.SysTick_Handler   stm32h7xx_it.o
    0x08007624   0x08007624   0x000000e0   Code   RO         6122    i.SystemInit        system_stm32h7xx.o
    0x08007704   0x08007704   0x00000010   Code   RO          484    i.TIM4_IRQHandler   stm32h7xx_it.o
    0x08007714   0x08007714   0x00000010   Code   RO          485    i.TIM5_IRQHandler   stm32h7xx_it.o
    0x08007724   0x08007724   0x000000f0   Code   RO         4381    i.TIM_Base_SetConfig  stm32h7xx_hal_tim.o
    0x08007814   0x08007814   0x00000022   Code   RO         4382    i.TIM_CCxChannelCmd  stm32h7xx_hal_tim.o
    0x08007836   0x08007836   0x00000016   Code   RO         4387    i.TIM_ETR_SetConfig  stm32h7xx_hal_tim.o
    0x0800784c   0x0800784c   0x000000b4   Code   RO         4388    i.TIM_OC2_SetConfig  stm32h7xx_hal_tim.o
    0x08007900   0x08007900   0x000000d4   Code   RO         7498    i.Task_Init         tsk_config_and_callback.o
    0x080079d4   0x080079d4   0x00000002   Code   RO         7499    i.Task_Loop         tsk_config_and_callback.o
    0x080079d6   0x080079d6   0x00000002   PAD
    0x080079d8   0x080079d8   0x00000010   Code   RO          486    i.UART5_IRQHandler  stm32h7xx_it.o
    0x080079e8   0x080079e8   0x000000f8   Code   RO         5528    i.UART_AdvFeatureConfig  stm32h7xx_hal_uart.o
    0x08007ae0   0x08007ae0   0x000000ea   Code   RO         5529    i.UART_CheckIdleState  stm32h7xx_hal_uart.o
    0x08007bca   0x08007bca   0x00000002   PAD
    0x08007bcc   0x08007bcc   0x00000628   Code   RO         5530    i.UART_SetConfig    stm32h7xx_hal_uart.o
    0x080081f4   0x080081f4   0x000000c8   Code   RO         5531    i.UART_Start_Receive_DMA  stm32h7xx_hal_uart.o
    0x080082bc   0x080082bc   0x000000ac   Code   RO         5533    i.UART_WaitOnFlagUntilTimeout  stm32h7xx_hal_uart.o
    0x08008368   0x08008368   0x00000010   Code   RO          487    i.USART10_IRQHandler  stm32h7xx_it.o
    0x08008378   0x08008378   0x00000010   Code   RO          488    i.USART1_IRQHandler  stm32h7xx_it.o
    0x08008388   0x08008388   0x00000004   Code   RO          489    i.UsageFault_Handler  stm32h7xx_it.o
    0x0800838c   0x0800838c   0x00000084   Code   RO         7233    i._Z10DWT_Updatev   dvc_dwt.o
    0x08008410   0x08008410   0x0000009c   Code   RO         6409    i._Z10FDCAN_InitP19FDCAN_HandleTypeDefPFvP22Struct_FDCAN_Rx_BufferE  drv_can.o
    0x080084ac   0x080084ac   0x00000018   Code   RO         6575    i._Z11BSP_Set_DC519Enum_BSP_DC5_Status  drv_bsp.o
    0x080084c4   0x080084c4   0x00000018   Code   RO         6578    i._Z14BSP_Set_DC24_L20Enum_BSP_DC24_Status  drv_bsp.o
    0x080084dc   0x080084dc   0x00000018   Code   RO         6579    i._Z14BSP_Set_DC24_R20Enum_BSP_DC24_Status  drv_bsp.o
    0x080084f4   0x080084f4   0x00000110   Code   RO         6667    i._Z14GPIO_EXTI_InittPFvvE  drv_gpio_exti.o
    0x08008604   0x08008604   0x00000086   Code   RO         6410    i._Z15FDCAN_Send_DataP19FDCAN_HandleTypeDefjPh18Enum_FDCAN_ID_Typeh  drv_can.o
    0x0800868a   0x0800868a   0x00000002   PAD
    0x0800868c   0x0800868c   0x00000248   Code   RO         6829    i._Z16allocate_tx_dataP19FDCAN_HandleTypeDef17Enum_Motor_DJI_ID36Enum_Motor_DJI_GM6020_Driver_Version  dvc_motor_dji.o
    0x080088d4   0x080088d4   0x00000020   Code   RO         6580    i._Z18BSP_Set_PWM_Buzzerf  drv_bsp.o
    0x080088f4   0x080088f4   0x000000b8   Code   RO           14    i._Z18SystemClock_Configv  main.o
    0x080089ac   0x080089ac   0x0000001c   Code   RO         7500    i._Z19DR16_UART5_CallbackPht  tsk_config_and_callback.o
    0x080089c8   0x080089c8   0x00000010   Code   RO         7236    i._Z20DWT_GetCurrentTimeMsv  dvc_dwt.o
    0x080089d8   0x080089d8   0x00000010   Code   RO         7504    i._Z20GPIO_EXTI10_Callbackv  tsk_config_and_callback.o
    0x080089e8   0x080089e8   0x00000010   Code   RO         7505    i._Z20GPIO_EXTI11_Callbackv  tsk_config_and_callback.o
    0x080089f8   0x080089f8   0x00000010   Code   RO         7506    i._Z20GPIO_EXTI12_Callbackv  tsk_config_and_callback.o
    0x08008a08   0x08008a08   0x00000010   Code   RO         7507    i._Z20GPIO_EXTI14_Callbackv  tsk_config_and_callback.o
    0x08008a18   0x08008a18   0x00000044   Code   RO         7509    i._Z21Task1ms_TIM5_Callbackv  tsk_config_and_callback.o
    0x08008a5c   0x08008a5c   0x00000020   Code   RO         6581    i._Z22BSP_Set_PWM_IMU_Heaterf  drv_bsp.o
    0x08008a7c   0x08008a7c   0x00000060   Code   RO         7510    i._Z22Device_FDCAN1_CallbackP22Struct_FDCAN_Rx_Buffer  tsk_config_and_callback.o
    0x08008adc   0x08008adc   0x0000007c   Code   RO         7511    i._Z22Device_FDCAN2_CallbackP22Struct_FDCAN_Rx_Buffer  tsk_config_and_callback.o
    0x08008b58   0x08008b58   0x00000022   Code   RO         6481    i._Z22Math_Endian_Reverse_16PvS_  drv_math.o
    0x08008b7a   0x08008b7a   0x00000038   Code   RO         6483    i._Z22Math_Endian_Reverse_32PvS_  drv_math.o
    0x08008bb2   0x08008bb2   0x00000002   PAD
    0x08008bb4   0x08008bb4   0x00000054   Code   RO         7513    i._Z23Task100us_TIM4_Callbackv  tsk_config_and_callback.o
    0x08008c08   0x08008c08   0x000000a2   Code   RO         6411    i._Z24FDCAN_Filter_Mask_ConfigP19FDCAN_HandleTypeDefhjj  drv_can.o
    0x08008caa   0x08008caa   0x00000002   PAD
    0x08008cac   0x08008cac   0x00000058   Code   RO         6582    i._Z8BSP_Initjff    drv_bsp.o
    0x08008d04   0x08008d04   0x00000040   Code   RO         7238    i._Z8DWT_Initv      dvc_dwt.o
    0x08008d44   0x08008d44   0x0000017c   Code   RO         6369    i._Z8TIM_InitP17TIM_HandleTypeDefPFvvE  drv_tim.o
    0x08008ec0   0x08008ec0   0x000001c0   Code   RO         6708    i._Z9UART_InitP20__UART_HandleTypeDefPFvPhtEt  drv_uart.o
    0x08009080   0x08009080   0x00000006   Code   RO         7385    i._ZN10Class_DR1610Get_Left_XEv  ita_robot.o
    0x08009086   0x08009086   0x00000006   Code   RO         7391    i._ZN10Class_DR1610Get_Left_YEv  ita_robot.o
    0x0800908c   0x0800908c   0x00000080   Code   RO         7052    i._ZN10Class_DR1612Judge_SwitchEP23Enum_DR16_Switch_Statushh  dvc_dr16.o
    0x0800910c   0x0800910c   0x00000068   Code   RO         7053    i._ZN10Class_DR1612Judge_UpdataE21Struct_DR16_UART_DataS0_  dvc_dr16.o
    0x08009174   0x08009174   0x00000008   Code   RO         7397    i._ZN10Class_DR1616Get_Right_SwitchEv  ita_robot.o
    0x0800917c   0x0800917c   0x000001f4   Code   RO         7054    i._ZN10Class_DR1617DR16_Data_ProcessEv  dvc_dr16.o
    0x08009370   0x08009370   0x00000024   Code   RO         7056    i._ZN10Class_DR1624DR16_UART_RxCpltCallbackEPh  dvc_dr16.o
    0x08009394   0x08009394   0x0000005c   Code   RO         7058    i._ZN10Class_DR1639TIM1msMod50_Alive_PeriodElapsedCallbackEv  dvc_dr16.o
    0x080093f0   0x080093f0   0x00000084   Code   RO         7059    i._ZN10Class_DR164InitEP20__UART_HandleTypeDef  dvc_dr16.o
    0x08009474   0x08009474   0x00000006   Code   RO         7403    i._ZN10Class_DR167Get_YawEv  ita_robot.o
    0x0800947a   0x0800947a   0x0000003e   Code   RO         7060    i._ZN10Class_DR169Judge_KeyEP20Enum_DR16_Key_Statushh  dvc_dr16.o
    0x080094b8   0x080094b8   0x000001f4   Code   RO         7300    i._ZN13Class_Chariot16_Chassis_ControlEv  ita_robot.o
    0x080096ac   0x080096ac   0x00000012   Code   RO         7301    i._ZN13Class_Chariot20TIM_Control_CallbackEv  ita_robot.o
    0x080096be   0x080096be   0x00000022   Code   RO         7302    i._ZN13Class_Chariot23Judge_Active_ControllerEv  ita_robot.o
    0x080096e0   0x080096e0   0x000000c4   Code   RO         7303    i._ZN13Class_Chariot23Judge_DR16_Control_TypeEv  ita_robot.o
    0x080097a4   0x080097a4   0x00000014   Code   RO         7304    i._ZN13Class_Chariot37TIM_100ms_Alive_PeriodElapsedCallbackEv  ita_robot.o
    0x080097b8   0x080097b8   0x0000000e   Code   RO         7305    i._ZN13Class_Chariot39TIM_2ms_Calculate_PeriodElapsedCallbackEv  ita_robot.o
    0x080097c6   0x080097c6   0x00000002   PAD
    0x080097c8   0x080097c8   0x0000003c   Code   RO         7307    i._ZN13Class_Chariot4InitEf  ita_robot.o
    0x08009804   0x08009804   0x00000218   Code   RO         7681    i._ZN13Class_Chassis15Output_To_MotorEv  crt_chassis.o
    0x08009a1c   0x08009a1c   0x0000014c   Code   RO         7682    i._ZN13Class_Chassis15Self_ResolutionEv  crt_chassis.o
    0x08009b68   0x08009b68   0x00000074   Code   RO         7683    i._ZN13Class_Chassis15Steer_Angle_SetEh  crt_chassis.o
    0x08009bdc   0x08009bdc   0x0000000a   Code   RO         7379    i._ZN13Class_Chassis16Set_Target_OmegaEf  ita_robot.o
    0x08009be6   0x08009be6   0x00000002   PAD
    0x08009be8   0x08009be8   0x000000d8   Code   RO         7684    i._ZN13Class_Chassis18Output_To_DynamicsEv  crt_chassis.o
    0x08009cc0   0x08009cc0   0x0000000a   Code   RO         7367    i._ZN13Class_Chassis21Set_Target_Velocity_XEf  ita_robot.o
    0x08009cca   0x08009cca   0x0000000a   Code   RO         7373    i._ZN13Class_Chassis21Set_Target_Velocity_YEf  ita_robot.o
    0x08009cd4   0x08009cd4   0x00000006   Code   RO         7361    i._ZN13Class_Chassis24Set_Chassis_Control_TypeE25Enum_Chassis_Control_Type  ita_robot.o
    0x08009cda   0x08009cda   0x00000002   PAD
    0x08009cdc   0x08009cdc   0x000002c4   Code   RO         7685    i._ZN13Class_Chassis27Dynamics_Inverse_ResolutionEv  crt_chassis.o
    0x08009fa0   0x08009fa0   0x000000a4   Code   RO         7686    i._ZN13Class_Chassis27Steer_Angle_Self_ResolutionEv  crt_chassis.o
    0x0800a044   0x0800a044   0x00000124   Code   RO         7687    i._ZN13Class_Chassis29Kinematics_Inverse_ResolutionEv  crt_chassis.o
    0x0800a168   0x0800a168   0x00000030   Code   RO         7688    i._ZN13Class_Chassis37TIM_100ms_Alive_PeriodElapsedCallbackEv  crt_chassis.o
    0x0800a198   0x0800a198   0x00000024   Code   RO         7689    i._ZN13Class_Chassis37TIM_2ms_Control_PeriodElapsedCallbackEv  crt_chassis.o
    0x0800a1bc   0x0800a1bc   0x000000e0   Code   RO         7690    i._ZN13Class_Chassis45_Steer_Motor_Kinematics_Nearest_TranspositionEv  crt_chassis.o
    0x0800a29c   0x0800a29c   0x000003e8   Code   RO         7691    i._ZN13Class_Chassis4InitEfff  crt_chassis.o
    0x0800a684   0x0800a684   0x00000168   Code   RO         7641    i._ZN13Class_ChassisC1Ev  tsk_config_and_callback.o
    0x0800a7ec   0x0800a7ec   0x00000006   Code   RO         7692    i._ZN17Class_PMT45_Steer10Init_SteerEP12GPIO_TypeDefth  crt_chassis.o
    0x0800a7f2   0x0800a7f2   0x00000056   Code   RO         7693    i._ZN17Class_PMT45_Steer25PMT45_EXTI_Callback_SteerEv  crt_chassis.o
    0x0800a848   0x0800a848   0x0000001a   Code   RO         7650    i._ZN17Class_PMT45_SteerC1Ev  tsk_config_and_callback.o
    0x0800a862   0x0800a862   0x00000002   PAD
    0x0800a864   0x0800a864   0x000000dc   Code   RO         6764    i._ZN18Class_Motor_MKSESC12Data_ProcessEv  dvc_motor_mksesc.o
    0x0800a940   0x0800a940   0x00000006   Code   RO         7800    i._ZN18Class_Motor_MKSESC13Get_Now_OmegaEv  crt_chassis.o
    0x0800a946   0x0800a946   0x00000006   Code   RO         7812    i._ZN18Class_Motor_MKSESC18Set_Control_MethodE32Enum_Motor_MKSESC_Control_Method  crt_chassis.o
    0x0800a94c   0x0800a94c   0x00000006   Code   RO         7806    i._ZN18Class_Motor_MKSESC19Set_Control_CurrentEf  crt_chassis.o
    0x0800a952   0x0800a952   0x00000014   Code   RO         6765    i._ZN18Class_Motor_MKSESC20FDCAN_RxCpltCallbackEPh  dvc_motor_mksesc.o
    0x0800a966   0x0800a966   0x00000090   Code   RO         6766    i._ZN18Class_Motor_MKSESC30TIM_Send_PeriodElapsedCallbackEv  dvc_motor_mksesc.o
    0x0800a9f6   0x0800a9f6   0x0000001c   Code   RO         6767    i._ZN18Class_Motor_MKSESC37TIM_100ms_Alive_PeriodElapsedCallbackEv  dvc_motor_mksesc.o
    0x0800aa12   0x0800aa12   0x00000002   PAD
    0x0800aa14   0x0800aa14   0x00000060   Code   RO         6768    i._ZN18Class_Motor_MKSESC4InitEP19FDCAN_HandleTypeDefjhffff32Enum_Motor_MKSESC_Control_Method  dvc_motor_mksesc.o
    0x0800aa74   0x0800aa74   0x00000158   Code   RO         6769    i._ZN18Class_Motor_MKSESC6OutputEv  dvc_motor_mksesc.o
    0x0800abcc   0x0800abcc   0x00000038   Code   RO         7647    i._ZN18Class_Motor_MKSESCC1Ev  tsk_config_and_callback.o
    0x0800ac04   0x0800ac04   0x00000110   Code   RO         6830    i._ZN20Class_Motor_DJI_C61012Data_ProcessEv  dvc_motor_dji.o
    0x0800ad14   0x0800ad14   0x000000c4   Code   RO         6831    i._ZN20Class_Motor_DJI_C61013PID_CalculateEv  dvc_motor_dji.o
    0x0800add8   0x0800add8   0x00000006   Code   RO         7794    i._ZN20Class_Motor_DJI_C61016Set_Target_OmegaEf  crt_chassis.o
    0x0800adde   0x0800adde   0x00000006   Code   RO         7788    i._ZN20Class_Motor_DJI_C61018Set_Control_MethodE29Enum_Motor_DJI_Control_Method  crt_chassis.o
    0x0800ade4   0x0800ade4   0x00000018   Code   RO         6832    i._ZN20Class_Motor_DJI_C61020FDCAN_RxCpltCallbackEPh  dvc_motor_dji.o
    0x0800adfc   0x0800adfc   0x00000060   Code   RO         6833    i._ZN20Class_Motor_DJI_C61035TIM_Calculate_PeriodElapsedCallbackEv  dvc_motor_dji.o
    0x0800ae5c   0x0800ae5c   0x00000040   Code   RO         6834    i._ZN20Class_Motor_DJI_C61037TIM_100ms_Alive_PeriodElapsedCallbackEv  dvc_motor_dji.o
    0x0800ae9c   0x0800ae9c   0x00000070   Code   RO         6835    i._ZN20Class_Motor_DJI_C6104InitEP19FDCAN_HandleTypeDef17Enum_Motor_DJI_ID29Enum_Motor_DJI_Control_Methodff  dvc_motor_dji.o
    0x0800af0c   0x0800af0c   0x00000028   Code   RO         6836    i._ZN20Class_Motor_DJI_C6106OutputEv  dvc_motor_dji.o
    0x0800af34   0x0800af34   0x0000007c   Code   RO         7644    i._ZN20Class_Motor_DJI_C610C1Ev  tsk_config_and_callback.o
    0x0800afb0   0x0800afb0   0x00000274   Code   RO         1687    i._ZN41_INTERNAL_19_stm32h7xx_hal_dma_c_c25f65ec13DMA_SetConfigEP19__DMA_HandleTypeDefjjj  stm32h7xx_hal_dma.o
    0x0800b224   0x0800b224   0x000000ae   Code   RO         1688    i._ZN41_INTERNAL_19_stm32h7xx_hal_dma_c_c25f65ec18DMA_CheckFifoParamEP19__DMA_HandleTypeDef  stm32h7xx_hal_dma.o
    0x0800b2d2   0x0800b2d2   0x00000002   PAD
    0x0800b2d4   0x0800b2d4   0x000000ec   Code   RO         1689    i._ZN41_INTERNAL_19_stm32h7xx_hal_dma_c_c25f65ec23DMA_CalcBaseAndBitshiftEP19__DMA_HandleTypeDef  stm32h7xx_hal_dma.o
    0x0800b3c0   0x0800b3c0   0x000000c4   Code   RO         1690    i._ZN41_INTERNAL_19_stm32h7xx_hal_dma_c_c25f65ec32DMA_CalcDMAMUXChannelBaseAndMaskEP19__DMA_HandleTypeDef  stm32h7xx_hal_dma.o
    0x0800b484   0x0800b484   0x00000098   Code   RO         1691    i._ZN41_INTERNAL_19_stm32h7xx_hal_dma_c_c25f65ec35DMA_CalcDMAMUXRequestGenBaseAndMaskEP19__DMA_HandleTypeDef  stm32h7xx_hal_dma.o
    0x0800b51c   0x0800b51c   0x000000ac   Code   RO         4390    i._ZN41_INTERNAL_19_stm32h7xx_hal_tim_c_a9d95b5217TIM_OC1_SetConfigEP11TIM_TypeDefPK18TIM_OC_InitTypeDef  stm32h7xx_hal_tim.o
    0x0800b5c8   0x0800b5c8   0x000000b4   Code   RO         4391    i._ZN41_INTERNAL_19_stm32h7xx_hal_tim_c_a9d95b5217TIM_OC3_SetConfigEP11TIM_TypeDefPK18TIM_OC_InitTypeDef  stm32h7xx_hal_tim.o
    0x0800b67c   0x0800b67c   0x00000074   Code   RO         4392    i._ZN41_INTERNAL_19_stm32h7xx_hal_tim_c_a9d95b5217TIM_OC4_SetConfigEP11TIM_TypeDefPK18TIM_OC_InitTypeDef  stm32h7xx_hal_tim.o
    0x0800b6f0   0x0800b6f0   0x00000070   Code   RO         4393    i._ZN41_INTERNAL_19_stm32h7xx_hal_tim_c_a9d95b5217TIM_OC5_SetConfigEP11TIM_TypeDefPK18TIM_OC_InitTypeDef  stm32h7xx_hal_tim.o
    0x0800b760   0x0800b760   0x00000070   Code   RO         4394    i._ZN41_INTERNAL_19_stm32h7xx_hal_tim_c_a9d95b5217TIM_OC6_SetConfigEP11TIM_TypeDefPK18TIM_OC_InitTypeDef  stm32h7xx_hal_tim.o
    0x0800b7d0   0x0800b7d0   0x00000018   Code   RO         4399    i._ZN41_INTERNAL_19_stm32h7xx_hal_tim_c_a9d95b5218TIM_ITRx_SetConfigEP11TIM_TypeDefj  stm32h7xx_hal_tim.o
    0x0800b7e8   0x0800b7e8   0x00000026   Code   RO         4404    i._ZN41_INTERNAL_19_stm32h7xx_hal_tim_c_a9d95b5224TIM_TI1_ConfigInputStageEP11TIM_TypeDefjj  stm32h7xx_hal_tim.o
    0x0800b80e   0x0800b80e   0x00000028   Code   RO         4405    i._ZN41_INTERNAL_19_stm32h7xx_hal_tim_c_a9d95b5224TIM_TI2_ConfigInputStageEP11TIM_TypeDefjj  stm32h7xx_hal_tim.o
    0x0800b836   0x0800b836   0x0000005e   Code   RO         5534    i._ZN42_INTERNAL_20_stm32h7xx_hal_uart_c_574fddf513UART_DMAErrorEP19__DMA_HandleTypeDef  stm32h7xx_hal_uart.o
    0x0800b894   0x0800b894   0x00000026   Code   RO         5539    i._ZN42_INTERNAL_20_stm32h7xx_hal_uart_c_574fddf518UART_DMARxHalfCpltEP19__DMA_HandleTypeDef  stm32h7xx_hal_uart.o
    0x0800b8ba   0x0800b8ba   0x00000002   PAD
    0x0800b8bc   0x0800b8bc   0x0000006c   Code   RO         5541    i._ZN42_INTERNAL_20_stm32h7xx_hal_uart_c_574fddf518UART_EndRxTransferEP20__UART_HandleTypeDef  stm32h7xx_hal_uart.o
    0x0800b928   0x0800b928   0x00000040   Code   RO         5542    i._ZN42_INTERNAL_20_stm32h7xx_hal_uart_c_574fddf518UART_EndTxTransferEP20__UART_HandleTypeDef  stm32h7xx_hal_uart.o
    0x0800b968   0x0800b968   0x000000ae   Code   RO         5543    i._ZN42_INTERNAL_20_stm32h7xx_hal_uart_c_574fddf519UART_DMAReceiveCpltEP19__DMA_HandleTypeDef  stm32h7xx_hal_uart.o
    0x0800ba16   0x0800ba16   0x00000030   Code   RO         5544    i._ZN42_INTERNAL_20_stm32h7xx_hal_uart_c_574fddf519UART_EndTransmit_ITEP20__UART_HandleTypeDef  stm32h7xx_hal_uart.o
    0x0800ba46   0x0800ba46   0x00000018   Code   RO         5545    i._ZN42_INTERNAL_20_stm32h7xx_hal_uart_c_574fddf520UART_DMAAbortOnErrorEP19__DMA_HandleTypeDef  stm32h7xx_hal_uart.o
    0x0800ba5e   0x0800ba5e   0x00000002   PAD
    0x0800ba60   0x0800ba60   0x000000d0   Code   RO         3666    i._ZN43_INTERNAL_21_stm32h7xx_hal_fdcan_c_80c832c222FDCAN_CopyMessageToRAMEPK19FDCAN_HandleTypeDefPK21FDCAN_TxHeaderTypeDefPKhj  stm32h7xx_hal_fdcan.o
    0x0800bb30   0x0800bb30   0x00000220   Code   RO         3667    i._ZN43_INTERNAL_21_stm32h7xx_hal_fdcan_c_80c832c233FDCAN_CalcultateRamBlockAddressesEP19FDCAN_HandleTypeDef  stm32h7xx_hal_fdcan.o
    0x0800bd50   0x0800bd50   0x00000028   Code   RO          690    i._ZN44_INTERNAL_22_stm32h7xx_hal_cortex_c_2992dbc018__NVIC_SetPriorityE9IRQn_Typej  stm32h7xx_hal_cortex.o
    0x0800bd78   0x0800bd78   0x00000010   Code   RO          691    i._ZN44_INTERNAL_22_stm32h7xx_hal_cortex_c_2992dbc026__NVIC_GetPriorityGroupingEv  stm32h7xx_hal_cortex.o
    0x0800bd88   0x0800bd88   0x00000164   Code   RO          992    i._ZN44_INTERNAL_22_stm32h7xx_hal_rcc_ex_c_bed13b4417RCCEx_PLL2_ConfigEP19RCC_PLL2InitTypeDefj  stm32h7xx_hal_rcc_ex.o
    0x0800beec   0x0800beec   0x00000164   Code   RO          993    i._ZN44_INTERNAL_22_stm32h7xx_hal_rcc_ex_c_bed13b4417RCCEx_PLL3_ConfigEP19RCC_PLL3InitTypeDefj  stm32h7xx_hal_rcc_ex.o
    0x0800c050   0x0800c050   0x00000058   Code   RO         5994    i._ZN45_INTERNAL_23_stm32h7xx_hal_uart_ex_c_83a37df425UARTEx_SetNbDataToProcessEP20__UART_HandleTypeDef  stm32h7xx_hal_uart_ex.o
    0x0800c0a8   0x0800c0a8   0x00000006   Code   RO         6160    i._ZN9Class_PID10Set_TargetEf  alg_pid.o
    0x0800c0ae   0x0800c0ae   0x00000006   Code   RO         6164    i._ZN9Class_PID18Set_Integral_ErrorEf  alg_pid.o
    0x0800c0b4   0x0800c0b4   0x00000270   Code   RO         6168    i._ZN9Class_PID35TIM_Calculate_PeriodElapsedCallbackEv  alg_pid.o
    0x0800c324   0x0800c324   0x00000030   Code   RO         6169    i._ZN9Class_PID4InitEfffffffffff16Enum_PID_D_First  alg_pid.o
    0x0800c354   0x0800c354   0x00000006   Code   RO         6170    i._ZN9Class_PID7Get_OutEv  alg_pid.o
    0x0800c35a   0x0800c35a   0x00000006   Code   RO         6175    i._ZN9Class_PID7Set_NowEf  alg_pid.o
    0x0800c360   0x0800c360   0x00000090   Code   RO         7638    i._ZN9Class_PIDC1Ev  tsk_config_and_callback.o
    0x0800c3f0   0x0800c3f0   0x0000001c   Code   RO         7782    i._ZSt4fmodff       crt_chassis.o
    0x0800c40c   0x0800c40c   0x00000018   Code   RO         7409    i._ZSt4sqrtf        ita_robot.o
    0x0800c424   0x0800c424   0x00000026   Code   RO         8087    i.__ARM_fpclassifyf  m_wv.l(fpclassifyf.o)
    0x0800c44a   0x0800c44a   0x00000024   Code   RO         7988    i.__aeabi_vec_ctor_nocookie_nodtor  cpprt_w.l(aeabi_vec_ctor_nocookie_nodtor.o)
    0x0800c46e   0x0800c46e   0x00000002   PAD
    0x0800c470   0x0800c470   0x000002b4   Code   RO         7993    i.__hardfp_atan2f   m_wv.l(atan2f.o)
    0x0800c724   0x0800c724   0x000000b0   Code   RO         8005    i.__hardfp_fmodf    m_wv.l(fmodf.o)
    0x0800c7d4   0x0800c7d4   0x0000003a   Code   RO         8017    i.__hardfp_sqrtf    m_wv.l(sqrtf.o)
    0x0800c80e   0x0800c80e   0x00000006   Code   RO         8091    i.__mathlib_flt_infnan2  m_wv.l(funder.o)
    0x0800c814   0x0800c814   0x00000010   Code   RO         8092    i.__mathlib_flt_invalid  m_wv.l(funder.o)
    0x0800c824   0x0800c824   0x00000010   Code   RO         8095    i.__mathlib_flt_underflow  m_wv.l(funder.o)
    0x0800c834   0x0800c834   0x00000058   Code   RO         7515    i.__sti___27_tsk_config_and_callback_cpp_chariot  tsk_config_and_callback.o
    0x0800c88c   0x0800c88c   0x00000044   Code   RO           15    i.main              main.o
    0x0800c8d0   0x0800c8d0   0x00000030   Code   RO         6275    t._Z14Math_ConstrainIfET_PS0_S0_S0_  alg_pid.o
    0x0800c900   0x0800c900   0x0000004e   Code   RO         7775    t._Z26Math_Modulus_NormalizationIfET_S0_S0_  crt_chassis.o
    0x0800c94e   0x0800c94e   0x00000018   Code   RO         6268    t._Z8Math_AbsIfET_S0_  alg_pid.o
    0x0800c966   0x0800c966   0x00000060   Code   RO         7991    x$fpl$ffltll        fz_wv.l(ffltll_clz.o)
    0x0800c9c6   0x0800c9c6   0x0000008c   Code   RO         8130    x$fpl$fnaninf       fz_wv.l(fnaninf.o)
    0x0800ca52   0x0800ca52   0x0000000a   Code   RO         8132    x$fpl$fpinit        fz_wv.l(fpinit.o)
    0x0800ca5c   0x0800ca5c   0x000000f4   Code   RO         8084    x$fpl$frem          fz_wv.l(frem_clz.o)
    0x0800cb50   0x0800cb50   0x00000000   Code   RO         8086    x$fpl$usenofp       fz_wv.l(usenofp.o)
    0x0800cb50   0x0800cb50   0x00000008   Data   RO         1709    .constdata          stm32h7xx_hal_dma.o
    0x0800cb58   0x0800cb58   0x0000005c   Data   RO         3768    .constdata          stm32h7xx_hal_fdcan.o
    0x0800cbb4   0x0800cbb4   0x00000018   Data   RO         5625    .constdata          stm32h7xx_hal_uart.o
    0x0800cbcc   0x0800cbcc   0x00000010   Data   RO         6014    .constdata          stm32h7xx_hal_uart_ex.o
    0x0800cbdc   0x0800cbdc   0x00000010   Data   RO         6125    .constdata          system_stm32h7xx.o
    0x0800cbec   0x0800cbec   0x00000064   Data   RO         7535    .constdata          tsk_config_and_callback.o
    0x0800cc50   0x0800cc50   0x00000010   Data   RO         7707    .constdata          crt_chassis.o
    0x0800cc60   0x0800cc60   0x00000804   Data   RO         7960    .rodata.sinTable_f32  arm_cortexM7lfsp_math.lib(arm_common_tables.o)
    0x0800d464   0x0800d464   0x00000020   Data   RO         8349    Region$$Table       anon$$obj.o
    0x0800d484   0x0800d484   0x00000004   Data   RO         7537    .init_array         tsk_config_and_callback.o
    0x0800d488   0x0800d484   0x00000000   Data   RO         7983    .init_array         c_w.l(init_aeabi.o)


    Execution Region RW_IRAM1 (Exec base: 0x20000000, Load base: 0x0800d488, Size: 0x00000000, Max: 0x00020000, ABSOLUTE)

    **** No section assigned to this execution region ****


    Execution Region RW_IRAM2 (Exec base: 0x24000000, Load base: 0x0800d488, Size: 0x00002ce8, Max: 0x00060000, ABSOLUTE, COMPRESSED[0x00000010])

    Exec Addr    Load Addr    Size         Type   Attr      Idx    E Section Name        Object

    0x24000000   COMPRESSED   0x00000004   Data   RW          255    .data               fdcan.o
    0x24000004   COMPRESSED   0x00000009   Data   RW         2580    .data               stm32h7xx_hal.o
    0x2400000d   COMPRESSED   0x00000003   PAD
    0x24000010   COMPRESSED   0x00000008   Data   RW         6126    .data               system_stm32h7xx.o
    0x24000018   COMPRESSED   0x00000080   Data   RW         6372    .data               drv_tim.o
    0x24000098   COMPRESSED   0x00000080   Data   RW         6420    .data               drv_can.o
    0x24000118   COMPRESSED   0x00000080   Data   RW         6670    .data               drv_gpio_exti.o
    0x24000198   COMPRESSED   0x0000000c   Data   RW         7246    .data               dvc_dwt.o
    0x240001a4   COMPRESSED   0x00000008   Data   RW         7316    .data               ita_robot.o
    0x240001ac   COMPRESSED   0x0000000d   Data   RW         7536    .data               tsk_config_and_callback.o
    0x240001b9   COMPRESSED   0x00000003   PAD
    0x240001bc        -       0x000001e0   Zero   RW          254    .bss                fdcan.o
    0x2400039c        -       0x00000130   Zero   RW          340    .bss                tim.o
    0x240004cc        -       0x00000414   Zero   RW          419    .bss                usart.o
    0x240008e0        -       0x000000a8   Zero   RW         6419    .bss                drv_can.o
    0x24000988        -       0x00001478   Zero   RW         6714    .bss                drv_uart.o
    0x24001e00        -       0x0000000c   Zero   RW         7245    .bss                dvc_dwt.o
    0x24001e0c        -       0x0000087c   Zero   RW         7534    .bss                tsk_config_and_callback.o
    0x24002688        -       0x00000060   Zero   RW         8135    .bss                c_w.l(libspace.o)
    0x240026e8        -       0x00000200   Zero   RW            2    HEAP                startup_stm32h723xx.o
    0x240028e8        -       0x00000400   Zero   RW            1    STACK               startup_stm32h723xx.o


==============================================================================

Image component sizes


      Code (inc. data)   RO Data    RW Data    ZI Data      Debug   Object Name

       768          4          0          0          0     133873   alg_pid.o
      3900        146         16          0          0      36134   crt_chassis.o
       144          6          0          0          0       1054   dma.o
       224         44          0          0          0       4384   drv_bsp.o
       764         82          0        128        168       6793   drv_can.o
       548        130          0        128          0       3462   drv_gpio_exti.o
        90          0          0          0          0       2038   drv_math.o
       892        252          0        128          0       3794   drv_tim.o
      1016        162          0          0       5240       3861   drv_uart.o
      1054         52          0          0          0     940603   dvc_dr16.o
       212         42          0         12         12       2536   dvc_dwt.o
      1388        160          0          0          0      29507   dvc_motor_dji.o
       852         68          0          0          0      12033   dvc_motor_mksesc.o
       928         60          0          4        480       3769   fdcan.o
       324         14          0          0          0       1319   gpio.o
       928         20          0          8          0      43065   ita_robot.o
       258          6          0          0          0    1215400   main.o
        64         26        716          0       1536        872   startup_stm32h723xx.o
       260         48          0          9          0      23945   stm32h7xx_hal.o
       310         22          0          0          0      40279   stm32h7xx_hal_cortex.o
      8650        164          8          0          0      13798   stm32h7xx_hal_dma.o
      3582         54         92          0          0      23564   stm32h7xx_hal_fdcan.o
       552         54          0          0          0       3726   stm32h7xx_hal_gpio.o
        36          4          0          0          0       1042   stm32h7xx_hal_msp.o
        96          6          0          0          0        805   stm32h7xx_hal_pwr_ex.o
      3388        110          0          0          0       7184   stm32h7xx_hal_rcc.o
      5140        112          0          0          0       7585   stm32h7xx_hal_rcc_ex.o
      3166        302          0          0          0      18546   stm32h7xx_hal_tim.o
       234         38          0          0          0       3496   stm32h7xx_hal_tim_ex.o
      4280        168         24          0          0      35672   stm32h7xx_hal_uart.o
       458         10         16          0          0       6797   stm32h7xx_hal_uart_ex.o
       262         72          0          0          0      11391   stm32h7xx_it.o
       224         32         16          8          0       1550   system_stm32h7xx.o
       844         76          0          0        304       5491   tim.o
      1476        246        104         13       2172      19422   tsk_config_and_callback.o
      1220         96          0          0       1044       4124   usart.o

    ----------------------------------------------------------------------
     48578       2888       1024        444      10956    2672914   Object Totals
         0          0         32          0          0          0   (incl. Generated)
        46          0          0          6          0          0   (incl. Padding)

    ----------------------------------------------------------------------

      Code (inc. data)   RO Data    RW Data    ZI Data      Debug   Library Member Name

         0          0       2052          0          0       4961   arm_common_tables.o
       144         12          0          0          0       1111   arm_cos_f32.o
       140         12          0          0          0       1098   arm_sin_f32.o
        58          0          0          0          0          0   __dczerorl.o
         8          0          0          0          0         68   __main.o
         0          0          0          0          0          0   __rtentry.o
        12          0          0          0          0          0   __rtentry2.o
         6          0          0          0          0          0   __rtentry4.o
        52          8          0          0          0          0   __scatter.o
        28          0          0          0          0          0   __scatter_zi.o
        22          0          0          0          0        100   _rserrno.o
        18          0          0          0          0         80   exit.o
         6          0          0          0          0        152   heapauxi.o
         0          0          0          0          0          0   indicate_semi.o
        36         10          0          0          0         80   init_aeabi.o
         2          0          0          0          0          0   libinit.o
        10          0          0          0          0          0   libinit2.o
         2          0          0          0          0          0   libshutdown.o
         2          0          0          0          0          0   libshutdown2.o
         8          4          0          0         96         68   libspace.o
       238          0          0          0          0        100   lludivv7m.o
         8          4          0          0          0         68   rt_errno_addr_intlibspace.o
        78          0          0          0          0         80   rt_memclr_w.o
       138          0          0          0          0         68   rt_memcpy_v6.o
       100          0          0          0          0         80   rt_memcpy_w.o
         2          0          0          0          0          0   rtexit.o
        10          0          0          0          0          0   rtexit2.o
        12          4          0          0          0         68   sys_exit.o
        74          0          0          0          0         80   sys_stackheap_outer.o
         2          0          0          0          0         68   use_no_semi.o
        36          0          0          0          0         84   aeabi_vec_ctor_nocookie_nodtor.o
        96          0          0          0          0        132   ffltll_clz.o
       140          4          0          0          0        132   fnaninf.o
        10          0          0          0          0        116   fpinit.o
       244          8          0          0          0        132   frem_clz.o
         0          0          0          0          0          0   usenofp.o
       692         98          0          0          0        208   atan2f.o
       176          0          0          0          0        168   fmodf.o
        38          0          0          0          0        116   fpclassifyf.o
        38         12          0          0          0        348   funder.o
        58          0          0          0          0        136   sqrtf.o

    ----------------------------------------------------------------------
      2754        176       2052          0         96       9902   Library Totals
        10          0          0          0          0          0   (incl. Padding)

    ----------------------------------------------------------------------

      Code (inc. data)   RO Data    RW Data    ZI Data      Debug   Library Name

       284         24       2052          0          0       7170   arm_cortexM7lfsp_math.lib
       932         30          0          0         96       1160   c_w.l
        36          0          0          0          0         84   cpprt_w.l
       490         12          0          0          0        512   fz_wv.l
      1002        110          0          0          0        976   m_wv.l

    ----------------------------------------------------------------------
      2754        176       2052          0         96       9902   Library Totals

    ----------------------------------------------------------------------

==============================================================================


      Code (inc. data)   RO Data    RW Data    ZI Data      Debug   

     51332       3064       3076        444      11052    2656128   Grand Totals
     51332       3064       3076         16      11052    2656128   ELF Image Totals (compressed)
     51332       3064       3076         16          0          0   ROM Totals

==============================================================================

    Total RO  Size (Code + RO Data)                54408 (  53.13kB)
    Total RW  Size (RW Data + ZI Data)             11496 (  11.23kB)
    Total ROM Size (Code + RO Data + RW Data)      54424 (  53.15kB)

==============================================================================

