Component: Arm Compiler for Embedded 6.24 Tool: armlink [5f371500]

==============================================================================

Section Cross References

    startup_stm32f407xx.o(STACK) refers (Special) to heapauxi.o(.text) for __use_two_region_memory
    startup_stm32f407xx.o(HEAP) refers (Special) to heapauxi.o(.text) for __use_two_region_memory
    startup_stm32f407xx.o(RESET) refers (Special) to heapauxi.o(.text) for __use_two_region_memory
    startup_stm32f407xx.o(RESET) refers to startup_stm32f407xx.o(STACK) for __initial_sp
    startup_stm32f407xx.o(RESET) refers to startup_stm32f407xx.o(.text) for Reset_Handler
    startup_stm32f407xx.o(RESET) refers to stm32f4xx_it.o(.text.NMI_Handler) for NMI_Handler
    startup_stm32f407xx.o(RESET) refers to stm32f4xx_it.o(.text.HardFault_Handler) for HardFault_Handler
    startup_stm32f407xx.o(RESET) refers to stm32f4xx_it.o(.text.MemManage_Handler) for MemManage_Handler
    startup_stm32f407xx.o(RESET) refers to stm32f4xx_it.o(.text.BusFault_Handler) for BusFault_Handler
    startup_stm32f407xx.o(RESET) refers to stm32f4xx_it.o(.text.UsageFault_Handler) for UsageFault_Handler
    startup_stm32f407xx.o(RESET) refers to stm32f4xx_it.o(.text.SVC_Handler) for SVC_Handler
    startup_stm32f407xx.o(RESET) refers to stm32f4xx_it.o(.text.DebugMon_Handler) for DebugMon_Handler
    startup_stm32f407xx.o(RESET) refers to stm32f4xx_it.o(.text.PendSV_Handler) for PendSV_Handler
    startup_stm32f407xx.o(RESET) refers to stm32f4xx_it.o(.text.SysTick_Handler) for SysTick_Handler
    startup_stm32f407xx.o(RESET) refers to stm32f4xx_it.o(.text.RCC_IRQHandler) for RCC_IRQHandler
    startup_stm32f407xx.o(RESET) refers to stm32f4xx_it.o(.text.DMA1_Stream1_IRQHandler) for DMA1_Stream1_IRQHandler
    startup_stm32f407xx.o(RESET) refers to stm32f4xx_it.o(.text.CAN1_RX0_IRQHandler) for CAN1_RX0_IRQHandler
    startup_stm32f407xx.o(RESET) refers to stm32f4xx_it.o(.text.CAN1_RX1_IRQHandler) for CAN1_RX1_IRQHandler
    startup_stm32f407xx.o(RESET) refers to stm32f4xx_it.o(.text.TIM1_UP_TIM10_IRQHandler) for TIM1_UP_TIM10_IRQHandler
    startup_stm32f407xx.o(RESET) refers to stm32f4xx_it.o(.text.TIM4_IRQHandler) for TIM4_IRQHandler
    startup_stm32f407xx.o(RESET) refers to stm32f4xx_it.o(.text.USART3_IRQHandler) for USART3_IRQHandler
    startup_stm32f407xx.o(RESET) refers to stm32f4xx_it.o(.text.DMA2_Stream1_IRQHandler) for DMA2_Stream1_IRQHandler
    startup_stm32f407xx.o(RESET) refers to stm32f4xx_it.o(.text.CAN2_RX0_IRQHandler) for CAN2_RX0_IRQHandler
    startup_stm32f407xx.o(RESET) refers to stm32f4xx_it.o(.text.CAN2_RX1_IRQHandler) for CAN2_RX1_IRQHandler
    startup_stm32f407xx.o(RESET) refers to stm32f4xx_it.o(.text.DMA2_Stream6_IRQHandler) for DMA2_Stream6_IRQHandler
    startup_stm32f407xx.o(RESET) refers to stm32f4xx_it.o(.text.USART6_IRQHandler) for USART6_IRQHandler
    startup_stm32f407xx.o(.text) refers (Special) to heapauxi.o(.text) for __use_two_region_memory
    startup_stm32f407xx.o(.text) refers to system_stm32f4xx.o(.text.SystemInit) for SystemInit
    startup_stm32f407xx.o(.text) refers to __main.o(!!!main) for __main
    startup_stm32f407xx.o(.text) refers to startup_stm32f407xx.o(HEAP) for Heap_Mem
    startup_stm32f407xx.o(.text) refers to startup_stm32f407xx.o(STACK) for Stack_Mem
    main.o(.text.main) refers to stm32f4xx_hal.o(.text.HAL_Init) for HAL_Init
    main.o(.text.main) refers to main.o(.text.SystemClock_Config) for SystemClock_Config
    main.o(.text.main) refers to gpio.o(.text.MX_GPIO_Init) for MX_GPIO_Init
    main.o(.text.main) refers to dma.o(.text.MX_DMA_Init) for MX_DMA_Init
    main.o(.text.main) refers to can.o(.text.MX_CAN1_Init) for MX_CAN1_Init
    main.o(.text.main) refers to tim.o(.text.MX_TIM1_Init) for MX_TIM1_Init
    main.o(.text.main) refers to tim.o(.text.MX_TIM4_Init) for MX_TIM4_Init
    main.o(.text.main) refers to usart.o(.text.MX_USART6_UART_Init) for MX_USART6_UART_Init
    main.o(.text.main) refers to can.o(.text.MX_CAN2_Init) for MX_CAN2_Init
    main.o(.text.main) refers to usart.o(.text.MX_USART3_UART_Init) for MX_USART3_UART_Init
    main.o(.text.main) refers to tsk_config_and_callback.o(.text.Task_Init) for Task_Init
    main.o(.ARM.exidx.text.main) refers to main.o(.text.main) for [Anonymous Symbol]
    main.o(.text.SystemClock_Config) refers to rt_memclr_w.o(.text) for __aeabi_memclr4
    main.o(.text.SystemClock_Config) refers to stm32f4xx_hal_rcc.o(.text.HAL_RCC_OscConfig) for HAL_RCC_OscConfig
    main.o(.text.SystemClock_Config) refers to stm32f4xx_hal_rcc.o(.text.HAL_RCC_ClockConfig) for HAL_RCC_ClockConfig
    main.o(.ARM.exidx.text.SystemClock_Config) refers to main.o(.text.SystemClock_Config) for [Anonymous Symbol]
    main.o(.ARM.exidx.text.Error_Handler) refers to main.o(.text.Error_Handler) for [Anonymous Symbol]
    gpio.o(.ARM.exidx.text.MX_GPIO_Init) refers to gpio.o(.text.MX_GPIO_Init) for [Anonymous Symbol]
    can.o(.text.MX_CAN1_Init) refers to can.o(.bss.hcan1) for hcan1
[...]
    [Anonymous Symbol]                       0x08004300   Section        0  crt_chassis.o(.text._ZN18Class_Omni_Chassis29Kinematics_Inverse_ResolutionEv)
    [Anonymous Symbol]                       0x08004520   Section        0  crt_chassis.o(.text._ZN18Class_Omni_Chassis35TIM_Calculate_PeriodElapsedCallbackE18Enum_Sprint_Status)
    [Anonymous Symbol]                       0x08004570   Section        0  crt_chassis.o(.text._ZN18Class_Omni_Chassis4InitEfff)
    [Anonymous Symbol]                       0x08004768   Section        0  dvc_motor_dji.o(.text._ZN20Class_Motor_DJI_C61012Data_ProcessEv)
    [Anonymous Symbol]                       0x08004860   Section        0  dvc_motor_dji.o(.text._ZN20Class_Motor_DJI_C61018CAN_RxCpltCallbackEPh)
    [Anonymous Symbol]                       0x08004870   Section        0  dvc_motor_dji.o(.text._ZN20Class_Motor_DJI_C6104InitEP17CAN_HandleTypeDef17Enum_Motor_DJI_ID29Enum_Motor_DJI_Control_Methodff)
    [Anonymous Symbol]                       0x08004908   Section        0  dvc_motor_dji.o(.text._ZN20Class_Motor_DJI_C62012Data_ProcessEv)
    [Anonymous Symbol]                       0x08004a38   Section        0  dvc_motor_dji.o(.text._ZN20Class_Motor_DJI_C62018CAN_RxCpltCallbackEPh)
    [Anonymous Symbol]                       0x08004a48   Section        0  dvc_motor_dji.o(.text._ZN20Class_Motor_DJI_C62035TIM_Calculate_PeriodElapsedCallbackEv)
    [Anonymous Symbol]                       0x08004b18   Section        0  dvc_motor_dji.o(.text._ZN20Class_Motor_DJI_C6204InitEP17CAN_HandleTypeDef17Enum_Motor_DJI_ID29Enum_Motor_DJI_Control_Methodf33Enum_Motor_DJI_Power_Limit_Statusf)
    [Anonymous Symbol]                       0x08004bb8   Section        0  alg_pid.o(.text._ZN9Class_PID32TIM_Adjust_PeriodElapsedCallbackEv)
    [Anonymous Symbol]                       0x08004d80   Section        0  alg_pid.o(.text._ZN9Class_PID4InitEfffffffffff16Enum_PID_D_First)
    [Anonymous Symbol]                       0x08004d90   Section        0  main.o(.text.main)
    i.__hardfp_sqrtf                         0x08004dbe   Section        0  sqrtf.o(i.__hardfp_sqrtf)
    $v0                                      0x08004df8   Number         0  d2f.o(x$fpl$d2f)
    x$fpl$d2f                                0x08004df8   Section       98  d2f.o(x$fpl$d2f)
    $v0                                      0x08004e5c   Number         0  daddsub_clz.o(x$fpl$dadd)
    x$fpl$dadd                               0x08004e5c   Section      336  daddsub_clz.o(x$fpl$dadd)
    _dadd1                                   0x08004e6d   Thumb Code     0  daddsub_clz.o(x$fpl$dadd)
    $v0                                      0x08004fac   Number         0  ddiv.o(x$fpl$ddiv)
    x$fpl$ddiv                               0x08004fac   Section      696  ddiv.o(x$fpl$ddiv)
    ddiv_entry                               0x08004fb3   Thumb Code     0  ddiv.o(x$fpl$ddiv)
    $v0                                      0x08005264   Number         0  dmul.o(x$fpl$dmul)
    x$fpl$dmul                               0x08005264   Section      340  dmul.o(x$fpl$dmul)
    $v0                                      0x080053b8   Number         0  dnaninf.o(x$fpl$dnaninf)
    x$fpl$dnaninf                            0x080053b8   Section      156  dnaninf.o(x$fpl$dnaninf)
    $v0                                      0x08005454   Number         0  dretinf.o(x$fpl$dretinf)
    x$fpl$dretinf                            0x08005454   Section       12  dretinf.o(x$fpl$dretinf)
    $v0                                      0x08005460   Number         0  daddsub_clz.o(x$fpl$dsub)
    x$fpl$dsub                               0x08005460   Section      476  daddsub_clz.o(x$fpl$dsub)
    _dsub1                                   0x08005471   Thumb Code     0  daddsub_clz.o(x$fpl$dsub)
    $v0                                      0x0800563c   Number         0  f2d.o(x$fpl$f2d)
    x$fpl$f2d                                0x0800563c   Section       86  f2d.o(x$fpl$f2d)
    $v0                                      0x08005692   Number         0  fnaninf.o(x$fpl$fnaninf)
    x$fpl$fnaninf                            0x08005692   Section      140  fnaninf.o(x$fpl$fnaninf)
    $v0                                      0x0800571e   Number         0  fpinit.o(x$fpl$fpinit)
    x$fpl$fpinit                             0x0800571e   Section       26  fpinit.o(x$fpl$fpinit)
    $v0                                      0x08005738   Number         0  fretinf.o(x$fpl$fretinf)
    x$fpl$fretinf                            0x08005738   Section       10  fretinf.o(x$fpl$fretinf)
    x$fpl$usenofp                            0x08005742   Section        0  usenofp.o(x$fpl$usenofp)
    .Lswitch.table._ZN20Class_Motor_DJI_C6204InitEP17CAN_HandleTypeDef17Enum_Motor_DJI_ID29Enum_Motor_DJI_Control_Methodf33Enum_Motor_DJI_Power_Limit_Statusf 0x08005744   Data          40  dvc_motor_dji.o(.rodata..Lswitch.table._ZN20Class_Motor_DJI_C6204InitEP17CAN_HandleTypeDef17Enum_Motor_DJI_ID29Enum_Motor_DJI_Control_Methodf33Enum_Motor_DJI_Power_Limit_Statusf)
    .Lswitch.table._ZN20Class_Motor_DJI_C6204InitEP17CAN_HandleTypeDef17Enum_Motor_DJI_ID29Enum_Motor_DJI_Control_Methodf33Enum_Motor_DJI_Power_Limit_Statusf.2 0x0800576c   Data          40  dvc_motor_dji.o(.rodata..Lswitch.table._ZN20Class_Motor_DJI_C6204InitEP17CAN_HandleTypeDef17Enum_Motor_DJI_ID29Enum_Motor_DJI_Control_Methodf33Enum_Motor_DJI_Power_Limit_Statusf.2)
    DMA_CalcBaseAndBitshift.flagBitshiftOffset 0x080057ac   Data           8  stm32f4xx_hal_dma.o(.rodata.cst8)
    [Anonymous Symbol]                       0x080057ac   Section        0  stm32f4xx_hal_dma.o(.rodata.cst8)
    .init_array                              0x080057d8   Section        0  init_aeabi.o(.init_array)
    .bss                                     0x20000010   Section       96  libspace.o(.bss)
    HAL_RCC_CAN1_CLK_ENABLED                 0x200000f8   Data           4  can.o(.bss.HAL_RCC_CAN1_CLK_ENABLED)
    [Anonymous Symbol]                       0x200000f8   Section        0  can.o(.bss.HAL_RCC_CAN1_CLK_ENABLED)
    Class_Chariot::Control_Chassis()::chassis_angle 0x20000d9c   Data           4  ita_robot.o(.bss._ZZN13Class_Chariot15Control_ChassisEvE13chassis_angle)
    [Anonymous Symbol]                       0x20000d9c   Section        0  ita_robot.o(.bss._ZZN13Class_Chariot15Control_ChassisEvE13chassis_angle)
    Heap_Mem                                 0x20001bb8   Data         512  startup_stm32f407xx.o(HEAP)
    HEAP                                     0x20001bb8   Section      512  startup_stm32f407xx.o(HEAP)
    Stack_Mem                                0x20001db8   Data        1024  startup_stm32f407xx.o(STACK)
    STACK                                    0x20001db8   Section     1024  startup_stm32f407xx.o(STACK)
    __initial_sp                             0x200021b8   Data           0  startup_stm32f407xx.o(STACK)

    Global Symbols

    Symbol Name                              Value     Ov Type        Size  Object(Section)

    BuildAttributes$$THM_ISAv4$E$P$D$K$B$S$7EM$VFPi3$EXTD16$VFPS$VFMA$PE$A:L22UL41UL21$X:L11$S22US41US21$IEEE1$IW$~IW$USESV6$~STKCKD$USESV7$~SHL$OTIME$ROPI$IEEEX$EBA8$UX$STANDARDLIB$REQ8$PRES8$EABIv2 0x00000000   Number         0  anon$$obj.o ABSOLUTE
    __ARM_exceptions_init                     - Undefined Weak Reference
    __alloca_initialize                       - Undefined Weak Reference
    __arm_preinit_                            - Undefined Weak Reference
    __arm_relocate_pie_                       - Undefined Weak Reference
    __cxa_finalize                            - Undefined Weak Reference
    __rt_locale                               - Undefined Weak Reference
    __sigvec_lookup                           - Undefined Weak Reference
    __user_heap_extent                        - Undefined Weak Reference
    _atexit_init                              - Undefined Weak Reference
    _call_atexit_fns                          - Undefined Weak Reference
    _clock_init                               - Undefined Weak Reference
    _fp_trap_init                             - Undefined Weak Reference
    _fp_trap_shutdown                         - Undefined Weak Reference
    _get_lc_collate                           - Undefined Weak Reference
    _get_lc_ctype                             - Undefined Weak Reference
    _get_lc_monetary                          - Undefined Weak Reference
    _get_lc_numeric                           - Undefined Weak Reference
    _get_lc_time                              - Undefined Weak Reference
    _getenv_init                              - Undefined Weak Reference
    _handle_redirection                       - Undefined Weak Reference
    _initio                                   - Undefined Weak Reference
    _mutex_acquire                            - Undefined Weak Reference
    _mutex_free                               - Undefined Weak Reference
    _mutex_release                            - Undefined Weak Reference
    _rand_init                                - Undefined Weak Reference
    _signal_finish                            - Undefined Weak Reference
    _signal_init                              - Undefined Weak Reference
    _terminateio                              - Undefined Weak Reference
    __Vectors_Size                           0x00000188   Number         0  startup_stm32f407xx.o ABSOLUTE
    __Vectors                                0x08000000   Data           4  startup_stm32f407xx.o(RESET)
    __Vectors_End                            0x08000188   Data           0  startup_stm32f407xx.o(RESET)
    __main                                   0x08000189   Thumb Code     8  __main.o(!!!main)
    __scatterload                            0x08000191   Thumb Code     0  __scatter.o(!!!scatter)
    __scatterload_rt2                        0x08000191   Thumb Code    84  __scatter.o(!!!scatter)
    __scatterload_rt2_thumb_only             0x08000191   Thumb Code     0  __scatter.o(!!!scatter)
    __scatterload_loop                       0x0800019b   Thumb Code     0  __scatter.o(!!!scatter)
    __scatterload_copy                       0x080001ed   Thumb Code    26  __scatter_copy.o(!!handler_copy)
    __scatterload_null                       0x08000209   Thumb Code     2  __scatter.o(!!handler_null)
    __scatterload_zeroinit                   0x0800020d   Thumb Code    28  __scatter_zi.o(!!handler_zi)
    __rt_lib_init                            0x08000229   Thumb Code     0  libinit.o(.ARM.Collect$$libinit$$00000000)
    __rt_lib_init_fp_1                       0x0800022b   Thumb Code     0  libinit2.o(.ARM.Collect$$libinit$$00000001)
    __rt_lib_init_alloca_1                   0x0800022f   Thumb Code     0  libinit2.o(.ARM.Collect$$libinit$$00000030)
    __rt_lib_init_argv_1                     0x0800022f   Thumb Code     0  libinit2.o(.ARM.Collect$$libinit$$0000002E)
    __rt_lib_init_atexit_1                   0x0800022f   Thumb Code     0  libinit2.o(.ARM.Collect$$libinit$$0000001D)
    __rt_lib_init_clock_1                    0x0800022f   Thumb Code     0  libinit2.o(.ARM.Collect$$libinit$$00000023)
    __rt_lib_init_cpp_2                      0x0800022f   Thumb Code     0  libinit2.o(.ARM.Collect$$libinit$$00000033)
    __rt_lib_init_exceptions_1               0x0800022f   Thumb Code     0  libinit2.o(.ARM.Collect$$libinit$$00000032)
    __rt_lib_init_fp_trap_1                  0x0800022f   Thumb Code     0  libinit2.o(.ARM.Collect$$libinit$$00000021)
    __rt_lib_init_getenv_1                   0x0800022f   Thumb Code     0  libinit2.o(.ARM.Collect$$libinit$$00000025)
    __rt_lib_init_heap_1                     0x0800022f   Thumb Code     0  libinit2.o(.ARM.Collect$$libinit$$0000000C)
    __rt_lib_init_lc_collate_1               0x0800022f   Thumb Code     0  libinit2.o(.ARM.Collect$$libinit$$00000013)
    __rt_lib_init_lc_ctype_1                 0x0800022f   Thumb Code     0  libinit2.o(.ARM.Collect$$libinit$$00000015)
    __rt_lib_init_lc_monetary_1              0x0800022f   Thumb Code     0  libinit2.o(.ARM.Collect$$libinit$$00000017)
    __rt_lib_init_lc_numeric_1               0x0800022f   Thumb Code     0  libinit2.o(.ARM.Collect$$libinit$$00000019)
    __rt_lib_init_lc_time_1                  0x0800022f   Thumb Code     0  libinit2.o(.ARM.Collect$$libinit$$0000001B)
    __rt_lib_init_preinit_1                  0x0800022f   Thumb Code     0  libinit2.o(.ARM.Collect$$libinit$$00000006)
    __rt_lib_init_rand_1                     0x0800022f   Thumb Code     0  libinit2.o(.ARM.Collect$$libinit$$00000010)
    __rt_lib_init_relocate_pie_1             0x0800022f   Thumb Code     0  libinit2.o(.ARM.Collect$$libinit$$00000004)
    __rt_lib_init_signal_1                   0x0800022f   Thumb Code     0  libinit2.o(.ARM.Collect$$libinit$$0000001F)
    __rt_lib_init_stdio_1                    0x0800022f   Thumb Code     0  libinit2.o(.ARM.Collect$$libinit$$00000027)
    __rt_lib_init_user_alloc_1               0x0800022f   Thumb Code     0  libinit2.o(.ARM.Collect$$libinit$$0000000E)
    __rt_lib_init_cpp_1                      0x08000233   Thumb Code     0  libinit2.o(.ARM.Collect$$libinit$$00000034)
    __rt_lib_init_return                     0x08000233   Thumb Code     0  libinit2.o(.ARM.Collect$$libinit$$00000035)
    __rt_lib_shutdown                        0x08000235   Thumb Code     0  libshutdown.o(.ARM.Collect$$libshutdown$$00000000)
    __rt_lib_shutdown_cpp_1                  0x08000237   Thumb Code     0  libshutdown2.o(.ARM.Collect$$libshutdown$$00000002)
    __rt_lib_shutdown_fp_trap_1              0x08000237   Thumb Code     0  libshutdown2.o(.ARM.Collect$$libshutdown$$00000007)
    __rt_lib_shutdown_heap_1                 0x08000237   Thumb Code     0  libshutdown2.o(.ARM.Collect$$libshutdown$$0000000F)
    __rt_lib_shutdown_return                 0x08000237   Thumb Code     0  libshutdown2.o(.ARM.Collect$$libshutdown$$00000010)
    __rt_lib_shutdown_signal_1               0x08000237   Thumb Code     0  libshutdown2.o(.ARM.Collect$$libshutdown$$0000000A)
    __rt_lib_shutdown_stdio_1                0x08000237   Thumb Code     0  libshutdown2.o(.ARM.Collect$$libshutdown$$00000004)
    __rt_lib_shutdown_user_alloc_1           0x08000237   Thumb Code     0  libshutdown2.o(.ARM.Collect$$libshutdown$$0000000C)
    __rt_entry                               0x08000239   Thumb Code     0  __rtentry.o(.ARM.Collect$$rtentry$$00000000)
    __rt_entry_presh_1                       0x08000239   Thumb Code     0  __rtentry2.o(.ARM.Collect$$rtentry$$00000002)
    __rt_entry_sh                            0x08000239   Thumb Code     0  __rtentry4.o(.ARM.Collect$$rtentry$$00000004)
    __rt_entry_li                            0x0800023f   Thumb Code     0  __rtentry2.o(.ARM.Collect$$rtentry$$0000000A)
    __rt_entry_postsh_1                      0x0800023f   Thumb Code     0  __rtentry2.o(.ARM.Collect$$rtentry$$00000009)
    __rt_entry_main                          0x08000243   Thumb Code     0  __rtentry2.o(.ARM.Collect$$rtentry$$0000000D)
    __rt_entry_postli_1                      0x08000243   Thumb Code     0  __rtentry2.o(.ARM.Collect$$rtentry$$0000000C)
    __rt_exit                                0x0800024b   Thumb Code     0  rtexit.o(.ARM.Collect$$rtexit$$00000000)
    __rt_exit_ls                             0x0800024d   Thumb Code     0  rtexit2.o(.ARM.Collect$$rtexit$$00000003)
    __rt_exit_prels_1                        0x0800024d   Thumb Code     0  rtexit2.o(.ARM.Collect$$rtexit$$00000002)
    __rt_exit_exit                           0x08000251   Thumb Code     0  rtexit2.o(.ARM.Collect$$rtexit$$00000004)
    Reset_Handler                            0x08000259   Thumb Code     8  startup_stm32f407xx.o(.text)
    ADC_IRQHandler                           0x08000273   Thumb Code     0  startup_stm32f407xx.o(.text)
    CAN1_SCE_IRQHandler                      0x08000273   Thumb Code     0  startup_stm32f407xx.o(.text)
    CAN1_TX_IRQHandler                       0x08000273   Thumb Code     0  startup_stm32f407xx.o(.text)
    CAN2_SCE_IRQHandler                      0x08000273   Thumb Code     0  startup_stm32f407xx.o(.text)
    CAN2_TX_IRQHandler                       0x08000273   Thumb Code     0  startup_stm32f407xx.o(.text)
    DCMI_IRQHandler                          0x08000273   Thumb Code     0  startup_stm32f407xx.o(.text)
    DMA1_Stream0_IRQHandler                  0x08000273   Thumb Code     0  startup_stm32f407xx.o(.text)
    DMA1_Stream2_IRQHandler                  0x08000273   Thumb Code     0  startup_stm32f407xx.o(.text)
    DMA1_Stream3_IRQHandler                  0x08000273   Thumb Code     0  startup_stm32f407xx.o(.text)
    DMA1_Stream4_IRQHandler                  0x08000273   Thumb Code     0  startup_stm32f407xx.o(.text)
    DMA1_Stream5_IRQHandler                  0x08000273   Thumb Code     0  startup_stm32f407xx.o(.text)
    DMA1_Stream6_IRQHandler                  0x08000273   Thumb Code     0  startup_stm32f407xx.o(.text)
    DMA1_Stream7_IRQHandler                  0x08000273   Thumb Code     0  startup_stm32f407xx.o(.text)
    DMA2_Stream0_IRQHandler                  0x08000273   Thumb Code     0  startup_stm32f407xx.o(.text)
    DMA2_Stream2_IRQHandler                  0x08000273   Thumb Code     0  startup_stm32f407xx.o(.text)
    DMA2_Stream3_IRQHandler                  0x08000273   Thumb Code     0  startup_stm32f407xx.o(.text)
    DMA2_Stream4_IRQHandler                  0x08000273   Thumb Code     0  startup_stm32f407xx.o(.text)
    DMA2_Stream5_IRQHandler                  0x08000273   Thumb Code     0  startup_stm32f407xx.o(.text)
    DMA2_Stream7_IRQHandler                  0x08000273   Thumb Code     0  startup_stm32f407xx.o(.text)
    ETH_IRQHandler                           0x08000273   Thumb Code     0  startup_stm32f407xx.o(.text)
    ETH_WKUP_IRQHandler                      0x08000273   Thumb Code     0  startup_stm32f407xx.o(.text)
    EXTI0_IRQHandler                         0x08000273   Thumb Code     0  startup_stm32f407xx.o(.text)
    EXTI15_10_IRQHandler                     0x08000273   Thumb Code     0  startup_stm32f407xx.o(.text)
    EXTI1_IRQHandler                         0x08000273   Thumb Code     0  startup_stm32f407xx.o(.text)
    EXTI2_IRQHandler                         0x08000273   Thumb Code     0  startup_stm32f407xx.o(.text)
    EXTI3_IRQHandler                         0x08000273   Thumb Code     0  startup_stm32f407xx.o(.text)
    EXTI4_IRQHandler                         0x08000273   Thumb Code     0  startup_stm32f407xx.o(.text)
    EXTI9_5_IRQHandler                       0x08000273   Thumb Code     0  startup_stm32f407xx.o(.text)
    FLASH_IRQHandler                         0x08000273   Thumb Code     0  startup_stm32f407xx.o(.text)
    FMC_IRQHandler                           0x08000273   Thumb Code     0  startup_stm32f407xx.o(.text)
    FPU_IRQHandler                           0x08000273   Thumb Code     0  startup_stm32f407xx.o(.text)
    HASH_RNG_IRQHandler                      0x08000273   Thumb Code     0  startup_stm32f407xx.o(.text)
    I2C1_ER_IRQHandler                       0x08000273   Thumb Code     0  startup_stm32f407xx.o(.text)
    I2C1_EV_IRQHandler                       0x08000273   Thumb Code     0  startup_stm32f407xx.o(.text)
    I2C2_ER_IRQHandler                       0x08000273   Thumb Code     0  startup_stm32f407xx.o(.text)
    I2C2_EV_IRQHandler                       0x08000273   Thumb Code     0  startup_stm32f407xx.o(.text)
    I2C3_ER_IRQHandler                       0x08000273   Thumb Code     0  startup_stm32f407xx.o(.text)
    I2C3_EV_IRQHandler                       0x08000273   Thumb Code     0  startup_stm32f407xx.o(.text)
    OTG_FS_IRQHandler                        0x08000273   Thumb Code     0  startup_stm32f407xx.o(.text)
    OTG_FS_WKUP_IRQHandler                   0x08000273   Thumb Code     0  startup_stm32f407xx.o(.text)
    OTG_HS_EP1_IN_IRQHandler                 0x08000273   Thumb Code     0  startup_stm32f407xx.o(.text)
    OTG_HS_EP1_OUT_IRQHandler                0x08000273   Thumb Code     0  startup_stm32f407xx.o(.text)
    OTG_HS_IRQHandler                        0x08000273   Thumb Code     0  startup_stm32f407xx.o(.text)
    OTG_HS_WKUP_IRQHandler                   0x08000273   Thumb Code     0  startup_stm32f407xx.o(.text)
    PVD_IRQHandler                           0x08000273   Thumb Code     0  startup_stm32f407xx.o(.text)
    RTC_Alarm_IRQHandler                     0x08000273   Thumb Code     0  startup_stm32f407xx.o(.text)
    RTC_WKUP_IRQHandler                      0x08000273   Thumb Code     0  startup_stm32f407xx.o(.text)
    SDIO_IRQHandler                          0x08000273   Thumb Code     0  startup_stm32f407xx.o(.text)
    SPI1_IRQHandler                          0x08000273   Thumb Code     0  startup_stm32f407xx.o(.text)
    SPI2_IRQHandler                          0x08000273   Thumb Code     0  startup_stm32f407xx.o(.text)
    SPI3_IRQHandler                          0x08000273   Thumb Code     0  startup_stm32f407xx.o(.text)
    TAMP_STAMP_IRQHandler                    0x08000273   Thumb Code     0  startup_stm32f407xx.o(.text)
    TIM1_BRK_TIM9_IRQHandler                 0x08000273   Thumb Code     0  startup_stm32f407xx.o(.text)
    TIM1_CC_IRQHandler                       0x08000273   Thumb Code     0  startup_stm32f407xx.o(.text)
    TIM1_TRG_COM_TIM11_IRQHandler            0x08000273   Thumb Code     0  startup_stm32f407xx.o(.text)
    TIM2_IRQHandler                          0x08000273   Thumb Code     0  startup_stm32f407xx.o(.text)
    TIM3_IRQHandler                          0x08000273   Thumb Code     0  startup_stm32f407xx.o(.text)
    TIM5_IRQHandler                          0x08000273   Thumb Code     0  startup_stm32f407xx.o(.text)
    TIM6_DAC_IRQHandler                      0x08000273   Thumb Code     0  startup_stm32f407xx.o(.text)
    TIM7_IRQHandler                          0x08000273   Thumb Code     0  startup_stm32f407xx.o(.text)
    TIM8_BRK_TIM12_IRQHandler                0x08000273   Thumb Code     0  startup_stm32f407xx.o(.text)
    TIM8_CC_IRQHandler                       0x08000273   Thumb Code     0  startup_stm32f407xx.o(.text)
    TIM8_TRG_COM_TIM14_IRQHandler            0x08000273   Thumb Code     0  startup_stm32f407xx.o(.text)
    TIM8_UP_TIM13_IRQHandler                 0x08000273   Thumb Code     0  startup_stm32f407xx.o(.text)
    UART4_IRQHandler                         0x08000273   Thumb Code     0  startup_stm32f407xx.o(.text)
    UART5_IRQHandler                         0x08000273   Thumb Code     0  startup_stm32f407xx.o(.text)
    USART1_IRQHandler                        0x08000273   Thumb Code     0  startup_stm32f407xx.o(.text)
    USART2_IRQHandler                        0x08000273   Thumb Code     0  startup_stm32f407xx.o(.text)
    WWDG_IRQHandler                          0x08000273   Thumb Code     0  startup_stm32f407xx.o(.text)
    __user_initial_stackheap                 0x08000275   Thumb Code     0  startup_stm32f407xx.o(.text)
    __aeabi_uldivmod                         0x08000299   Thumb Code     0  lludivv7m.o(.text)
    _ll_udiv                                 0x08000299   Thumb Code   240  lludivv7m.o(.text)
    __aeabi_memclr4                          0x08000389   Thumb Code     0  rt_memclr_w.o(.text)
    __aeabi_memclr8                          0x08000389   Thumb Code     0  rt_memclr_w.o(.text)
    __rt_memclr_w                            0x08000389   Thumb Code     0  rt_memclr_w.o(.text)
    _memset_w                                0x0800038d   Thumb Code    74  rt_memclr_w.o(.text)
    __use_two_region_memory                  0x080003d7   Thumb Code     2  heapauxi.o(.text)
    __rt_heap_escrow                         0x080003d9   Thumb Code     2  heapauxi.o(.text)
    __rt_heap_expand                         0x080003db   Thumb Code     2  heapauxi.o(.text)
    __cpp_initialize__aeabi_                 0x080003dd   Thumb Code    36  init_aeabi.o(.text)
    __read_errno                             0x08000409   Thumb Code    10  _rserrno.o(.text)
    __set_errno                              0x08000413   Thumb Code    12  _rserrno.o(.text)
    __user_libspace                          0x08000421   Thumb Code     8  libspace.o(.text)
    __user_perproc_libspace                  0x08000421   Thumb Code     0  libspace.o(.text)
    __user_perthread_libspace                0x08000421   Thumb Code     0  libspace.o(.text)
    __aeabi_errno_addr                       0x08000429   Thumb Code     8  rt_errno_addr_intlibspace.o(.text)
    __errno$intlibspace                      0x08000429   Thumb Code     0  rt_errno_addr_intlibspace.o(.text)
    __rt_errno_addr$intlibspace              0x08000429   Thumb Code     0  rt_errno_addr_intlibspace.o(.text)
    __I$use$semihosting                      0x08000431   Thumb Code     0  use_no_semi.o(.text)
    __use_no_semihosting_swi                 0x08000431   Thumb Code     2  use_no_semi.o(.text)
    __semihosting_library_function           0x08000433   Thumb Code     0  indicate_semi.o(.text)
    __user_setup_stackheap                   0x08000433   Thumb Code    74  sys_stackheap_outer.o(.text)
    exit                                     0x0800047d   Thumb Code    18  exit.o(.text)
    _sys_exit                                0x08000491   Thumb Code     8  sys_exit.o(.text)
    BusFault_Handler                         0x0800049d   Thumb Code     2  stm32f4xx_it.o(.text.BusFault_Handler)
    CAN1_RX0_IRQHandler                      0x080004a1   Thumb Code    12  stm32f4xx_it.o(.text.CAN1_RX0_IRQHandler)
    CAN1_RX1_IRQHandler                      0x080004ad   Thumb Code    12  stm32f4xx_it.o(.text.CAN1_RX1_IRQHandler)
    CAN2_RX0_IRQHandler                      0x080004b9   Thumb Code    12  stm32f4xx_it.o(.text.CAN2_RX0_IRQHandler)
    CAN2_RX1_IRQHandler                      0x080004c5   Thumb Code    12  stm32f4xx_it.o(.text.CAN2_RX1_IRQHandler)
    DMA1_Stream1_IRQHandler                  0x080004d1   Thumb Code    12  stm32f4xx_it.o(.text.DMA1_Stream1_IRQHandler)
    DMA2_Stream1_IRQHandler                  0x080004dd   Thumb Code    12  stm32f4xx_it.o(.text.DMA2_Stream1_IRQHandler)
    DMA2_Stream6_IRQHandler                  0x080004e9   Thumb Code    12  stm32f4xx_it.o(.text.DMA2_Stream6_IRQHandler)
    DebugMon_Handler                         0x080004f5   Thumb Code     2  stm32f4xx_it.o(.text.DebugMon_Handler)
    Error_Handler                            0x080004f9   Thumb Code     6  main.o(.text.Error_Handler)
    HAL_CAN_ActivateNotification             0x08000501   Thumb Code    38  stm32f4xx_hal_can.o(.text.HAL_CAN_ActivateNotification)
    HAL_CAN_AddTxMessage                     0x08000529   Thumb Code   148  stm32f4xx_hal_can.o(.text.HAL_CAN_AddTxMessage)
    HAL_CAN_ConfigFilter                     0x080005bd   Thumb Code   222  stm32f4xx_hal_can.o(.text.HAL_CAN_ConfigFilter)
    HAL_CAN_ErrorCallback                    0x0800069d   Thumb Code     2  stm32f4xx_hal_can.o(.text.HAL_CAN_ErrorCallback)
    HAL_CAN_GetRxMessage                     0x080006a1   Thumb Code   284  stm32f4xx_hal_can.o(.text.HAL_CAN_GetRxMessage)
    HAL_CAN_IRQHandler                       0x080007bd   Thumb Code   578  stm32f4xx_hal_can.o(.text.HAL_CAN_IRQHandler)
    HAL_CAN_Init                             0x08000a01   Thumb Code   244  stm32f4xx_hal_can.o(.text.HAL_CAN_Init)
    HAL_CAN_MspInit                          0x08000af5   Thumb Code   306  can.o(.text.HAL_CAN_MspInit)
    HAL_CAN_RxFifo0FullCallback              0x08000c29   Thumb Code     2  stm32f4xx_hal_can.o(.text.HAL_CAN_RxFifo0FullCallback)
    HAL_CAN_RxFifo0MsgPendingCallback        0x08000c2d   Thumb Code    78  drv_can.o(.text.HAL_CAN_RxFifo0MsgPendingCallback)
    HAL_CAN_RxFifo1FullCallback              0x08000c7d   Thumb Code     2  stm32f4xx_hal_can.o(.text.HAL_CAN_RxFifo1FullCallback)
    HAL_CAN_RxFifo1MsgPendingCallback        0x08000c81   Thumb Code    78  drv_can.o(.text.HAL_CAN_RxFifo1MsgPendingCallback)
    HAL_CAN_SleepCallback                    0x08000cd1   Thumb Code     2  stm32f4xx_hal_can.o(.text.HAL_CAN_SleepCallback)
    HAL_CAN_Start                            0x08000cd5   Thumb Code    90  stm32f4xx_hal_can.o(.text.HAL_CAN_Start)
    HAL_CAN_TxMailbox0AbortCallback          0x08000d31   Thumb Code     2  stm32f4xx_hal_can.o(.text.HAL_CAN_TxMailbox0AbortCallback)
    HAL_CAN_TxMailbox0CompleteCallback       0x08000d35   Thumb Code     2  stm32f4xx_hal_can.o(.text.HAL_CAN_TxMailbox0CompleteCallback)
    HAL_CAN_TxMailbox1AbortCallback          0x08000d39   Thumb Code     2  stm32f4xx_hal_can.o(.text.HAL_CAN_TxMailbox1AbortCallback)
    HAL_CAN_TxMailbox1CompleteCallback       0x08000d3d   Thumb Code     2  stm32f4xx_hal_can.o(.text.HAL_CAN_TxMailbox1CompleteCallback)
    HAL_CAN_TxMailbox2AbortCallback          0x08000d41   Thumb Code     2  stm32f4xx_hal_can.o(.text.HAL_CAN_TxMailbox2AbortCallback)
    HAL_CAN_TxMailbox2CompleteCallback       0x08000d45   Thumb Code     2  stm32f4xx_hal_can.o(.text.HAL_CAN_TxMailbox2CompleteCallback)
    HAL_CAN_WakeUpFromRxMsgCallback          0x08000d49   Thumb Code     2  stm32f4xx_hal_can.o(.text.HAL_CAN_WakeUpFromRxMsgCallback)
    HAL_DMA_Abort                            0x08000d4d   Thumb Code   128  stm32f4xx_hal_dma.o(.text.HAL_DMA_Abort)
    HAL_DMA_Abort_IT                         0x08000dcd   Thumb Code    36  stm32f4xx_hal_dma.o(.text.HAL_DMA_Abort_IT)
    HAL_DMA_IRQHandler                       0x08000df1   Thumb Code   392  stm32f4xx_hal_dma.o(.text.HAL_DMA_IRQHandler)
    HAL_DMA_Init                             0x08000f79   Thumb Code   318  stm32f4xx_hal_dma.o(.text.HAL_DMA_Init)
    HAL_DMA_Start_IT                         0x080010b9   Thumb Code   160  stm32f4xx_hal_dma.o(.text.HAL_DMA_Start_IT)
    HAL_GPIO_Init                            0x08001159   Thumb Code   404  stm32f4xx_hal_gpio.o(.text.HAL_GPIO_Init)
    HAL_GetTick                              0x080012ed   Thumb Code    12  stm32f4xx_hal.o(.text.HAL_GetTick)
    HAL_IncTick                              0x080012f9   Thumb Code    26  stm32f4xx_hal.o(.text.HAL_IncTick)
    HAL_Init                                 0x08001315   Thumb Code    54  stm32f4xx_hal.o(.text.HAL_Init)
    HAL_InitTick                             0x0800134d   Thumb Code    80  stm32f4xx_hal.o(.text.HAL_InitTick)
    HAL_MspInit                              0x0800139d   Thumb Code    76  stm32f4xx_hal_msp.o(.text.HAL_MspInit)
    HAL_NVIC_EnableIRQ                       0x080013e9   Thumb Code    34  stm32f4xx_hal_cortex.o(.text.HAL_NVIC_EnableIRQ)
    HAL_NVIC_SetPriority                     0x0800140d   Thumb Code    86  stm32f4xx_hal_cortex.o(.text.HAL_NVIC_SetPriority)
    HAL_NVIC_SetPriorityGrouping             0x08001465   Thumb Code    32  stm32f4xx_hal_cortex.o(.text.HAL_NVIC_SetPriorityGrouping)
    HAL_RCC_ClockConfig                      0x08001485   Thumb Code   352  stm32f4xx_hal_rcc.o(.text.HAL_RCC_ClockConfig)
    HAL_RCC_GetPCLK1Freq                     0x080015e5   Thumb Code    38  stm32f4xx_hal_rcc.o(.text.HAL_RCC_GetPCLK1Freq)
    HAL_RCC_GetPCLK2Freq                     0x0800160d   Thumb Code    38  stm32f4xx_hal_rcc.o(.text.HAL_RCC_GetPCLK2Freq)
    HAL_RCC_GetSysClockFreq                  0x08001635   Thumb Code   106  stm32f4xx_hal_rcc.o(.text.HAL_RCC_GetSysClockFreq)
    HAL_RCC_OscConfig                        0x080016a1   Thumb Code   860  stm32f4xx_hal_rcc.o(.text.HAL_RCC_OscConfig)
    HAL_SYSTICK_Config                       0x080019fd   Thumb Code    44  stm32f4xx_hal_cortex.o(.text.HAL_SYSTICK_Config)
    HAL_TIMEx_BreakCallback                  0x08001a29   Thumb Code     2  stm32f4xx_hal_tim_ex.o(.text.HAL_TIMEx_BreakCallback)
    HAL_TIMEx_CommutCallback                 0x08001a2d   Thumb Code     2  stm32f4xx_hal_tim_ex.o(.text.HAL_TIMEx_CommutCallback)
    HAL_TIMEx_MasterConfigSynchronization    0x08001a31   Thumb Code   188  stm32f4xx_hal_tim_ex.o(.text.HAL_TIMEx_MasterConfigSynchronization)
    HAL_TIM_Base_Init                        0x08001aed   Thumb Code    90  stm32f4xx_hal_tim.o(.text.HAL_TIM_Base_Init)
    HAL_TIM_Base_MspInit                     0x08001b49   Thumb Code   120  tim.o(.text.HAL_TIM_Base_MspInit)
    HAL_TIM_Base_Start_IT                    0x08001bc1   Thumb Code   168  stm32f4xx_hal_tim.o(.text.HAL_TIM_Base_Start_IT)
    HAL_TIM_ConfigClockSource                0x08001c69   Thumb Code   416  stm32f4xx_hal_tim.o(.text.HAL_TIM_ConfigClockSource)
    HAL_TIM_IC_CaptureCallback               0x08001e09   Thumb Code     2  stm32f4xx_hal_tim.o(.text.HAL_TIM_IC_CaptureCallback)
    HAL_TIM_IRQHandler                       0x08001e0d   Thumb Code   330  stm32f4xx_hal_tim.o(.text.HAL_TIM_IRQHandler)
    HAL_TIM_OC_DelayElapsedCallback          0x08001f59   Thumb Code     2  stm32f4xx_hal_tim.o(.text.HAL_TIM_OC_DelayElapsedCallback)
    HAL_TIM_PWM_PulseFinishedCallback        0x08001f5d   Thumb Code     2  stm32f4xx_hal_tim.o(.text.HAL_TIM_PWM_PulseFinishedCallback)
    HAL_TIM_PeriodElapsedCallback            0x08001f61   Thumb Code   280  drv_tim.o(.text.HAL_TIM_PeriodElapsedCallback)
    HAL_TIM_TriggerCallback                  0x08002079   Thumb Code     2  stm32f4xx_hal_tim.o(.text.HAL_TIM_TriggerCallback)
    HAL_UARTEx_ReceiveToIdle_DMA             0x0800207d   Thumb Code   252  stm32f4xx_hal_uart.o(.text.HAL_UARTEx_ReceiveToIdle_DMA)
    HAL_UARTEx_RxEventCallback               0x08002179   Thumb Code   184  drv_uart.o(.text.HAL_UARTEx_RxEventCallback)
    HAL_UART_ErrorCallback                   0x08002231   Thumb Code     2  stm32f4xx_hal_uart.o(.text.HAL_UART_ErrorCallback)
    HAL_UART_IRQHandler                      0x08002235   Thumb Code   770  stm32f4xx_hal_uart.o(.text.HAL_UART_IRQHandler)
    HAL_UART_Init                            0x08002539   Thumb Code    96  stm32f4xx_hal_uart.o(.text.HAL_UART_Init)
    HAL_UART_MspInit                         0x08002599   Thumb Code   434  usart.o(.text.HAL_UART_MspInit)
    HAL_UART_RxCpltCallback                  0x0800274d   Thumb Code     2  stm32f4xx_hal_uart.o(.text.HAL_UART_RxCpltCallback)
    HAL_UART_RxHalfCpltCallback              0x08002751   Thumb Code     2  stm32f4xx_hal_uart.o(.text.HAL_UART_RxHalfCpltCallback)
    HAL_UART_TxCpltCallback                  0x08002755   Thumb Code     2  stm32f4xx_hal_uart.o(.text.HAL_UART_TxCpltCallback)
    HardFault_Handler                        0x08002759   Thumb Code     2  stm32f4xx_it.o(.text.HardFault_Handler)
    MX_CAN1_Init                             0x0800275d   Thumb Code    72  can.o(.text.MX_CAN1_Init)
    MX_CAN2_Init                             0x080027a5   Thumb Code    72  can.o(.text.MX_CAN2_Init)
    MX_DMA_Init                              0x080027ed   Thumb Code   108  dma.o(.text.MX_DMA_Init)
    MX_GPIO_Init                             0x08002859   Thumb Code   136  gpio.o(.text.MX_GPIO_Init)
    MX_TIM1_Init                             0x080028e1   Thumb Code   130  tim.o(.text.MX_TIM1_Init)
    MX_TIM4_Init                             0x08002965   Thumb Code   126  tim.o(.text.MX_TIM4_Init)
    MX_USART3_UART_Init                      0x080029e5   Thumb Code    72  usart.o(.text.MX_USART3_UART_Init)
    MX_USART6_UART_Init                      0x08002a2d   Thumb Code    60  usart.o(.text.MX_USART6_UART_Init)
    MemManage_Handler                        0x08002a69   Thumb Code     2  stm32f4xx_it.o(.text.MemManage_Handler)
    NMI_Handler                              0x08002a6d   Thumb Code     2  stm32f4xx_it.o(.text.NMI_Handler)
    PendSV_Handler                           0x08002a71   Thumb Code     2  stm32f4xx_it.o(.text.PendSV_Handler)
    RCC_IRQHandler                           0x08002a75   Thumb Code     2  stm32f4xx_it.o(.text.RCC_IRQHandler)
    SVC_Handler                              0x08002a79   Thumb Code     2  stm32f4xx_it.o(.text.SVC_Handler)
    SysTick_Handler                          0x08002a7d   Thumb Code     4  stm32f4xx_it.o(.text.SysTick_Handler)
    SystemClock_Config                       0x08002a81   Thumb Code   166  main.o(.text.SystemClock_Config)
    SystemInit                               0x08002b29   Thumb Code    18  system_stm32f4xx.o(.text.SystemInit)
    TIM1_UP_TIM10_IRQHandler                 0x08002b3d   Thumb Code    12  stm32f4xx_it.o(.text.TIM1_UP_TIM10_IRQHandler)
    TIM4_IRQHandler                          0x08002b49   Thumb Code    12  stm32f4xx_it.o(.text.TIM4_IRQHandler)
    TIM_Base_SetConfig                       0x08002b55   Thumb Code   308  stm32f4xx_hal_tim.o(.text.TIM_Base_SetConfig)
    Task_Init                                0x08002c89   Thumb Code   140  tsk_config_and_callback.o(.text.Task_Init)
    USART3_IRQHandler                        0x08003001   Thumb Code    12  stm32f4xx_it.o(.text.USART3_IRQHandler)
    USART6_IRQHandler                        0x0800300d   Thumb Code    12  stm32f4xx_it.o(.text.USART6_IRQHandler)
    UsageFault_Handler                       0x08003019   Thumb Code     2  stm32f4xx_it.o(.text.UsageFault_Handler)
    Task_1ms_Callback()                      0x08003029   Thumb Code    66  tsk_config_and_callback.o(.text._Z17Task_1ms_Callbackv)
    Task_2ms_Callback()                      0x0800306d   Thumb Code     2  tsk_config_and_callback.o(.text._Z17Task_2ms_Callbackv)
    DR16_UART3_Callback(unsigned char*, unsigned short) 0x08003071   Thumb Code    28  tsk_config_and_callback.o(.text._Z19DR16_UART3_CallbackPht)
    Math_Endian_Reverse_16(void*, void*)     0x0800308d   Thumb Code    10  drv_math.o(.text._Z22Math_Endian_Reverse_16PvS_)
    Chassis_Device_CAN1_Callback(Struct_CAN_Rx_Buffer*) 0x08003099   Thumb Code    28  tsk_config_and_callback.o(.text._Z28Chassis_Device_CAN1_CallbackP20Struct_CAN_Rx_Buffer)
    Chassis_Device_CAN2_Callback(Struct_CAN_Rx_Buffer*) 0x080030c5   Thumb Code   100  tsk_config_and_callback.o(.text._Z28Chassis_Device_CAN2_CallbackP20Struct_CAN_Rx_Buffer)
    TIM_CAN_PeriodElapsedCallback()          0x08003129   Thumb Code    84  drv_can.o(.text._Z29TIM_CAN_PeriodElapsedCallbackv)
    CAN_Init(CAN_HandleTypeDef*, void (*)(Struct_CAN_Rx_Buffer*)) 0x0800317d   Thumb Code   236  drv_can.o(.text._Z8CAN_InitP17CAN_HandleTypeDefPFvP20Struct_CAN_Rx_BufferE)
    TIM_Init(TIM_HandleTypeDef*, void (*)()) 0x08003269   Thumb Code   326  drv_tim.o(.text._Z8TIM_InitP17TIM_HandleTypeDefPFvvE)
    UART_Init(__UART_HandleTypeDef*, void (*)(unsigned char*, unsigned short), unsigned short) 0x080033b1   Thumb Code   170  drv_uart.o(.text._Z9UART_InitP20__UART_HandleTypeDefPFvPhtEt)
    Class_DR16::Data_Process()               0x0800345d   Thumb Code   520  dvc_dr16.o(.text._ZN10Class_DR1612Data_ProcessEv)
    Class_DR16::UART_RxCpltCallback(unsigned char*) 0x08003669   Thumb Code    42  dvc_dr16.o(.text._ZN10Class_DR1619UART_RxCpltCallbackEPh)
    Class_DR16::TIM1msMod50_Alive_PeriodElapsedCallback() 0x08003695   Thumb Code    18  dvc_dr16.o(.text._ZN10Class_DR1639TIM1msMod50_Alive_PeriodElapsedCallbackEv)
    Class_DR16::Init(__UART_HandleTypeDef*)  0x080036a9   Thumb Code   150  dvc_dr16.o(.text._ZN10Class_DR164InitEP20__UART_HandleTypeDef)
    Class_Lift::StateMachine()               0x08003741   Thumb Code   336  crt_lift.o(.text._ZN10Class_Lift12StateMachineEv)
    Class_Lift::Init()                       0x08003891   Thumb Code   484  crt_lift.o(.text._ZN10Class_Lift4InitEv)
    Class_Slope::TIM_Calculate_PeriodElapsedCallback() 0x08003a89   Thumb Code   250  alg_slope.o(.text._ZN11Class_Slope35TIM_Calculate_PeriodElapsedCallbackEv)
    Class_Slope::Init(float, float, Enum_Slope_First) 0x08003b85   Thumb Code    12  alg_slope.o(.text._ZN11Class_Slope4InitEff16Enum_Slope_First)
    Class_Chariot::Control_Chassis()         0x08003b91   Thumb Code   488  ita_robot.o(.text._ZN13Class_Chariot15Control_ChassisEv)
    Class_Chariot::TIM_Control_Callback()    0x08003d7d   Thumb Code   170  ita_robot.o(.text._ZN13Class_Chariot20TIM_Control_CallbackEv)
    Class_Chariot::TIM_Calculate_PeriodElapsedCallback() 0x08003e29   Thumb Code    24  ita_robot.o(.text._ZN13Class_Chariot35TIM_Calculate_PeriodElapsedCallbackEv)
    Class_Chariot::TIM1msMod50_Alive_PeriodElapsedCallback() 0x08003e41   Thumb Code     4  ita_robot.o(.text._ZN13Class_Chariot39TIM1msMod50_Alive_PeriodElapsedCallbackEv)
    Class_Chariot::TIM_Unline_Protect_PeriodElapsedCallback() 0x08003e45   Thumb Code    16  ita_robot.o(.text._ZN13Class_Chariot40TIM_Unline_Protect_PeriodElapsedCallbackEv)
    Class_Chariot::Init(float)               0x08003e55   Thumb Code   120  ita_robot.o(.text._ZN13Class_Chariot4InitEf)
    Class_Chariot::Class_Chariot__sub_object() 0x08003ed9   Thumb Code   848  tsk_config_and_callback.o(.text._ZN13Class_ChariotC2Ev)
    Class_Omni_Chassis::Self_Resolution()    0x08004229   Thumb Code   184  crt_chassis.o(.text._ZN18Class_Omni_Chassis15Self_ResolutionEv)
    Class_Omni_Chassis::Kinematics_Inverse_Resolution() 0x08004301   Thumb Code   528  crt_chassis.o(.text._ZN18Class_Omni_Chassis29Kinematics_Inverse_ResolutionEv)
    Class_Omni_Chassis::TIM_Calculate_PeriodElapsedCallback(Enum_Sprint_Status) 0x08004521   Thumb Code    78  crt_chassis.o(.text._ZN18Class_Omni_Chassis35TIM_Calculate_PeriodElapsedCallbackE18Enum_Sprint_Status)
    Class_Omni_Chassis::Init(float, float, float) 0x08004571   Thumb Code   468  crt_chassis.o(.text._ZN18Class_Omni_Chassis4InitEfff)
    Class_Motor_DJI_C610::Data_Process()     0x08004769   Thumb Code   236  dvc_motor_dji.o(.text._ZN20Class_Motor_DJI_C61012Data_ProcessEv)
    Class_Motor_DJI_C610::CAN_RxCpltCallback(unsigned char*) 0x08004861   Thumb Code    14  dvc_motor_dji.o(.text._ZN20Class_Motor_DJI_C61018CAN_RxCpltCallbackEPh)
    Class_Motor_DJI_C610::Init(CAN_HandleTypeDef*, Enum_Motor_DJI_ID, Enum_Motor_DJI_Control_Method, float, float) 0x08004871   Thumb Code   152  dvc_motor_dji.o(.text._ZN20Class_Motor_DJI_C6104InitEP17CAN_HandleTypeDef17Enum_Motor_DJI_ID29Enum_Motor_DJI_Control_Methodff)
    Class_Motor_DJI_C620::Data_Process()     0x08004909   Thumb Code   292  dvc_motor_dji.o(.text._ZN20Class_Motor_DJI_C62012Data_ProcessEv)
    Class_Motor_DJI_C620::CAN_RxCpltCallback(unsigned char*) 0x08004a39   Thumb Code    14  dvc_motor_dji.o(.text._ZN20Class_Motor_DJI_C62018CAN_RxCpltCallbackEPh)
    Class_Motor_DJI_C620::TIM_Calculate_PeriodElapsedCallback() 0x08004a49   Thumb Code   204  dvc_motor_dji.o(.text._ZN20Class_Motor_DJI_C62035TIM_Calculate_PeriodElapsedCallbackEv)
    Class_Motor_DJI_C620::Init(CAN_HandleTypeDef*, Enum_Motor_DJI_ID, Enum_Motor_DJI_Control_Method, float, Enum_Motor_DJI_Power_Limit_Status, float) 0x08004b19   Thumb Code   160  dvc_motor_dji.o(.text._ZN20Class_Motor_DJI_C6204InitEP17CAN_HandleTypeDef17Enum_Motor_DJI_ID29Enum_Motor_DJI_Control_Methodf33Enum_Motor_DJI_Power_Limit_Statusf)
    Class_PID::TIM_Adjust_PeriodElapsedCallback() 0x08004bb9   Thumb Code   452  alg_pid.o(.text._ZN9Class_PID32TIM_Adjust_PeriodElapsedCallbackEv)
    Class_PID::Init(float, float, float, float, float, float, float, float, float, float, float, Enum_PID_D_First) 0x08004d81   Thumb Code    16  alg_pid.o(.text._ZN9Class_PID4InitEfffffffffff16Enum_PID_D_First)
    main                                     0x08004d91   Thumb Code    46  main.o(.text.main)
    __hardfp_sqrtf                           0x08004dbf   Thumb Code    58  sqrtf.o(i.__hardfp_sqrtf)
    __aeabi_d2f                              0x08004df9   Thumb Code     0  d2f.o(x$fpl$d2f)
    _d2f                                     0x08004df9   Thumb Code    98  d2f.o(x$fpl$d2f)
    __aeabi_dadd                             0x08004e5d   Thumb Code     0  daddsub_clz.o(x$fpl$dadd)
    _dadd                                    0x08004e5d   Thumb Code   332  daddsub_clz.o(x$fpl$dadd)
    __aeabi_ddiv                             0x08004fad   Thumb Code     0  ddiv.o(x$fpl$ddiv)
    _ddiv                                    0x08004fad   Thumb Code   560  ddiv.o(x$fpl$ddiv)
    __aeabi_dmul                             0x08005265   Thumb Code     0  dmul.o(x$fpl$dmul)
    _dmul                                    0x08005265   Thumb Code   332  dmul.o(x$fpl$dmul)
    __fpl_dnaninf                            0x080053b9   Thumb Code   156  dnaninf.o(x$fpl$dnaninf)
    __fpl_dretinf                            0x08005455   Thumb Code    12  dretinf.o(x$fpl$dretinf)
    __aeabi_dsub                             0x08005461   Thumb Code     0  daddsub_clz.o(x$fpl$dsub)
    _dsub                                    0x08005461   Thumb Code   472  daddsub_clz.o(x$fpl$dsub)
    __aeabi_f2d                              0x0800563d   Thumb Code     0  f2d.o(x$fpl$f2d)
    _f2d                                     0x0800563d   Thumb Code    86  f2d.o(x$fpl$f2d)
    __fpl_fnaninf                            0x08005693   Thumb Code   140  fnaninf.o(x$fpl$fnaninf)
    _fp_init                                 0x0800571f   Thumb Code    26  fpinit.o(x$fpl$fpinit)
    __fplib_config_fpu_vfp                   0x08005737   Thumb Code     0  fpinit.o(x$fpl$fpinit)
    __fplib_config_pureend_doubles           0x08005737   Thumb Code     0  fpinit.o(x$fpl$fpinit)
    __fpl_fretinf                            0x08005739   Thumb Code    10  fretinf.o(x$fpl$fretinf)
    __I$use$fp                               0x08005742   Number         0  usenofp.o(x$fpl$usenofp)
    AHBPrescTable                            0x08005794   Data          16  system_stm32f4xx.o(.rodata.AHBPrescTable)
    APBPrescTable                            0x080057a4   Data           8  system_stm32f4xx.o(.rodata.APBPrescTable)
    Region$$Table$$Base                      0x080057b4   Number         0  anon$$obj.o(Region$$Table)
    Region$$Table$$Limit                     0x080057d4   Number         0  anon$$obj.o(Region$$Table)
    SHT$$INIT_ARRAY$$Base                    0x080057d4   Number         0  tsk_config_and_callback.o(.init_array)
    SHT$$INIT_ARRAY$$Limit                   0x080057d8   Number         0  init_aeabi.o(.init_array)
    SystemCoreClock                          0x20000000   Data           4  system_stm32f4xx.o(.data.SystemCoreClock)
    uwTickFreq                               0x20000004   Data           1  stm32f4xx_hal.o(.data.uwTickFreq)
    uwTickPrio                               0x20000008   Data           4  stm32f4xx_hal.o(.data.uwTickPrio)
    __libspace_start                         0x20000010   Data          96  libspace.o(.bss)
    CAN1_0x1ff_Tx_Data                       0x20000070   Data           8  drv_can.o(.bss.CAN1_0x1ff_Tx_Data)
    __temporary_stack_top$libspace           0x20000070   Data           0  libspace.o(.bss)
    CAN1_0x200_Tx_Data                       0x20000078   Data           8  drv_can.o(.bss.CAN1_0x200_Tx_Data)
    CAN1_0x2ff_Tx_Data                       0x20000080   Data           8  drv_can.o(.bss.CAN1_0x2ff_Tx_Data)
    CAN1_Manage_Object                       0x20000088   Data          44  drv_can.o(.bss.CAN1_Manage_Object)
    CAN2_0x1ff_Tx_Data                       0x200000b4   Data           8  drv_can.o(.bss.CAN2_0x1ff_Tx_Data)
    CAN2_0x200_Tx_Data                       0x200000bc   Data           8  drv_can.o(.bss.CAN2_0x200_Tx_Data)
    CAN2_0x2ff_Tx_Data                       0x200000c4   Data           8  drv_can.o(.bss.CAN2_0x2ff_Tx_Data)
    CAN2_Manage_Object                       0x200000cc   Data          44  drv_can.o(.bss.CAN2_Manage_Object)
    TIM12_Manage_Object                      0x200000fc   Data           8  drv_tim.o(.bss.TIM12_Manage_Object)
    TIM13_Manage_Object                      0x20000104   Data           8  drv_tim.o(.bss.TIM13_Manage_Object)
    TIM14_Manage_Object                      0x2000010c   Data           8  drv_tim.o(.bss.TIM14_Manage_Object)
    TIM1_Manage_Object                       0x20000114   Data           8  drv_tim.o(.bss.TIM1_Manage_Object)
    TIM2_Manage_Object                       0x2000011c   Data           8  drv_tim.o(.bss.TIM2_Manage_Object)
    TIM3_Manage_Object                       0x20000124   Data           8  drv_tim.o(.bss.TIM3_Manage_Object)
    TIM4_Manage_Object                       0x2000012c   Data           8  drv_tim.o(.bss.TIM4_Manage_Object)
    TIM5_Manage_Object                       0x20000134   Data           8  drv_tim.o(.bss.TIM5_Manage_Object)
    TIM6_Manage_Object                       0x2000013c   Data           8  drv_tim.o(.bss.TIM6_Manage_Object)
    TIM7_Manage_Object                       0x20000144   Data           8  drv_tim.o(.bss.TIM7_Manage_Object)
    TIM8_Manage_Object                       0x2000014c   Data           8  drv_tim.o(.bss.TIM8_Manage_Object)
    UART1_Manage_Object                      0x20000154   Data         524  drv_uart.o(.bss.UART1_Manage_Object)
    UART2_Manage_Object                      0x20000360   Data         524  drv_uart.o(.bss.UART2_Manage_Object)
    UART3_Manage_Object                      0x2000056c   Data         524  drv_uart.o(.bss.UART3_Manage_Object)
    UART4_Manage_Object                      0x20000778   Data         524  drv_uart.o(.bss.UART4_Manage_Object)
    UART5_Manage_Object                      0x20000984   Data         524  drv_uart.o(.bss.UART5_Manage_Object)
    UART6_Manage_Object                      0x20000b90   Data         524  drv_uart.o(.bss.UART6_Manage_Object)
    chariot                                  0x20000da0   Data        2940  tsk_config_and_callback.o(.bss.chariot)
    hcan1                                    0x2000191c   Data          40  can.o(.bss.hcan1)
    hcan2                                    0x20001944   Data          40  can.o(.bss.hcan2)
    hdma_usart3_rx                           0x2000196c   Data          96  usart.o(.bss.hdma_usart3_rx)
    hdma_usart6_rx                           0x200019cc   Data          96  usart.o(.bss.hdma_usart6_rx)
    hdma_usart6_tx                           0x20001a2c   Data          96  usart.o(.bss.hdma_usart6_tx)
    htim1                                    0x20001a8c   Data          72  tim.o(.bss.htim1)
    htim4                                    0x20001ad4   Data          72  tim.o(.bss.htim4)
    huart3                                   0x20001b1c   Data          72  usart.o(.bss.huart3)
    huart6                                   0x20001b64   Data          72  usart.o(.bss.huart6)
    mod50                                    0x20001bac   Data           2  tsk_config_and_callback.o(.bss.mod50)
    uwTick                                   0x20001bb0   Data           4  stm32f4xx_hal.o(.bss.uwTick)



==============================================================================

Memory Map of the image

  Image Entry point : 0x08000189

  Load Region LR_IROM1 (Base: 0x08000000, Size: 0x000057e8, Max: 0x00080000, ABSOLUTE)

    Execution Region ER_IROM1 (Exec base: 0x08000000, Load base: 0x08000000, Size: 0x000057d8, Max: 0x00080000, ABSOLUTE)

    Exec Addr    Load Addr    Size         Type   Attr      Idx    E Section Name        Object

    0x08000000   0x08000000   0x00000188   Data   RO            3    RESET               startup_stm32f407xx.o
    0x08000188   0x08000188   0x00000008   Code   RO         1756  * !!!main             c_w.l(__main.o)
    0x08000190   0x08000190   0x0000005c   Code   RO         2113    !!!scatter          c_w.l(__scatter.o)
    0x080001ec   0x080001ec   0x0000001a   Code   RO         2117    !!handler_copy      c_w.l(__scatter_copy.o)
    0x08000206   0x08000206   0x00000002   PAD
    0x08000208   0x08000208   0x00000002   Code   RO         2114    !!handler_null      c_w.l(__scatter.o)
    0x0800020a   0x0800020a   0x00000002   PAD
    0x0800020c   0x0800020c   0x0000001c   Code   RO         2119    !!handler_zi        c_w.l(__scatter_zi.o)
    0x08000228   0x08000228   0x00000002   Code   RO         2048    .ARM.Collect$$libinit$$00000000  c_w.l(libinit.o)
    0x0800022a   0x0800022a   0x00000004   Code   RO         1862    .ARM.Collect$$libinit$$00000001  c_w.l(libinit2.o)
    0x0800022e   0x0800022e   0x00000000   Code   RO         1865    .ARM.Collect$$libinit$$00000004  c_w.l(libinit2.o)
    0x0800022e   0x0800022e   0x00000000   Code   RO         1867    .ARM.Collect$$libinit$$00000006  c_w.l(libinit2.o)
    0x0800022e   0x0800022e   0x00000000   Code   RO         1870    .ARM.Collect$$libinit$$0000000C  c_w.l(libinit2.o)
    0x0800022e   0x0800022e   0x00000000   Code   RO         1872    .ARM.Collect$$libinit$$0000000E  c_w.l(libinit2.o)
    0x0800022e   0x0800022e   0x00000000   Code   RO         1874    .ARM.Collect$$libinit$$00000010  c_w.l(libinit2.o)
    0x0800022e   0x0800022e   0x00000000   Code   RO         1877    .ARM.Collect$$libinit$$00000013  c_w.l(libinit2.o)
    0x0800022e   0x0800022e   0x00000000   Code   RO         1879    .ARM.Collect$$libinit$$00000015  c_w.l(libinit2.o)
    0x0800022e   0x0800022e   0x00000000   Code   RO         1881    .ARM.Collect$$libinit$$00000017  c_w.l(libinit2.o)
    0x0800022e   0x0800022e   0x00000000   Code   RO         1883    .ARM.Collect$$libinit$$00000019  c_w.l(libinit2.o)
    0x0800022e   0x0800022e   0x00000000   Code   RO         1885    .ARM.Collect$$libinit$$0000001B  c_w.l(libinit2.o)
    0x0800022e   0x0800022e   0x00000000   Code   RO         1887    .ARM.Collect$$libinit$$0000001D  c_w.l(libinit2.o)
    0x0800022e   0x0800022e   0x00000000   Code   RO         1889    .ARM.Collect$$libinit$$0000001F  c_w.l(libinit2.o)
    0x0800022e   0x0800022e   0x00000000   Code   RO         1891    .ARM.Collect$$libinit$$00000021  c_w.l(libinit2.o)
    0x0800022e   0x0800022e   0x00000000   Code   RO         1893    .ARM.Collect$$libinit$$00000023  c_w.l(libinit2.o)
    0x0800022e   0x0800022e   0x00000000   Code   RO         1895    .ARM.Collect$$libinit$$00000025  c_w.l(libinit2.o)
    0x0800022e   0x0800022e   0x00000000   Code   RO         1897    .ARM.Collect$$libinit$$00000027  c_w.l(libinit2.o)
    0x0800022e   0x0800022e   0x00000000   Code   RO         1901    .ARM.Collect$$libinit$$0000002E  c_w.l(libinit2.o)
    0x0800022e   0x0800022e   0x00000000   Code   RO         1903    .ARM.Collect$$libinit$$00000030  c_w.l(libinit2.o)
    0x0800022e   0x0800022e   0x00000000   Code   RO         1905    .ARM.Collect$$libinit$$00000032  c_w.l(libinit2.o)
    0x0800022e   0x0800022e   0x00000004   Code   RO         1906    .ARM.Collect$$libinit$$00000033  c_w.l(libinit2.o)
    0x08000232   0x08000232   0x00000000   Code   RO         1907    .ARM.Collect$$libinit$$00000034  c_w.l(libinit2.o)
    0x08000232   0x08000232   0x00000002   Code   RO         1908    .ARM.Collect$$libinit$$00000035  c_w.l(libinit2.o)
    0x08000234   0x08000234   0x00000002   Code   RO         2110    .ARM.Collect$$libshutdown$$00000000  c_w.l(libshutdown.o)
    0x08000236   0x08000236   0x00000000   Code   RO         2066    .ARM.Collect$$libshutdown$$00000002  c_w.l(libshutdown2.o)
    0x08000236   0x08000236   0x00000000   Code   RO         2068    .ARM.Collect$$libshutdown$$00000004  c_w.l(libshutdown2.o)
    0x08000236   0x08000236   0x00000000   Code   RO         2071    .ARM.Collect$$libshutdown$$00000007  c_w.l(libshutdown2.o)
    0x08000236   0x08000236   0x00000000   Code   RO         2074    .ARM.Collect$$libshutdown$$0000000A  c_w.l(libshutdown2.o)
    0x08000236   0x08000236   0x00000000   Code   RO         2076    .ARM.Collect$$libshutdown$$0000000C  c_w.l(libshutdown2.o)
    0x08000236   0x08000236   0x00000000   Code   RO         2079    .ARM.Collect$$libshutdown$$0000000F  c_w.l(libshutdown2.o)
    0x08000236   0x08000236   0x00000002   Code   RO         2080    .ARM.Collect$$libshutdown$$00000010  c_w.l(libshutdown2.o)
    0x08000238   0x08000238   0x00000000   Code   RO         1824    .ARM.Collect$$rtentry$$00000000  c_w.l(__rtentry.o)
    0x08000238   0x08000238   0x00000000   Code   RO         1972    .ARM.Collect$$rtentry$$00000002  c_w.l(__rtentry2.o)
    0x08000238   0x08000238   0x00000006   Code   RO         1984    .ARM.Collect$$rtentry$$00000004  c_w.l(__rtentry4.o)
    0x0800023e   0x0800023e   0x00000000   Code   RO         1974    .ARM.Collect$$rtentry$$00000009  c_w.l(__rtentry2.o)
    0x0800023e   0x0800023e   0x00000004   Code   RO         1975    .ARM.Collect$$rtentry$$0000000A  c_w.l(__rtentry2.o)
    0x08000242   0x08000242   0x00000000   Code   RO         1977    .ARM.Collect$$rtentry$$0000000C  c_w.l(__rtentry2.o)
    0x08000242   0x08000242   0x00000008   Code   RO         1978    .ARM.Collect$$rtentry$$0000000D  c_w.l(__rtentry2.o)
    0x0800024a   0x0800024a   0x00000002   Code   RO         2053    .ARM.Collect$$rtexit$$00000000  c_w.l(rtexit.o)
    0x0800024c   0x0800024c   0x00000000   Code   RO         2086    .ARM.Collect$$rtexit$$00000002  c_w.l(rtexit2.o)
    0x0800024c   0x0800024c   0x00000004   Code   RO         2087    .ARM.Collect$$rtexit$$00000003  c_w.l(rtexit2.o)
    0x08000250   0x08000250   0x00000006   Code   RO         2088    .ARM.Collect$$rtexit$$00000004  c_w.l(rtexit2.o)
    0x08000256   0x08000256   0x00000002   PAD
    0x08000258   0x08000258   0x00000040   Code   RO            4    .text               startup_stm32f407xx.o
    0x08000298   0x08000298   0x000000f0   Code   RO         1746    .text               c_w.l(lludivv7m.o)
    0x08000388   0x08000388   0x0000004e   Code   RO         1752    .text               c_w.l(rt_memclr_w.o)
    0x080003d6   0x080003d6   0x00000006   Code   RO         1754    .text               c_w.l(heapauxi.o)
    0x080003dc   0x080003dc   0x0000002c   Code   RO         1761    .text               c_w.l(init_aeabi.o)
    0x08000408   0x08000408   0x00000016   Code   RO         1858    .text               c_w.l(_rserrno.o)
    0x0800041e   0x0800041e   0x00000002   PAD
    0x08000420   0x08000420   0x00000008   Code   RO         1968    .text               c_w.l(libspace.o)
    0x08000428   0x08000428   0x00000008   Code   RO         1991    .text               c_w.l(rt_errno_addr_intlibspace.o)
    0x08000430   0x08000430   0x00000002   Code   RO         2020    .text               c_w.l(use_no_semi.o)
    0x08000432   0x08000432   0x00000000   Code   RO         2022    .text               c_w.l(indicate_semi.o)
    0x08000432   0x08000432   0x0000004a   Code   RO         2023    .text               c_w.l(sys_stackheap_outer.o)
    0x0800047c   0x0800047c   0x00000012   Code   RO         2029    .text               c_w.l(exit.o)
    0x0800048e   0x0800048e   0x00000002   PAD
    0x08000490   0x08000490   0x0000000c   Code   RO         2049    .text               c_w.l(sys_exit.o)
    0x0800049c   0x0800049c   0x00000002   Code   RO          106    .text.BusFault_Handler  stm32f4xx_it.o
    0x0800049e   0x0800049e   0x00000002   PAD
    0x080004a0   0x080004a0   0x0000000c   Code   RO          122    .text.CAN1_RX0_IRQHandler  stm32f4xx_it.o
    0x080004ac   0x080004ac   0x0000000c   Code   RO          124    .text.CAN1_RX1_IRQHandler  stm32f4xx_it.o
    0x080004b8   0x080004b8   0x0000000c   Code   RO          134    .text.CAN2_RX0_IRQHandler  stm32f4xx_it.o
    0x080004c4   0x080004c4   0x0000000c   Code   RO          136    .text.CAN2_RX1_IRQHandler  stm32f4xx_it.o
    0x080004d0   0x080004d0   0x0000000c   Code   RO          120    .text.DMA1_Stream1_IRQHandler  stm32f4xx_it.o
    0x080004dc   0x080004dc   0x0000000c   Code   RO          132    .text.DMA2_Stream1_IRQHandler  stm32f4xx_it.o
    0x080004e8   0x080004e8   0x0000000c   Code   RO          138    .text.DMA2_Stream6_IRQHandler  stm32f4xx_it.o
    0x080004f4   0x080004f4   0x00000002   Code   RO          112    .text.DebugMon_Handler  stm32f4xx_it.o
    0x080004f6   0x080004f6   0x00000002   PAD
    0x080004f8   0x080004f8   0x00000006   Code   RO           15    .text.Error_Handler  main.o
    0x080004fe   0x080004fe   0x00000002   PAD
    0x08000500   0x08000500   0x00000026   Code   RO          192    .text.HAL_CAN_ActivateNotification  stm32f4xx_hal_can.o
    0x08000526   0x08000526   0x00000002   PAD
    0x08000528   0x08000528   0x00000094   Code   RO          178    .text.HAL_CAN_AddTxMessage  stm32f4xx_hal_can.o
    0x080005bc   0x080005bc   0x000000de   Code   RO          168    .text.HAL_CAN_ConfigFilter  stm32f4xx_hal_can.o
    0x0800069a   0x0800069a   0x00000002   PAD
    0x0800069c   0x0800069c   0x00000002   Code   RO          222    .text.HAL_CAN_ErrorCallback  stm32f4xx_hal_can.o
    0x0800069e   0x0800069e   0x00000002   PAD
    0x080006a0   0x080006a0   0x0000011c   Code   RO          188    .text.HAL_CAN_GetRxMessage  stm32f4xx_hal_can.o
    0x080007bc   0x080007bc   0x00000242   Code   RO          196    .text.HAL_CAN_IRQHandler  stm32f4xx_hal_can.o
    0x080009fe   0x080009fe   0x00000002   PAD
    0x08000a00   0x08000a00   0x000000f4   Code   RO          158    .text.HAL_CAN_Init  stm32f4xx_hal_can.o
    0x08000af4   0x08000af4   0x00000132   Code   RO           37    .text.HAL_CAN_MspInit  can.o
    0x08000c26   0x08000c26   0x00000002   PAD
    0x08000c28   0x08000c28   0x00000002   Code   RO          210    .text.HAL_CAN_RxFifo0FullCallback  stm32f4xx_hal_can.o
    0x08000c2a   0x08000c2a   0x00000002   PAD
    0x08000c2c   0x08000c2c   0x0000004e   Code   RO         1273    .text.HAL_CAN_RxFifo0MsgPendingCallback  drv_can.o
    0x08000c7a   0x08000c7a   0x00000002   PAD
    0x08000c7c   0x08000c7c   0x00000002   Code   RO          214    .text.HAL_CAN_RxFifo1FullCallback  stm32f4xx_hal_can.o
    0x08000c7e   0x08000c7e   0x00000002   PAD
    0x08000c80   0x08000c80   0x0000004e   Code   RO         1275    .text.HAL_CAN_RxFifo1MsgPendingCallback  drv_can.o
    0x08000cce   0x08000cce   0x00000002   PAD
    0x08000cd0   0x08000cd0   0x00000002   Code   RO          218    .text.HAL_CAN_SleepCallback  stm32f4xx_hal_can.o
    0x08000cd2   0x08000cd2   0x00000002   PAD
    0x08000cd4   0x08000cd4   0x0000005a   Code   RO          170    .text.HAL_CAN_Start  stm32f4xx_hal_can.o
    0x08000d2e   0x08000d2e   0x00000002   PAD
    0x08000d30   0x08000d30   0x00000002   Code   RO          200    .text.HAL_CAN_TxMailbox0AbortCallback  stm32f4xx_hal_can.o
    0x08000d32   0x08000d32   0x00000002   PAD
    0x08000d34   0x08000d34   0x00000002   Code   RO          198    .text.HAL_CAN_TxMailbox0CompleteCallback  stm32f4xx_hal_can.o
    0x08000d36   0x08000d36   0x00000002   PAD
    0x08000d38   0x08000d38   0x00000002   Code   RO          204    .text.HAL_CAN_TxMailbox1AbortCallback  stm32f4xx_hal_can.o
    0x08000d3a   0x08000d3a   0x00000002   PAD
    0x08000d3c   0x08000d3c   0x00000002   Code   RO          202    .text.HAL_CAN_TxMailbox1CompleteCallback  stm32f4xx_hal_can.o
    0x08000d3e   0x08000d3e   0x00000002   PAD
    0x08000d40   0x08000d40   0x00000002   Code   RO          208    .text.HAL_CAN_TxMailbox2AbortCallback  stm32f4xx_hal_can.o
    0x08000d42   0x08000d42   0x00000002   PAD
    0x08000d44   0x08000d44   0x00000002   Code   RO          206    .text.HAL_CAN_TxMailbox2CompleteCallback  stm32f4xx_hal_can.o
    0x08000d46   0x08000d46   0x00000002   PAD
    0x08000d48   0x08000d48   0x00000002   Code   RO          220    .text.HAL_CAN_WakeUpFromRxMsgCallback  stm32f4xx_hal_can.o
    0x08000d4a   0x08000d4a   0x00000002   PAD
    0x08000d4c   0x08000d4c   0x00000080   Code   RO          394    .text.HAL_DMA_Abort  stm32f4xx_hal_dma.o
    0x08000dcc   0x08000dcc   0x00000024   Code   RO          396    .text.HAL_DMA_Abort_IT  stm32f4xx_hal_dma.o
    0x08000df0   0x08000df0   0x00000188   Code   RO          400    .text.HAL_DMA_IRQHandler  stm32f4xx_hal_dma.o
    0x08000f78   0x08000f78   0x0000013e   Code   RO          386    .text.HAL_DMA_Init  stm32f4xx_hal_dma.o
    0x080010b6   0x080010b6   0x00000002   PAD
    0x080010b8   0x080010b8   0x000000a0   Code   RO          392    .text.HAL_DMA_Start_IT  stm32f4xx_hal_dma.o
    0x08001158   0x08001158   0x00000194   Code   RO          348    .text.HAL_GPIO_Init  stm32f4xx_hal_gpio.o
    0x080012ec   0x080012ec   0x0000000c   Code   RO          545    .text.HAL_GetTick   stm32f4xx_hal.o
    0x080012f8   0x080012f8   0x0000001a   Code   RO          543    .text.HAL_IncTick   stm32f4xx_hal.o
    0x08001312   0x08001312   0x00000002   PAD
    0x08001314   0x08001314   0x00000036   Code   RO          533    .text.HAL_Init      stm32f4xx_hal.o
    0x0800134a   0x0800134a   0x00000002   PAD
    0x0800134c   0x0800134c   0x00000050   Code   RO          535    .text.HAL_InitTick  stm32f4xx_hal.o
    0x0800139c   0x0800139c   0x0000004c   Code   RO          149    .text.HAL_MspInit   stm32f4xx_hal_msp.o
    0x080013e8   0x080013e8   0x00000022   Code   RO          485    .text.HAL_NVIC_EnableIRQ  stm32f4xx_hal_cortex.o
    0x0800140a   0x0800140a   0x00000002   PAD
    0x0800140c   0x0800140c   0x00000056   Code   RO          483    .text.HAL_NVIC_SetPriority  stm32f4xx_hal_cortex.o
    0x08001462   0x08001462   0x00000002   PAD
    0x08001464   0x08001464   0x00000020   Code   RO          481    .text.HAL_NVIC_SetPriorityGrouping  stm32f4xx_hal_cortex.o
    0x08001484   0x08001484   0x00000160   Code   RO          242    .text.HAL_RCC_ClockConfig  stm32f4xx_hal_rcc.o
    0x080015e4   0x080015e4   0x00000026   Code   RO          254    .text.HAL_RCC_GetPCLK1Freq  stm32f4xx_hal_rcc.o
    0x0800160a   0x0800160a   0x00000002   PAD
    0x0800160c   0x0800160c   0x00000026   Code   RO          256    .text.HAL_RCC_GetPCLK2Freq  stm32f4xx_hal_rcc.o
    0x08001632   0x08001632   0x00000002   PAD
    0x08001634   0x08001634   0x0000006a   Code   RO          244    .text.HAL_RCC_GetSysClockFreq  stm32f4xx_hal_rcc.o
    0x0800169e   0x0800169e   0x00000002   PAD
    0x080016a0   0x080016a0   0x0000035c   Code   RO          240    .text.HAL_RCC_OscConfig  stm32f4xx_hal_rcc.o
    0x080019fc   0x080019fc   0x0000002c   Code   RO          493    .text.HAL_SYSTICK_Config  stm32f4xx_hal_cortex.o
    0x08001a28   0x08001a28   0x00000002   Code   RO          929    .text.HAL_TIMEx_BreakCallback  stm32f4xx_hal_tim_ex.o
    0x08001a2a   0x08001a2a   0x00000002   PAD
    0x08001a2c   0x08001a2c   0x00000002   Code   RO          925    .text.HAL_TIMEx_CommutCallback  stm32f4xx_hal_tim_ex.o
    0x08001a2e   0x08001a2e   0x00000002   PAD
    0x08001a30   0x08001a30   0x000000bc   Code   RO          919    .text.HAL_TIMEx_MasterConfigSynchronization  stm32f4xx_hal_tim_ex.o
    0x08001aec   0x08001aec   0x0000005a   Code   RO          624    .text.HAL_TIM_Base_Init  stm32f4xx_hal_tim.o
    0x08001b46   0x08001b46   0x00000002   PAD
    0x08001b48   0x08001b48   0x00000078   Code   RO           65    .text.HAL_TIM_Base_MspInit  tim.o
    0x08001bc0   0x08001bc0   0x000000a8   Code   RO          638    .text.HAL_TIM_Base_Start_IT  stm32f4xx_hal_tim.o
    0x08001c68   0x08001c68   0x000001a0   Code   RO          804    .text.HAL_TIM_ConfigClockSource  stm32f4xx_hal_tim.o
    0x08001e08   0x08001e08   0x00000002   Code   RO          760    .text.HAL_TIM_IC_CaptureCallback  stm32f4xx_hal_tim.o
    0x08001e0a   0x08001e0a   0x00000002   PAD
    0x08001e0c   0x08001e0c   0x0000014a   Code   RO          758    .text.HAL_TIM_IRQHandler  stm32f4xx_hal_tim.o
    0x08001f56   0x08001f56   0x00000002   PAD
    0x08001f58   0x08001f58   0x00000002   Code   RO          762    .text.HAL_TIM_OC_DelayElapsedCallback  stm32f4xx_hal_tim.o
    0x08001f5a   0x08001f5a   0x00000002   PAD
    0x08001f5c   0x08001f5c   0x00000002   Code   RO          764    .text.HAL_TIM_PWM_PulseFinishedCallback  stm32f4xx_hal_tim.o
    0x08001f5e   0x08001f5e   0x00000002   PAD
    0x08001f60   0x08001f60   0x00000118   Code   RO         1209    .text.HAL_TIM_PeriodElapsedCallback  drv_tim.o
    0x08002078   0x08002078   0x00000002   Code   RO          768    .text.HAL_TIM_TriggerCallback  stm32f4xx_hal_tim.o
    0x0800207a   0x0800207a   0x00000002   PAD
    0x0800207c   0x0800207c   0x000000fc   Code   RO          991    .text.HAL_UARTEx_ReceiveToIdle_DMA  stm32f4xx_hal_uart.o
    0x08002178   0x08002178   0x000000b8   Code   RO         1243    .text.HAL_UARTEx_RxEventCallback  drv_uart.o
    0x08002230   0x08002230   0x00000002   Code   RO         1027    .text.HAL_UART_ErrorCallback  stm32f4xx_hal_uart.o
    0x08002232   0x08002232   0x00000002   PAD
    0x08002234   0x08002234   0x00000302   Code   RO         1021    .text.HAL_UART_IRQHandler  stm32f4xx_hal_uart.o
    0x08002536   0x08002536   0x00000002   PAD
    0x08002538   0x08002538   0x00000060   Code   RO          943    .text.HAL_UART_Init  stm32f4xx_hal_uart.o
    0x08002598   0x08002598   0x000001b2   Code   RO           83    .text.HAL_UART_MspInit  usart.o
    0x0800274a   0x0800274a   0x00000002   PAD
    0x0800274c   0x0800274c   0x00000002   Code   RO         1035    .text.HAL_UART_RxCpltCallback  stm32f4xx_hal_uart.o
    0x0800274e   0x0800274e   0x00000002   PAD
    0x08002750   0x08002750   0x00000002   Code   RO         1037    .text.HAL_UART_RxHalfCpltCallback  stm32f4xx_hal_uart.o
    0x08002752   0x08002752   0x00000002   PAD
    0x08002754   0x08002754   0x00000002   Code   RO         1031    .text.HAL_UART_TxCpltCallback  stm32f4xx_hal_uart.o
    0x08002756   0x08002756   0x00000002   PAD
    0x08002758   0x08002758   0x00000002   Code   RO          102    .text.HardFault_Handler  stm32f4xx_it.o
    0x0800275a   0x0800275a   0x00000002   PAD
    0x0800275c   0x0800275c   0x00000048   Code   RO           33    .text.MX_CAN1_Init  can.o
    0x080027a4   0x080027a4   0x00000048   Code   RO           35    .text.MX_CAN2_Init  can.o
    0x080027ec   0x080027ec   0x0000006c   Code   RO           52    .text.MX_DMA_Init   dma.o
    0x08002858   0x08002858   0x00000088   Code   RO           25    .text.MX_GPIO_Init  gpio.o
    0x080028e0   0x080028e0   0x00000082   Code   RO           61    .text.MX_TIM1_Init  tim.o
    0x08002962   0x08002962   0x00000002   PAD
    0x08002964   0x08002964   0x0000007e   Code   RO           63    .text.MX_TIM4_Init  tim.o
    0x080029e2   0x080029e2   0x00000002   PAD
    0x080029e4   0x080029e4   0x00000048   Code   RO           79    .text.MX_USART3_UART_Init  usart.o
    0x08002a2c   0x08002a2c   0x0000003c   Code   RO           81    .text.MX_USART6_UART_Init  usart.o
    0x08002a68   0x08002a68   0x00000002   Code   RO          104    .text.MemManage_Handler  stm32f4xx_it.o
    0x08002a6a   0x08002a6a   0x00000002   PAD
    0x08002a6c   0x08002a6c   0x00000002   Code   RO          100    .text.NMI_Handler   stm32f4xx_it.o
    0x08002a6e   0x08002a6e   0x00000002   PAD
    0x08002a70   0x08002a70   0x00000002   Code   RO          114    .text.PendSV_Handler  stm32f4xx_it.o
    0x08002a72   0x08002a72   0x00000002   PAD
    0x08002a74   0x08002a74   0x00000002   Code   RO          118    .text.RCC_IRQHandler  stm32f4xx_it.o
    0x08002a76   0x08002a76   0x00000002   PAD
    0x08002a78   0x08002a78   0x00000002   Code   RO          110    .text.SVC_Handler   stm32f4xx_it.o
    0x08002a7a   0x08002a7a   0x00000002   PAD
    0x08002a7c   0x08002a7c   0x00000004   Code   RO          116    .text.SysTick_Handler  stm32f4xx_it.o
    0x08002a80   0x08002a80   0x000000a6   Code   RO           13    .text.SystemClock_Config  main.o
    0x08002b26   0x08002b26   0x00000002   PAD
    0x08002b28   0x08002b28   0x00000012   Code   RO         1065    .text.SystemInit    system_stm32f4xx.o
    0x08002b3a   0x08002b3a   0x00000002   PAD
    0x08002b3c   0x08002b3c   0x0000000c   Code   RO          126    .text.TIM1_UP_TIM10_IRQHandler  stm32f4xx_it.o
    0x08002b48   0x08002b48   0x0000000c   Code   RO          128    .text.TIM4_IRQHandler  stm32f4xx_it.o
    0x08002b54   0x08002b54   0x00000134   Code   RO          628    .text.TIM_Base_SetConfig  stm32f4xx_hal_tim.o
    0x08002c88   0x08002c88   0x00000090   Code   RO         1490    .text.Task_Init     tsk_config_and_callback.o
    0x08002d18   0x08002d18   0x0000000c   Code   RO         1025    .text.UART_DMAAbortOnError  stm32f4xx_hal_uart.o
    0x08002d24   0x08002d24   0x000000a2   Code   RO          975    .text.UART_DMAError  stm32f4xx_hal_uart.o
    0x08002dc6   0x08002dc6   0x00000002   PAD
    0x08002dc8   0x08002dc8   0x00000080   Code   RO         1053    .text.UART_DMAReceiveCplt  stm32f4xx_hal_uart.o
    0x08002e48   0x08002e48   0x00000018   Code   RO         1055    .text.UART_DMARxHalfCplt  stm32f4xx_hal_uart.o
    0x08002e60   0x08002e60   0x000000c0   Code   RO         1023    .text.UART_Receive_IT  stm32f4xx_hal_uart.o
    0x08002f20   0x08002f20   0x000000de   Code   RO          947    .text.UART_SetConfig  stm32f4xx_hal_uart.o
    0x08002ffe   0x08002ffe   0x00000002   PAD
    0x08003000   0x08003000   0x0000000c   Code   RO          130    .text.USART3_IRQHandler  stm32f4xx_it.o
    0x0800300c   0x0800300c   0x0000000c   Code   RO          140    .text.USART6_IRQHandler  stm32f4xx_it.o
    0x08003018   0x08003018   0x00000002   Code   RO          108    .text.UsageFault_Handler  stm32f4xx_it.o
    0x0800301a   0x0800301a   0x00000002   PAD
    0x0800301c   0x0800301c   0x0000000c   Code   RO         1492    .text._GLOBAL__sub_I_tsk_config_and_callback.cpp  tsk_config_and_callback.o
    0x08003028   0x08003028   0x00000042   Code   RO         1486    .text._Z17Task_1ms_Callbackv  tsk_config_and_callback.o
    0x0800306a   0x0800306a   0x00000002   PAD
    0x0800306c   0x0800306c   0x00000002   Code   RO         1488    .text._Z17Task_2ms_Callbackv  tsk_config_and_callback.o
    0x0800306e   0x0800306e   0x00000002   PAD
    0x08003070   0x08003070   0x0000001c   Code   RO         1484    .text._Z19DR16_UART3_CallbackPht  tsk_config_and_callback.o
    0x0800308c   0x0800308c   0x0000000a   Code   RO         1175    .text._Z22Math_Endian_Reverse_16PvS_  drv_math.o
    0x08003096   0x08003096   0x00000002   PAD
    0x08003098   0x08003098   0x0000002c   Code   RO         1480    .text._Z28Chassis_Device_CAN1_CallbackP20Struct_CAN_Rx_Buffer  tsk_config_and_callback.o
    0x080030c4   0x080030c4   0x00000064   Code   RO         1482    .text._Z28Chassis_Device_CAN2_CallbackP20Struct_CAN_Rx_Buffer  tsk_config_and_callback.o
    0x08003128   0x08003128   0x00000054   Code   RO         1277    .text._Z29TIM_CAN_PeriodElapsedCallbackv  drv_can.o
    0x0800317c   0x0800317c   0x000000ec   Code   RO         1265    .text._Z8CAN_InitP17CAN_HandleTypeDefPFvP20Struct_CAN_Rx_BufferE  drv_can.o
    0x08003268   0x08003268   0x00000146   Code   RO         1207    .text._Z8TIM_InitP17TIM_HandleTypeDefPFvvE  drv_tim.o
    0x080033ae   0x080033ae   0x00000002   PAD
    0x080033b0   0x080033b0   0x000000aa   Code   RO         1235    .text._Z9UART_InitP20__UART_HandleTypeDefPFvPhtEt  drv_uart.o
    0x0800345a   0x0800345a   0x00000002   PAD
    0x0800345c   0x0800345c   0x0000020c   Code   RO         1441    .text._ZN10Class_DR1612Data_ProcessEv  dvc_dr16.o
    0x08003668   0x08003668   0x0000002a   Code   RO         1443    .text._ZN10Class_DR1619UART_RxCpltCallbackEPh  dvc_dr16.o
    0x08003692   0x08003692   0x00000002   PAD
    0x08003694   0x08003694   0x00000012   Code   RO         1445    .text._ZN10Class_DR1639TIM1msMod50_Alive_PeriodElapsedCallbackEv  dvc_dr16.o
    0x080036a6   0x080036a6   0x00000002   PAD
    0x080036a8   0x080036a8   0x00000096   Code   RO         1435    .text._ZN10Class_DR164InitEP20__UART_HandleTypeDef  dvc_dr16.o
    0x0800373e   0x0800373e   0x00000002   PAD
    0x08003740   0x08003740   0x00000150   Code   RO         1163    .text._ZN10Class_Lift12StateMachineEv  crt_lift.o
    0x08003890   0x08003890   0x000001f8   Code   RO         1153    .text._ZN10Class_Lift4InitEv  crt_lift.o
    0x08003a88   0x08003a88   0x000000fa   Code   RO         1094    .text._ZN11Class_Slope35TIM_Calculate_PeriodElapsedCallbackEv  alg_slope.o
    0x08003b82   0x08003b82   0x00000002   PAD
    0x08003b84   0x08003b84   0x0000000c   Code   RO         1092    .text._ZN11Class_Slope4InitEff16Enum_Slope_First  alg_slope.o
    0x08003b90   0x08003b90   0x000001ec   Code   RO         1467    .text._ZN13Class_Chariot15Control_ChassisEv  ita_robot.o
    0x08003d7c   0x08003d7c   0x000000aa   Code   RO         1469    .text._ZN13Class_Chariot20TIM_Control_CallbackEv  ita_robot.o
    0x08003e26   0x08003e26   0x00000002   PAD
    0x08003e28   0x08003e28   0x00000018   Code   RO         1461    .text._ZN13Class_Chariot35TIM_Calculate_PeriodElapsedCallbackEv  ita_robot.o
    0x08003e40   0x08003e40   0x00000004   Code   RO         1457    .text._ZN13Class_Chariot39TIM1msMod50_Alive_PeriodElapsedCallbackEv  ita_robot.o
    0x08003e44   0x08003e44   0x00000010   Code   RO         1459    .text._ZN13Class_Chariot40TIM_Unline_Protect_PeriodElapsedCallbackEv  ita_robot.o
    0x08003e54   0x08003e54   0x00000084   Code   RO         1455    .text._ZN13Class_Chariot4InitEf  ita_robot.o
    0x08003ed8   0x08003ed8   0x00000350   Code   RO         1504    .text._ZN13Class_ChariotC2Ev  tsk_config_and_callback.o
    0x08004228   0x08004228   0x000000d8   Code   RO         1137    .text._ZN18Class_Omni_Chassis15Self_ResolutionEv  crt_chassis.o
    0x08004300   0x08004300   0x00000220   Code   RO         1135    .text._ZN18Class_Omni_Chassis29Kinematics_Inverse_ResolutionEv  crt_chassis.o
    0x08004520   0x08004520   0x0000004e   Code   RO         1139    .text._ZN18Class_Omni_Chassis35TIM_Calculate_PeriodElapsedCallbackE18Enum_Sprint_Status  crt_chassis.o
    0x0800456e   0x0800456e   0x00000002   PAD
    0x08004570   0x08004570   0x000001f8   Code   RO         1133    .text._ZN18Class_Omni_Chassis4InitEfff  crt_chassis.o
    0x08004768   0x08004768   0x000000f8   Code   RO         1330    .text._ZN20Class_Motor_DJI_C61012Data_ProcessEv  dvc_motor_dji.o
    0x08004860   0x08004860   0x0000000e   Code   RO         1328    .text._ZN20Class_Motor_DJI_C61018CAN_RxCpltCallbackEPh  dvc_motor_dji.o
    0x0800486e   0x0800486e   0x00000002   PAD
    0x08004870   0x08004870   0x00000098   Code   RO         1326    .text._ZN20Class_Motor_DJI_C6104InitEP17CAN_HandleTypeDef17Enum_Motor_DJI_ID29Enum_Motor_DJI_Control_Methodff  dvc_motor_dji.o
    0x08004908   0x08004908   0x00000130   Code   RO         1344    .text._ZN20Class_Motor_DJI_C62012Data_ProcessEv  dvc_motor_dji.o
    0x08004a38   0x08004a38   0x0000000e   Code   RO         1342    .text._ZN20Class_Motor_DJI_C62018CAN_RxCpltCallbackEPh  dvc_motor_dji.o
    0x08004a46   0x08004a46   0x00000002   PAD
    0x08004a48   0x08004a48   0x000000d0   Code   RO         1348    .text._ZN20Class_Motor_DJI_C62035TIM_Calculate_PeriodElapsedCallbackEv  dvc_motor_dji.o
    0x08004b18   0x08004b18   0x000000a0   Code   RO         1340    .text._ZN20Class_Motor_DJI_C6204InitEP17CAN_HandleTypeDef17Enum_Motor_DJI_ID29Enum_Motor_DJI_Control_Methodf33Enum_Motor_DJI_Power_Limit_Statusf  dvc_motor_dji.o
    0x08004bb8   0x08004bb8   0x000001c8   Code   RO         1082    .text._ZN9Class_PID32TIM_Adjust_PeriodElapsedCallbackEv  alg_pid.o
    0x08004d80   0x08004d80   0x00000010   Code   RO         1080    .text._ZN9Class_PID4InitEfffffffffff16Enum_PID_D_First  alg_pid.o
    0x08004d90   0x08004d90   0x0000002e   Code   RO           11    .text.main          main.o
    0x08004dbe   0x08004dbe   0x0000003a   Code   RO         1816    i.__hardfp_sqrtf    m_wm.l(sqrtf.o)
    0x08004df8   0x08004df8   0x00000062   Code   RO         1764    x$fpl$d2f           fz_wm.l(d2f.o)
    0x08004e5a   0x08004e5a   0x00000002   PAD
    0x08004e5c   0x08004e5c   0x00000150   Code   RO         1766    x$fpl$dadd          fz_wm.l(daddsub_clz.o)
    0x08004fac   0x08004fac   0x000002b8   Code   RO         1775    x$fpl$ddiv          fz_wm.l(ddiv.o)
    0x08005264   0x08005264   0x00000154   Code   RO         1784    x$fpl$dmul          fz_wm.l(dmul.o)
    0x080053b8   0x080053b8   0x0000009c   Code   RO         1921    x$fpl$dnaninf       fz_wm.l(dnaninf.o)
    0x08005454   0x08005454   0x0000000c   Code   RO         1923    x$fpl$dretinf       fz_wm.l(dretinf.o)
    0x08005460   0x08005460   0x000001dc   Code   RO         1768    x$fpl$dsub          fz_wm.l(daddsub_clz.o)
    0x0800563c   0x0800563c   0x00000056   Code   RO         1786    x$fpl$f2d           fz_wm.l(f2d.o)
    0x08005692   0x08005692   0x0000008c   Code   RO         1931    x$fpl$fnaninf       fz_wm.l(fnaninf.o)
    0x0800571e   0x0800571e   0x0000001a   Code   RO         2014    x$fpl$fpinit        fz_wm.l(fpinit.o)
    0x08005738   0x08005738   0x0000000a   Code   RO         1933    x$fpl$fretinf       fz_wm.l(fretinf.o)
    0x08005742   0x08005742   0x00000000   Code   RO         1935    x$fpl$usenofp       fz_wm.l(usenofp.o)
    0x08005742   0x08005742   0x00000002   PAD
    0x08005744   0x08005744   0x00000028   Data   RO         1358    .rodata..Lswitch.table._ZN20Class_Motor_DJI_C6204InitEP17CAN_HandleTypeDef17Enum_Motor_DJI_ID29Enum_Motor_DJI_Control_Methodf33Enum_Motor_DJI_Power_Limit_Statusf  dvc_motor_dji.o
    0x0800576c   0x0800576c   0x00000028   Data   RO         1359    .rodata..Lswitch.table._ZN20Class_Motor_DJI_C6204InitEP17CAN_HandleTypeDef17Enum_Motor_DJI_ID29Enum_Motor_DJI_Control_Methodf33Enum_Motor_DJI_Power_Limit_Statusf.2  dvc_motor_dji.o
    0x08005794   0x08005794   0x00000010   Data   RO         1070    .rodata.AHBPrescTable  system_stm32f4xx.o
    0x080057a4   0x080057a4   0x00000008   Data   RO         1071    .rodata.APBPrescTable  system_stm32f4xx.o
    0x080057ac   0x080057ac   0x00000008   Data   RO          410    .rodata.cst8        stm32f4xx_hal_dma.o
    0x080057b4   0x080057b4   0x00000020   Data   RO         2112    Region$$Table       anon$$obj.o
    0x080057d4   0x080057d4   0x00000004   Data   RO         1496    .init_array         tsk_config_and_callback.o
    0x080057d8   0x080057d4   0x00000000   Data   RO         1759    .init_array         c_w.l(init_aeabi.o)


    Execution Region RW_IRAM1 (Exec base: 0x20000000, Load base: 0x080057d8, Size: 0x000021b8, Max: 0x0001c000, ABSOLUTE)

    Exec Addr    Load Addr    Size         Type   Attr      Idx    E Section Name        Object

    0x20000000   0x080057d8   0x00000004   Data   RW         1069    .data.SystemCoreClock  system_stm32f4xx.o
    0x20000004   0x080057dc   0x00000001   Data   RW          588    .data.uwTickFreq    stm32f4xx_hal.o
    0x20000005   0x080057dd   0x00000003   PAD
    0x20000008   0x080057e0   0x00000004   Data   RW          587    .data.uwTickPrio    stm32f4xx_hal.o
    0x2000000c   0x080057e4   0x00000004   PAD
    0x20000010        -       0x00000060   Zero   RW         1969    .bss                c_w.l(libspace.o)
    0x20000070        -       0x00000008   Zero   RW         1282    .bss.CAN1_0x1ff_Tx_Data  drv_can.o
    0x20000078        -       0x00000008   Zero   RW         1283    .bss.CAN1_0x200_Tx_Data  drv_can.o
    0x20000080        -       0x00000008   Zero   RW         1285    .bss.CAN1_0x2ff_Tx_Data  drv_can.o
    0x20000088        -       0x0000002c   Zero   RW         1279    .bss.CAN1_Manage_Object  drv_can.o
    0x200000b4        -       0x00000008   Zero   RW         1289    .bss.CAN2_0x1ff_Tx_Data  drv_can.o
    0x200000bc        -       0x00000008   Zero   RW         1290    .bss.CAN2_0x200_Tx_Data  drv_can.o
    0x200000c4        -       0x00000008   Zero   RW         1292    .bss.CAN2_0x2ff_Tx_Data  drv_can.o
    0x200000cc        -       0x0000002c   Zero   RW         1280    .bss.CAN2_Manage_Object  drv_can.o
    0x200000f8        -       0x00000004   Zero   RW           43    .bss.HAL_RCC_CAN1_CLK_ENABLED  can.o
    0x200000fc        -       0x00000008   Zero   RW         1219    .bss.TIM12_Manage_Object  drv_tim.o
    0x20000104        -       0x00000008   Zero   RW         1220    .bss.TIM13_Manage_Object  drv_tim.o
    0x2000010c        -       0x00000008   Zero   RW         1221    .bss.TIM14_Manage_Object  drv_tim.o
    0x20000114        -       0x00000008   Zero   RW         1211    .bss.TIM1_Manage_Object  drv_tim.o
    0x2000011c        -       0x00000008   Zero   RW         1212    .bss.TIM2_Manage_Object  drv_tim.o
    0x20000124        -       0x00000008   Zero   RW         1213    .bss.TIM3_Manage_Object  drv_tim.o
    0x2000012c        -       0x00000008   Zero   RW         1214    .bss.TIM4_Manage_Object  drv_tim.o
    0x20000134        -       0x00000008   Zero   RW         1215    .bss.TIM5_Manage_Object  drv_tim.o
    0x2000013c        -       0x00000008   Zero   RW         1216    .bss.TIM6_Manage_Object  drv_tim.o
    0x20000144        -       0x00000008   Zero   RW         1217    .bss.TIM7_Manage_Object  drv_tim.o
    0x2000014c        -       0x00000008   Zero   RW         1218    .bss.TIM8_Manage_Object  drv_tim.o
    0x20000154        -       0x0000020c   Zero   RW         1245    .bss.UART1_Manage_Object  drv_uart.o
    0x20000360        -       0x0000020c   Zero   RW         1246    .bss.UART2_Manage_Object  drv_uart.o
    0x2000056c        -       0x0000020c   Zero   RW         1247    .bss.UART3_Manage_Object  drv_uart.o
    0x20000778        -       0x0000020c   Zero   RW         1248    .bss.UART4_Manage_Object  drv_uart.o
    0x20000984        -       0x0000020c   Zero   RW         1249    .bss.UART5_Manage_Object  drv_uart.o
    0x20000b90        -       0x0000020c   Zero   RW         1250    .bss.UART6_Manage_Object  drv_uart.o
    0x20000d9c        -       0x00000004   Zero   RW         1471    .bss._ZZN13Class_Chariot15Control_ChassisEvE13chassis_angle  ita_robot.o
    0x20000da0        -       0x00000b7c   Zero   RW         1494    .bss.chariot        tsk_config_and_callback.o
    0x2000191c        -       0x00000028   Zero   RW           41    .bss.hcan1          can.o
    0x20001944        -       0x00000028   Zero   RW           42    .bss.hcan2          can.o
    0x2000196c        -       0x00000060   Zero   RW           89    .bss.hdma_usart3_rx  usart.o
    0x200019cc        -       0x00000060   Zero   RW           90    .bss.hdma_usart6_rx  usart.o
    0x20001a2c        -       0x00000060   Zero   RW           91    .bss.hdma_usart6_tx  usart.o
    0x20001a8c        -       0x00000048   Zero   RW           69    .bss.htim1          tim.o
    0x20001ad4        -       0x00000048   Zero   RW           70    .bss.htim4          tim.o
    0x20001b1c        -       0x00000048   Zero   RW           87    .bss.huart3         usart.o
    0x20001b64        -       0x00000048   Zero   RW           88    .bss.huart6         usart.o
    0x20001bac        -       0x00000002   Zero   RW         1495    .bss.mod50          tsk_config_and_callback.o
    0x20001bae   0x080057e4   0x00000002   PAD
    0x20001bb0        -       0x00000004   Zero   RW          589    .bss.uwTick         stm32f4xx_hal.o
    0x20001bb4   0x080057e4   0x00000004   PAD
    0x20001bb8        -       0x00000200   Zero   RW            2    HEAP                startup_stm32f407xx.o
    0x20001db8        -       0x00000400   Zero   RW            1    STACK               startup_stm32f407xx.o


    Execution Region RW_IRAM2 (Exec base: 0x2001c000, Load base: 0x080057e8, Size: 0x00000000, Max: 0x00004000, ABSOLUTE)

    **** No section assigned to this execution region ****


==============================================================================

Image component sizes


      Code (inc. data)   RO Data    RW Data    ZI Data      Debug   Object Name

       472          4          0          0          0      18051   alg_pid.o
       262          0          0          0          0      15841   alg_slope.o
       450          0          0          0         84       6922   can.o
      1342         84          0          0          0      30308   crt_chassis.o
       840         20          0          0          0      30596   crt_lift.o
       108          0          0          0          0       3538   dma.o
       476          0          0          0        136       8897   drv_can.o
        10          0          0          0          0      18583   drv_math.o
       606          0          0          0         88       4726   drv_tim.o
       354          0          0          0       3144       7318   drv_uart.o
       734         36          0          0          0      12437   dvc_dr16.o
      1100         28         80          0          0      44175   dvc_motor_dji.o
       136          0          0          0          0       1568   gpio.o
       838         16          0          0          4      39425   ita_robot.o
       218          0          0          0          0       2959   main.o
        64         26        392          0       1536        860   startup_stm32f407xx.o
       172          0          0          5          4       7336   stm32f4xx_hal.o
      1626          6          0          0          0      13586   stm32f4xx_hal_can.o
       196          0          0          0          0      10758   stm32f4xx_hal_cortex.o
      1034          4          8          0          0       9777   stm32f4xx_hal_dma.o
       404          0          0          0          0       5140   stm32f4xx_hal_gpio.o
        76          0          0          0          0       3567   stm32f4xx_hal_msp.o
      1394          4          0          0          0       7458   stm32f4xx_hal_rcc.o
      1320          0          0          0          0      58016   stm32f4xx_hal_tim.o
       192          0          0          0          0      22281   stm32f4xx_hal_tim_ex.o
      1866          0          0          0          0      27694   stm32f4xx_hal_uart.o
       154          0          0          0          0       8380   stm32f4xx_it.o
        18          0         24          4          0       2742   system_stm32f4xx.o
       376          0          0          0        144       7541   tim.o
      1244         24          4          0       2942      39691   tsk_config_and_callback.o
       566          0          0          0        432       7467   usart.o

    ----------------------------------------------------------------------
     18786        252        540         12       8524     477638   Object Totals
         0          0         32          0          0          0   (incl. Generated)
       138          0          0          3         10          0   (incl. Padding)

    ----------------------------------------------------------------------

      Code (inc. data)   RO Data    RW Data    ZI Data      Debug   Library Member Name

         8          0          0          0          0         68   __main.o
         0          0          0          0          0          0   __rtentry.o
        12          0          0          0          0          0   __rtentry2.o
         6          0          0          0          0          0   __rtentry4.o
        94          8          0          0          0          0   __scatter.o
        26          0          0          0          0          0   __scatter_copy.o
        28          0          0          0          0          0   __scatter_zi.o
        22          0          0          0          0        100   _rserrno.o
        18          0          0          0          0         80   exit.o
         6          0          0          0          0        152   heapauxi.o
         0          0          0          0          0          0   indicate_semi.o
        44          8          0          0          0         80   init_aeabi.o
         2          0          0          0          0          0   libinit.o
        10          0          0          0          0          0   libinit2.o
         2          0          0          0          0          0   libshutdown.o
         2          0          0          0          0          0   libshutdown2.o
         8          4          0          0         96         68   libspace.o
       240          0          0          0          0        100   lludivv7m.o
         8          4          0          0          0         68   rt_errno_addr_intlibspace.o
        78          0          0          0          0         80   rt_memclr_w.o
         2          0          0          0          0          0   rtexit.o
        10          0          0          0          0          0   rtexit2.o
        12          4          0          0          0         68   sys_exit.o
        74          0          0          0          0         80   sys_stackheap_outer.o
         2          0          0          0          0         68   use_no_semi.o
        98          4          0          0          0        140   d2f.o
       812         16          0          0          0        392   daddsub_clz.o
       696        140          0          0          0        264   ddiv.o
       340         12          0          0          0        152   dmul.o
       156          4          0          0          0        140   dnaninf.o
        12          0          0          0          0        116   dretinf.o
        86          4          0          0          0        132   f2d.o
       140          4          0          0          0        132   fnaninf.o
        26          0          0          0          0        116   fpinit.o
        10          0          0          0          0        116   fretinf.o
         0          0          0          0          0          0   usenofp.o
        58          0          0          0          0        136   sqrtf.o

    ----------------------------------------------------------------------
      3162        212          0          0         96       2848   Library Totals
        14          0          0          0          0          0   (incl. Padding)

    ----------------------------------------------------------------------

      Code (inc. data)   RO Data    RW Data    ZI Data      Debug   Library Name

       714         28          0          0         96       1012   c_w.l
      2376        184          0          0          0       1700   fz_wm.l
        58          0          0          0          0        136   m_wm.l

    ----------------------------------------------------------------------
      3162        212          0          0         96       2848   Library Totals

    ----------------------------------------------------------------------

==============================================================================


      Code (inc. data)   RO Data    RW Data    ZI Data      Debug   

     21948        464        540         12       8620     478558   Grand Totals
     21948        464        540         12       8620     478558   ELF Image Totals
     21948        464        540         12          0          0   ROM Totals

==============================================================================

    Total RO  Size (Code + RO Data)                22488 (  21.96kB)
    Total RW  Size (RW Data + ZI Data)              8632 (   8.43kB)
    Total ROM Size (Code + RO Data + RW Data)      22500 (  21.97kB)

==============================================================================

