<html>
<body>
<pre>
<h1>µVision Build Log</h1>
<h2>Tool Versions:</h2>
IDE-Version: ¦ÌVision V5.43.1.0
Copyright (C) 2025 ARM Ltd and ARM Germany GmbH. All rights reserved.
License Information: c clover, c, LIC=65ISZ-JY4SI-BS8YX-HE94K-CNL0E-Y9AHT
 
Tool Versions:
Toolchain:       MDK-ARM Plus  Version: 5.43.0.0
Toolchain Path:  D:\clover\Work\Embedded\keil 5\ARM\ARMCLANG\Bin
C Compiler:      ArmClang.exe V6.24
Assembler:       Armasm.exe V6.24
Linker/Locator:  ArmLink.exe V6.24
Library Manager: ArmAr.exe V6.24
Hex Converter:   FromElf.exe V6.24
CPU DLL:         SARMCM3.DLL V5.43.0.0
Dialog DLL:      DCM.DLL V1.17.5.0
Target DLL:      Segger\JL2CM3.dll V2.99.45.0
Dialog DLL:      TCM.DLL V1.56.6.0
 
<h2>Project:</h2>
C:\Users\clover\Desktop\2026_2_3_temp\CAN_Demo(7)\CAN_Demo\MDK-ARM\CAN_Demo.uvprojx
Project File Date:  03/01/2026

<h2>Output:</h2>
*** Using Compiler 'V6.24', folder: 'D:\clover\Work\Embedded\keil 5\ARM\ARMCLANG\Bin'
Build target 'CAN_Demo'
compiling stm32f4xx_hal_flash_ramfunc.c...
compiling tim.c...
compiling stm32f4xx_hal.c...
compiling dma.c...
compiling gpio.c...
compiling stm32f4xx_hal_msp.c...
compiling stm32f4xx_hal_pwr_ex.c...
compiling stm32f4xx_hal_flash_ex.c...
compiling stm32f4xx_hal_exti.c...
compiling stm32f4xx_hal_can.c...
assembling startup_stm32f407xx.s...
compiling can.c...
compiling usart.c...
compiling main.c...
compiling stm32f4xx_hal_gpio.c...
compiling stm32f4xx_hal_pwr.c...
compiling stm32f4xx_it.c...
compiling stm32f4xx_hal_rcc_ex.c...
compiling system_stm32f4xx.c...
compiling stm32f4xx_hal_dma.c...
compiling stm32f4xx_hal_cortex.c...
compiling stm32f4xx_hal_dma_ex.c...
compiling stm32f4xx_hal_flash.c...
compiling stm32f4xx_hal_rcc.c...
compiling alg_pid.cpp...
compiling stm32f4xx_hal_tim_ex.c...
compiling alg_slope.cpp...
compiling stm32f4xx_hal_uart.c...
compiling drv_tim.cpp...
compiling drv_math.cpp...
compiling drv_uart.cpp...
compiling kalman_filter.cpp...
compiling drv_can.cpp...
compiling crt_lift.cpp...
../User_chariot/crt_chassis.cpp(71): warning: enumeration values 'Chassis_Control_Type_SPIN_Positive', 'Chassis_Control_Type_SPIN_Negative', and 'Chassis_Control_Type_Lift' not handled in switch [-Wswitch]
   71 |     switch (Chassis_Control_Type)
      |             ^~~~~~~~~~~~~~~~~~~~
1 warning generated.
compiling crt_chassis.cpp...
compiling dvc_cybergear.cpp...
compiling dvc_dr16.cpp...
compiling stm32f4xx_hal_tim.c...
compiling dvc_motor_mi.cpp...
compiling dvc_motor_dji.cpp...
compiling ita_robot.cpp...
compiling tsk_config_and_callback.cpp...
linking...
Program Size: Code=21948 RO-data=540 RW-data=12 ZI-data=8620  
FromELF: creating hex file...
"CAN_Demo\CAN_Demo.axf" - 0 Error(s), 1 Warning(s).

<h2>Software Packages used:</h2>

Package Vendor: ARM
                https://www.keil.com/pack/ARM.CMSIS.6.3.0.pack
                ARM::CMSIS@6.3.0
                CMSIS (Common Microcontroller Software Interface Standard)
   * Component: CORE Version: 6.2.0

Package Vendor: Keil
                https://www.keil.com/pack/Keil.STM32F4xx_DFP.3.1.1.pack
                Keil::STM32F4xx_DFP@3.1.1
                STMicroelectronics STM32F4 Series Device Support

<h2>Collection of Component include folders:</h2>
  ./RTE/_CAN_Demo
  D:/clover/Work/Embedded/keil 5/Packs/ARM/CMSIS/6.3.0/CMSIS/Core/Include

<h2>Collection of Component Files used:</h2>

   * Component: ARM::CMSIS:CORE@6.2.0
      Include file:  CMSIS/Core/Include/tz_context.h
Build Time Elapsed:  00:00:02
</pre>
</body>
</html>
